Archive member included to satisfy reference by file (symbol)

c:/progra~1/raspbe~1/picosd~1.1/gcc-ar~1/bin/../lib/gcc/arm-none-eabi/10.3.1/thumb/v6-m/nofp\libgcc.a(_dvmd_tls.o)
                              source/CMakeFiles/FreeRTOS-Template.dir/C_/Program_Files/Raspberry_Pi/Pico_SDK_v1.5.1/pico-sdk/src/rp2_common/pico_divider/divider.S.obj (__aeabi_idiv0)
c:/progra~1/raspbe~1/picosd~1.1/gcc-ar~1/bin/../lib/gcc/arm-none-eabi/10.3.1/../../../../arm-none-eabi/lib/thumb/v6-m/nofp\libg.a(lib_a-atoi.o)
                              source/CMakeFiles/FreeRTOS-Template.dir/C_/Program_Files/Raspberry_Pi/Pico_SDK_v1.5.1/pico-sdk/lib/lwip/src/core/netif.c.obj (atoi)
c:/progra~1/raspbe~1/picosd~1.1/gcc-ar~1/bin/../lib/gcc/arm-none-eabi/10.3.1/../../../../arm-none-eabi/lib/thumb/v6-m/nofp\libg.a(lib_a-calloc.o)
                              source/CMakeFiles/FreeRTOS-Template.dir/C_/Program_Files/Raspberry_Pi/Pico_SDK_v1.5.1/pico-sdk/src/rp2_common/pico_malloc/pico_malloc.c.obj (calloc)
c:/progra~1/raspbe~1/picosd~1.1/gcc-ar~1/bin/../lib/gcc/arm-none-eabi/10.3.1/../../../../arm-none-eabi/lib/thumb/v6-m/nofp\libg.a(lib_a-callocr.o)
                              c:/progra~1/raspbe~1/picosd~1.1/gcc-ar~1/bin/../lib/gcc/arm-none-eabi/10.3.1/../../../../arm-none-eabi/lib/thumb/v6-m/nofp\libg.a(lib_a-calloc.o) (_calloc_r)
c:/progra~1/raspbe~1/picosd~1.1/gcc-ar~1/bin/../lib/gcc/arm-none-eabi/10.3.1/../../../../arm-none-eabi/lib/thumb/v6-m/nofp\libg.a(lib_a-ctype_.o)
                              source/CMakeFiles/FreeRTOS-Template.dir/C_/Program_Files/Raspberry_Pi/Pico_SDK_v1.5.1/pico-sdk/lib/lwip/src/core/dns.c.obj (_ctype_)
c:/progra~1/raspbe~1/picosd~1.1/gcc-ar~1/bin/../lib/gcc/arm-none-eabi/10.3.1/../../../../arm-none-eabi/lib/thumb/v6-m/nofp\libg.a(lib_a-errno.o)
                              c:/progra~1/raspbe~1/picosd~1.1/gcc-ar~1/bin/../lib/gcc/arm-none-eabi/10.3.1/../../../../arm-none-eabi/lib/thumb/v6-m/nofp\libg.a(lib_a-callocr.o) (__errno)
c:/progra~1/raspbe~1/picosd~1.1/gcc-ar~1/bin/../lib/gcc/arm-none-eabi/10.3.1/../../../../arm-none-eabi/lib/thumb/v6-m/nofp\libg.a(lib_a-impure.o)
                              c:/progra~1/raspbe~1/picosd~1.1/gcc-ar~1/bin/../lib/gcc/arm-none-eabi/10.3.1/../../../../arm-none-eabi/lib/thumb/v6-m/nofp\libg.a(lib_a-calloc.o) (_impure_ptr)
c:/progra~1/raspbe~1/picosd~1.1/gcc-ar~1/bin/../lib/gcc/arm-none-eabi/10.3.1/../../../../arm-none-eabi/lib/thumb/v6-m/nofp\libg.a(lib_a-init.o)
                              c:/progra~1/raspbe~1/picosd~1.1/gcc-ar~1/bin/../lib/gcc/arm-none-eabi/10.3.1/../../../../arm-none-eabi/lib/thumb/v6-m/nofp/crt0.o (__libc_init_array)
c:/progra~1/raspbe~1/picosd~1.1/gcc-ar~1/bin/../lib/gcc/arm-none-eabi/10.3.1/../../../../arm-none-eabi/lib/thumb/v6-m/nofp\libg.a(lib_a-malloc.o)
                              source/CMakeFiles/FreeRTOS-Template.dir/C_/Program_Files/Raspberry_Pi/Pico_SDK_v1.5.1/pico-sdk/src/rp2_common/pico_malloc/pico_malloc.c.obj (malloc)
c:/progra~1/raspbe~1/picosd~1.1/gcc-ar~1/bin/../lib/gcc/arm-none-eabi/10.3.1/../../../../arm-none-eabi/lib/thumb/v6-m/nofp\libg.a(lib_a-mallocr.o)
                              c:/progra~1/raspbe~1/picosd~1.1/gcc-ar~1/bin/../lib/gcc/arm-none-eabi/10.3.1/../../../../arm-none-eabi/lib/thumb/v6-m/nofp\libg.a(lib_a-callocr.o) (_malloc_r)
c:/progra~1/raspbe~1/picosd~1.1/gcc-ar~1/bin/../lib/gcc/arm-none-eabi/10.3.1/../../../../arm-none-eabi/lib/thumb/v6-m/nofp\libg.a(lib_a-memcmp.o)
                              source/CMakeFiles/FreeRTOS-Template.dir/C_/Program_Files/Raspberry_Pi/Pico_SDK_v1.5.1/pico-sdk/lib/cyw43-driver/src/cyw43_ll.c.obj (memcmp)
c:/progra~1/raspbe~1/picosd~1.1/gcc-ar~1/bin/../lib/gcc/arm-none-eabi/10.3.1/../../../../arm-none-eabi/lib/thumb/v6-m/nofp\libg.a(lib_a-memmove.o)
                              source/CMakeFiles/FreeRTOS-Template.dir/server.c.obj (memmove)
c:/progra~1/raspbe~1/picosd~1.1/gcc-ar~1/bin/../lib/gcc/arm-none-eabi/10.3.1/../../../../arm-none-eabi/lib/thumb/v6-m/nofp\libg.a(lib_a-mlock.o)
                              c:/progra~1/raspbe~1/picosd~1.1/gcc-ar~1/bin/../lib/gcc/arm-none-eabi/10.3.1/../../../../arm-none-eabi/lib/thumb/v6-m/nofp\libg.a(lib_a-mallocr.o) (__malloc_lock)
c:/progra~1/raspbe~1/picosd~1.1/gcc-ar~1/bin/../lib/gcc/arm-none-eabi/10.3.1/../../../../arm-none-eabi/lib/thumb/v6-m/nofp\libg.a(lib_a-realloc.o)
                              source/CMakeFiles/FreeRTOS-Template.dir/C_/Program_Files/Raspberry_Pi/Pico_SDK_v1.5.1/pico-sdk/src/rp2_common/pico_malloc/pico_malloc.c.obj (realloc)
c:/progra~1/raspbe~1/picosd~1.1/gcc-ar~1/bin/../lib/gcc/arm-none-eabi/10.3.1/../../../../arm-none-eabi/lib/thumb/v6-m/nofp\libg.a(lib_a-reallocr.o)
                              c:/progra~1/raspbe~1/picosd~1.1/gcc-ar~1/bin/../lib/gcc/arm-none-eabi/10.3.1/../../../../arm-none-eabi/lib/thumb/v6-m/nofp\libg.a(lib_a-realloc.o) (_realloc_r)
c:/progra~1/raspbe~1/picosd~1.1/gcc-ar~1/bin/../lib/gcc/arm-none-eabi/10.3.1/../../../../arm-none-eabi/lib/thumb/v6-m/nofp\libg.a(lib_a-sbrkr.o)
[...]
Memory Configuration

Name             Origin             Length             Attributes
FLASH            0x10000000         0x00200000         xr
RAM              0x20000000         0x00040000         xrw
SCRATCH_X        0x20040000         0x00001000         xrw
SCRATCH_Y        0x20041000         0x00001000         xrw
*default*        0x00000000         0xffffffff

Linker script and memory map

LOAD c:/progra~1/raspbe~1/picosd~1.1/gcc-ar~1/bin/../lib/gcc/arm-none-eabi/10.3.1/thumb/v6-m/nofp/crti.o
LOAD c:/progra~1/raspbe~1/picosd~1.1/gcc-ar~1/bin/../lib/gcc/arm-none-eabi/10.3.1/thumb/v6-m/nofp/crtbegin.o
LOAD c:/progra~1/raspbe~1/picosd~1.1/gcc-ar~1/bin/../lib/gcc/arm-none-eabi/10.3.1/../../../../arm-none-eabi/lib/thumb/v6-m/nofp/crt0.o

.flash_begin    0x10000000        0x0
                0x10000000                __flash_binary_start = .

.boot2          0x10000000      0x100
                0x10000000                __boot2_start__ = .
 *(.boot2)
 .boot2         0x10000000      0x100 C:\Users\ashsy\AppData\Local\Temp\cc0vcZ0F.o
                0x10000100                __boot2_end__ = .
                0x00000001                ASSERT (((__boot2_end__ - __boot2_start__) == 0x100), ERROR: Pico second stage bootloader must be 256 bytes in size)

.text           0x10000100    0x17720
                0x10000100                __logical_binary_start = .
 *(.vectors)
 .vectors       0x10000100       0xd4 source/CMakeFiles/FreeRTOS-Template.dir/C_/Program_Files/Raspberry_Pi/Pico_SDK_v1.5.1/pico-sdk/src/rp2_common/pico_standard_link/crt0.S.obj
                0x10000100                __VECTOR_TABLE
                0x10000100                __vectors
                0x100001c0                isr_invalid
                0x100001c0                __default_isrs_start
                0x100001c2                isr_nmi
                0x100001c4                isr_hardfault
                0x100001c6                isr_svcall
                0x100001c8                isr_pendsv
                0x100001ca                isr_systick
                0x100001cc                isr_irq23
                0x100001cc                isr_irq18
                0x100001cc                isr_irq11
                0x100001cc                isr_irq28
                0x100001cc                isr_irq19
                0x100001cc                isr_irq0
                0x100001cc                isr_irq6
                0x100001cc                isr_irq5
                0x100001cc                isr_irq12
                0x100001cc                isr_irq22
                0x100001cc                isr_irq31
                0x100001cc                isr_irq17
                0x100001cc                isr_irq27
                0x100001cc                isr_irq30
                0x100001cc                isr_irq2
                0x100001cc                isr_irq10
                0x100001cc                isr_irq8
                0x100001cc                isr_irq24
                0x100001cc                isr_irq1
                0x100001cc                isr_irq7
                0x100001cc                isr_irq21
                0x100001cc                isr_irq20
                0x100001cc                isr_irq15
                0x100001cc                isr_irq25
                0x100001cc                isr_irq13
                0x100001cc                __unhandled_user_irq
                0x100001cc                isr_irq4
                0x100001cc                isr_irq16
                0x100001cc                isr_irq29
                0x100001cc                isr_irq26
                0x100001cc                __default_isrs_end
                0x100001cc                isr_irq3
                0x100001cc                isr_irq14
                0x100001cc                isr_irq9
                0x100001d2                unhandled_user_irq_num_in_r0
 *(.binary_info_header)
 .binary_info_header
                0x100001d4       0x14 source/CMakeFiles/FreeRTOS-Template.dir/C_/Program_Files/Raspberry_Pi/Pico_SDK_v1.5.1/pico-sdk/src/rp2_common/pico_standard_link/crt0.S.obj
                0x100001e8                __binary_info_header_end = .
 *(.reset)
 .reset         0x100001e8       0xa0 source/CMakeFiles/FreeRTOS-Template.dir/C_/Program_Files/Raspberry_Pi/Pico_SDK_v1.5.1/pico-sdk/src/rp2_common/pico_standard_link/crt0.S.obj
                0x100001e8                _entry_point
 .reset         0x10000288       0x30 source/CMakeFiles/FreeRTOS-Template.dir/C_/Program_Files/Raspberry_Pi/Pico_SDK_v1.5.1/pico-sdk/src/rp2_common/pico_standard_link/binary_info.c.obj
 *(.init)
 .init          0x100002b8        0x4 c:/progra~1/raspbe~1/picosd~1.1/gcc-ar~1/bin/../lib/gcc/arm-none-eabi/10.3.1/thumb/v6-m/nofp/crti.o
                0x100002b8                _init
 *(EXCLUDE_FILE(*libm.a: *libc.a:*lib_a-mem*.o *libgcc.a:) .text*)
 .text          0x100002bc       0x48 c:/progra~1/raspbe~1/picosd~1.1/gcc-ar~1/bin/../lib/gcc/arm-none-eabi/10.3.1/thumb/v6-m/nofp/crtbegin.o
 .text.main     0x10000304       0x44 source/CMakeFiles/FreeRTOS-Template.dir/__/main.c.obj
                0x10000304                main
 .text.udp_server_recv
                0x10000348       0xc0 source/CMakeFiles/FreeRTOS-Template.dir/server.c.obj
 .text.print_ip_address
                0x10000408       0x34 source/CMakeFiles/FreeRTOS-Template.dir/server.c.obj
                0x10000408                print_ip_address
 .text.wifi_task
                0x1000043c       0xc8 source/CMakeFiles/FreeRTOS-Template.dir/server.c.obj
                0x1000043c                wifi_task
 .text.gpio_set_function
                0x10000504       0x30 source/CMakeFiles/FreeRTOS-Template.dir/C_/Program_Files/Raspberry_Pi/Pico_SDK_v1.5.1/pico-sdk/src/rp2_common/hardware_gpio/gpio.c.obj
                0x10000504                gpio_set_function
 .text.gpio_set_pulls
                0x10000534       0x34 source/CMakeFiles/FreeRTOS-Template.dir/C_/Program_Files/Raspberry_Pi/Pico_SDK_v1.5.1/pico-sdk/src/rp2_common/hardware_gpio/gpio.c.obj
                0x10000534                gpio_set_pulls
 .text.gpio_set_input_hysteresis_enabled
                0x10000568       0x30 source/CMakeFiles/FreeRTOS-Template.dir/C_/Program_Files/Raspberry_Pi/Pico_SDK_v1.5.1/pico-sdk/src/rp2_common/hardware_gpio/gpio.c.obj
                0x10000568                gpio_set_input_hysteresis_enabled
 .text.gpio_add_raw_irq_handler_with_order_priority_masked
                0x10000598       0x40 source/CMakeFiles/FreeRTOS-Template.dir/C_/Program_Files/Raspberry_Pi/Pico_SDK_v1.5.1/pico-sdk/src/rp2_common/hardware_gpio/gpio.c.obj
                0x10000598                gpio_add_raw_irq_handler_with_order_priority_masked
 .text.gpio_remove_raw_irq_handler_masked
                0x100005d8       0x48 source/CMakeFiles/FreeRTOS-Template.dir/C_/Program_Files/Raspberry_Pi/Pico_SDK_v1.5.1/pico-sdk/src/rp2_common/hardware_gpio/gpio.c.obj
                0x100005d8                gpio_remove_raw_irq_handler_masked
 .text.gpio_acknowledge_irq
                0x10000620       0x18 source/CMakeFiles/FreeRTOS-Template.dir/C_/Program_Files/Raspberry_Pi/Pico_SDK_v1.5.1/pico-sdk/src/rp2_common/hardware_gpio/gpio.c.obj
                0x10000620                gpio_acknowledge_irq
 .text._gpio_set_irq_enabled
                0x10000638       0x34 source/CMakeFiles/FreeRTOS-Template.dir/C_/Program_Files/Raspberry_Pi/Pico_SDK_v1.5.1/pico-sdk/src/rp2_common/hardware_gpio/gpio.c.obj
 .text.gpio_set_irq_enabled
                0x1000066c       0x20 source/CMakeFiles/FreeRTOS-Template.dir/C_/Program_Files/Raspberry_Pi/Pico_SDK_v1.5.1/pico-sdk/src/rp2_common/hardware_gpio/gpio.c.obj
                0x1000066c                gpio_set_irq_enabled
 .text.gpio_init
                0x1000068c       0x16 source/CMakeFiles/FreeRTOS-Template.dir/C_/Program_Files/Raspberry_Pi/Pico_SDK_v1.5.1/pico-sdk/src/rp2_common/hardware_gpio/gpio.c.obj
                0x1000068c                gpio_init
 *fill*         0x100006a2        0x2 
 .text.running_on_fpga
                0x100006a4       0x14 source/CMakeFiles/FreeRTOS-Template.dir/C_/Program_Files/Raspberry_Pi/Pico_SDK_v1.5.1/pico-sdk/src/rp2_common/pico_platform/platform.c.obj
                0x100006a4                running_on_fpga
 .text.hw_claim_lock
                0x100006b8       0x18 source/CMakeFiles/FreeRTOS-Template.dir/C_/Program_Files/Raspberry_Pi/Pico_SDK_v1.5.1/pico-sdk/src/rp2_common/hardware_claim/claim.c.obj
                0x100006b8                hw_claim_lock
 .text.hw_claim_unlock
                0x100006d0       0x14 source/CMakeFiles/FreeRTOS-Template.dir/C_/Program_Files/Raspberry_Pi/Pico_SDK_v1.5.1/pico-sdk/src/rp2_common/hardware_claim/claim.c.obj
                0x100006d0                hw_claim_unlock
 .text.hw_claim_or_assert
                0x100006e4       0x32 source/CMakeFiles/FreeRTOS-Template.dir/C_/Program_Files/Raspberry_Pi/Pico_SDK_v1.5.1/pico-sdk/src/rp2_common/hardware_claim/claim.c.obj
                0x100006e4                hw_claim_or_assert
 .text.hw_claim_unused_from_range
                0x10000716       0x50 source/CMakeFiles/FreeRTOS-Template.dir/C_/Program_Files/Raspberry_Pi/Pico_SDK_v1.5.1/pico-sdk/src/rp2_common/hardware_claim/claim.c.obj
                0x10000716                hw_claim_unused_from_range
 *fill*         0x10000766        0x2 
 .text.hw_claim_clear
                0x10000768       0x40 source/CMakeFiles/FreeRTOS-Template.dir/C_/Program_Files/Raspberry_Pi/Pico_SDK_v1.5.1/pico-sdk/src/rp2_common/hardware_claim/claim.c.obj
                0x10000768                hw_claim_clear
 .text.spin_locks_reset
                0x100007a8       0x20 source/CMakeFiles/FreeRTOS-Template.dir/C_/Program_Files/Raspberry_Pi/Pico_SDK_v1.5.1/pico-sdk/src/rp2_common/hardware_sync/sync.c.obj
                0x100007a8                spin_locks_reset
 .text.next_striped_spin_lock_num
                0x100007c8       0x1c source/CMakeFiles/FreeRTOS-Template.dir/C_/Program_Files/Raspberry_Pi/Pico_SDK_v1.5.1/pico-sdk/src/rp2_common/hardware_sync/sync.c.obj
                0x100007c8                next_striped_spin_lock_num
 .text.spin_lock_claim_unused
                0x100007e4       0x20 source/CMakeFiles/FreeRTOS-Template.dir/C_/Program_Files/Raspberry_Pi/Pico_SDK_v1.5.1/pico-sdk/src/rp2_common/hardware_sync/sync.c.obj
                0x100007e4                spin_lock_claim_unused
 .text.set_raw_irq_handler_and_unlock
                0x10000804       0x28 source/CMakeFiles/FreeRTOS-Template.dir/C_/Program_Files/Raspberry_Pi/Pico_SDK_v1.5.1/pico-sdk/src/rp2_common/hardware_irq/irq.c.obj
 .text.get_user_irq_claim_index
                0x1000082c        0x6 source/CMakeFiles/FreeRTOS-Template.dir/C_/Program_Files/Raspberry_Pi/Pico_SDK_v1.5.1/pico-sdk/src/rp2_common/hardware_irq/irq.c.obj
 *fill*         0x10000832        0x2 
 .text.make_branch
                0x10000834       0x48 source/CMakeFiles/FreeRTOS-Template.dir/C_/Program_Files/Raspberry_Pi/Pico_SDK_v1.5.1/pico-sdk/src/rp2_common/hardware_irq/irq.c.obj
 .text.insert_branch_and_link
                0x1000087c       0x40 source/CMakeFiles/FreeRTOS-Template.dir/C_/Program_Files/Raspberry_Pi/Pico_SDK_v1.5.1/pico-sdk/src/rp2_common/hardware_irq/irq.c.obj
 .text.irq_is_enabled
                0x100008bc       0x18 source/CMakeFiles/FreeRTOS-Template.dir/C_/Program_Files/Raspberry_Pi/Pico_SDK_v1.5.1/pico-sdk/src/rp2_common/hardware_irq/irq.c.obj
                0x100008bc                irq_is_enabled
 .text.irq_set_mask_enabled
                0x100008d4       0x20 source/CMakeFiles/FreeRTOS-Template.dir/C_/Program_Files/Raspberry_Pi/Pico_SDK_v1.5.1/pico-sdk/src/rp2_common/hardware_irq/irq.c.obj
                0x100008d4                irq_set_mask_enabled
 .text.irq_set_enabled
                0x100008f4        0xe source/CMakeFiles/FreeRTOS-Template.dir/C_/Program_Files/Raspberry_Pi/Pico_SDK_v1.5.1/pico-sdk/src/rp2_common/hardware_irq/irq.c.obj
                0x100008f4                irq_set_enabled
 *fill*         0x10000902        0x2 
 .text.irq_set_pending
                0x10000904       0x10 source/CMakeFiles/FreeRTOS-Template.dir/C_/Program_Files/Raspberry_Pi/Pico_SDK_v1.5.1/pico-sdk/src/rp2_common/hardware_irq/irq.c.obj
                0x10000904                irq_set_pending
 .text.irq_get_vtable_handler
                0x10000914       0x10 source/CMakeFiles/FreeRTOS-Template.dir/C_/Program_Files/Raspberry_Pi/Pico_SDK_v1.5.1/pico-sdk/src/rp2_common/hardware_irq/irq.c.obj
                0x10000914                irq_get_vtable_handler
 .text.irq_has_shared_handler
                0x10000924       0x24 source/CMakeFiles/FreeRTOS-Template.dir/C_/Program_Files/Raspberry_Pi/Pico_SDK_v1.5.1/pico-sdk/src/rp2_common/hardware_irq/irq.c.obj
                0x10000924                irq_has_shared_handler
 .text.irq_set_exclusive_handler
                0x10000948       0x54 source/CMakeFiles/FreeRTOS-Template.dir/C_/Program_Files/Raspberry_Pi/Pico_SDK_v1.5.1/pico-sdk/src/rp2_common/hardware_irq/irq.c.obj
                0x10000948                irq_set_exclusive_handler
 .text.irq_add_shared_handler
                0x1000099c      0x234 source/CMakeFiles/FreeRTOS-Template.dir/C_/Program_Files/Raspberry_Pi/Pico_SDK_v1.5.1/pico-sdk/src/rp2_common/hardware_irq/irq.c.obj
                0x1000099c                irq_add_shared_handler
 .text.irq_remove_handler
                0x10000bd0      0x1ac source/CMakeFiles/FreeRTOS-Template.dir/C_/Program_Files/Raspberry_Pi/Pico_SDK_v1.5.1/pico-sdk/src/rp2_common/hardware_irq/irq.c.obj
                0x10000bd0                irq_remove_handler
 .text.irq_set_priority
                0x10000d7c       0x28 source/CMakeFiles/FreeRTOS-Template.dir/C_/Program_Files/Raspberry_Pi/Pico_SDK_v1.5.1/pico-sdk/src/rp2_common/hardware_irq/irq.c.obj
                0x10000d7c                irq_set_priority
 .text.irq_add_tail_to_free_list
                0x10000da4       0xf0 source/CMakeFiles/FreeRTOS-Template.dir/C_/Program_Files/Raspberry_Pi/Pico_SDK_v1.5.1/pico-sdk/src/rp2_common/hardware_irq/irq.c.obj
                0x10000da4                irq_add_tail_to_free_list
 .text.irq_init_priorities
                0x10000e94       0x1c source/CMakeFiles/FreeRTOS-Template.dir/C_/Program_Files/Raspberry_Pi/Pico_SDK_v1.5.1/pico-sdk/src/rp2_common/hardware_irq/irq.c.obj
                0x10000e94                irq_init_priorities
 .text.user_irq_unclaim
                0x10000eb0       0x14 source/CMakeFiles/FreeRTOS-Template.dir/C_/Program_Files/Raspberry_Pi/Pico_SDK_v1.5.1/pico-sdk/src/rp2_common/hardware_irq/irq.c.obj
                0x10000eb0                user_irq_unclaim
 .text.user_irq_claim_unused
                0x10000ec4       0x28 source/CMakeFiles/FreeRTOS-Template.dir/C_/Program_Files/Raspberry_Pi/Pico_SDK_v1.5.1/pico-sdk/src/rp2_common/hardware_irq/irq.c.obj
                0x10000ec4                user_irq_claim_unused
 .text.sem_init
                0x10000eec       0x1e source/CMakeFiles/FreeRTOS-Template.dir/C_/Program_Files/Raspberry_Pi/Pico_SDK_v1.5.1/pico-sdk/src/common/pico_sync/sem.c.obj
                0x10000eec                sem_init
 *fill*         0x10000f0a        0x2 
 .text.lock_init
                0x10000f0c       0x10 source/CMakeFiles/FreeRTOS-Template.dir/C_/Program_Files/Raspberry_Pi/Pico_SDK_v1.5.1/pico-sdk/src/common/pico_sync/lock_core.c.obj
                0x10000f0c                lock_init
 .text.mutex_init
                0x10000f1c       0x1c source/CMakeFiles/FreeRTOS-Template.dir/C_/Program_Files/Raspberry_Pi/Pico_SDK_v1.5.1/pico-sdk/src/common/pico_sync/mutex.c.obj
                0x10000f1c                mutex_init
 .text.recursive_mutex_init
                0x10000f38       0x20 source/CMakeFiles/FreeRTOS-Template.dir/C_/Program_Files/Raspberry_Pi/Pico_SDK_v1.5.1/pico-sdk/src/common/pico_sync/mutex.c.obj
                0x10000f38                recursive_mutex_init
 .text.critical_section_init_with_lock_num
                0x10000f58       0x14 source/CMakeFiles/FreeRTOS-Template.dir/C_/Program_Files/Raspberry_Pi/Pico_SDK_v1.5.1/pico-sdk/src/common/pico_sync/critical_section.c.obj
                0x10000f58                critical_section_init_with_lock_num
 .text.critical_section_init
                0x10000f6c       0x14 source/CMakeFiles/FreeRTOS-Template.dir/C_/Program_Files/Raspberry_Pi/Pico_SDK_v1.5.1/pico-sdk/src/common/pico_sync/critical_section.c.obj
                0x10000f6c                critical_section_init
 .text.alarm_pool_post_alloc_init
                0x10000f80       0x40 source/CMakeFiles/FreeRTOS-Template.dir/C_/Program_Files/Raspberry_Pi/Pico_SDK_v1.5.1/pico-sdk/src/common/pico_time/time.c.obj
 .text.sleep_until_callback
                0x10000fc0       0x28 source/CMakeFiles/FreeRTOS-Template.dir/C_/Program_Files/Raspberry_Pi/Pico_SDK_v1.5.1/pico-sdk/src/common/pico_time/time.c.obj
 .text.timer_pool_entry_comparator
                0x10000fe8       0x7c source/CMakeFiles/FreeRTOS-Template.dir/C_/Program_Files/Raspberry_Pi/Pico_SDK_v1.5.1/pico-sdk/src/common/pico_time/time.c.obj
                0x10000fe8                timer_pool_entry_comparator
 .text.ph_add_child_node
                0x10001064       0xa4 source/CMakeFiles/FreeRTOS-Template.dir/C_/Program_Files/Raspberry_Pi/Pico_SDK_v1.5.1/pico-sdk/src/common/pico_time/time.c.obj
 .text.ph_merge_nodes
                0x10001108       0x3e source/CMakeFiles/FreeRTOS-Template.dir/C_/Program_Files/Raspberry_Pi/Pico_SDK_v1.5.1/pico-sdk/src/common/pico_time/time.c.obj
 *fill*         0x10001146        0x2 
 .text.add_alarm_under_lock
                0x10001148      0x174 source/CMakeFiles/FreeRTOS-Template.dir/C_/Program_Files/Raspberry_Pi/Pico_SDK_v1.5.1/pico-sdk/src/common/pico_time/time.c.obj
 .text.alarm_pool_alarm_callback
                0x100012bc      0x33c source/CMakeFiles/FreeRTOS-Template.dir/C_/Program_Files/Raspberry_Pi/Pico_SDK_v1.5.1/pico-sdk/src/common/pico_time/time.c.obj
 .text.alarm_pool_init_default
                0x100015f8       0x40 source/CMakeFiles/FreeRTOS-Template.dir/C_/Program_Files/Raspberry_Pi/Pico_SDK_v1.5.1/pico-sdk/src/common/pico_time/time.c.obj
                0x100015f8                alarm_pool_init_default
 .text.alarm_pool_get_default
                0x10001638       0x2c source/CMakeFiles/FreeRTOS-Template.dir/C_/Program_Files/Raspberry_Pi/Pico_SDK_v1.5.1/pico-sdk/src/common/pico_time/time.c.obj
                0x10001638                alarm_pool_get_default
 .text.alarm_pool_create_with_unused_hardware_alarm
                0x10001664       0x44 source/CMakeFiles/FreeRTOS-Template.dir/C_/Program_Files/Raspberry_Pi/Pico_SDK_v1.5.1/pico-sdk/src/common/pico_time/time.c.obj
                0x10001664                alarm_pool_create_with_unused_hardware_alarm
 .text.alarm_pool_destroy
                0x100016a8       0x78 source/CMakeFiles/FreeRTOS-Template.dir/C_/Program_Files/Raspberry_Pi/Pico_SDK_v1.5.1/pico-sdk/src/common/pico_time/time.c.obj
                0x100016a8                alarm_pool_destroy
 .text.alarm_pool_add_alarm_at
                0x10001720      0x168 source/CMakeFiles/FreeRTOS-Template.dir/C_/Program_Files/Raspberry_Pi/Pico_SDK_v1.5.1/pico-sdk/src/common/pico_time/time.c.obj
                0x10001720                alarm_pool_add_alarm_at
 .text.alarm_pool_add_alarm_at_force_in_context
                0x10001888       0xa4 source/CMakeFiles/FreeRTOS-Template.dir/C_/Program_Files/Raspberry_Pi/Pico_SDK_v1.5.1/pico-sdk/src/common/pico_time/time.c.obj
                0x10001888                alarm_pool_add_alarm_at_force_in_context
 .text.alarm_pool_cancel_alarm
                0x1000192c       0xf8 source/CMakeFiles/FreeRTOS-Template.dir/C_/Program_Files/Raspberry_Pi/Pico_SDK_v1.5.1/pico-sdk/src/common/pico_time/time.c.obj
                0x1000192c                alarm_pool_cancel_alarm
 .text.alarm_pool_core_num
                0x10001a24        0x4 source/CMakeFiles/FreeRTOS-Template.dir/C_/Program_Files/Raspberry_Pi/Pico_SDK_v1.5.1/pico-sdk/src/common/pico_time/time.c.obj
                0x10001a24                alarm_pool_core_num
 .text.sleep_until
                0x10001a28       0xf0 source/CMakeFiles/FreeRTOS-Template.dir/C_/Program_Files/Raspberry_Pi/Pico_SDK_v1.5.1/pico-sdk/src/common/pico_time/time.c.obj
                0x10001a28                sleep_until
 .text.sleep_us
                0x10001b18       0x58 source/CMakeFiles/FreeRTOS-Template.dir/C_/Program_Files/Raspberry_Pi/Pico_SDK_v1.5.1/pico-sdk/src/common/pico_time/time.c.obj
                0x10001b18                sleep_us
 .text.sleep_ms
                0x10001b70       0x14 source/CMakeFiles/FreeRTOS-Template.dir/C_/Program_Files/Raspberry_Pi/Pico_SDK_v1.5.1/pico-sdk/src/common/pico_time/time.c.obj
                0x10001b70                sleep_ms
 .text.best_effort_wfe_or_timeout
                0x10001b84       0xac source/CMakeFiles/FreeRTOS-Template.dir/C_/Program_Files/Raspberry_Pi/Pico_SDK_v1.5.1/pico-sdk/src/common/pico_time/time.c.obj
                0x10001b84                best_effort_wfe_or_timeout
 .text.hardware_alarm_irq_handler
                0x10001c30       0x90 source/CMakeFiles/FreeRTOS-Template.dir/C_/Program_Files/Raspberry_Pi/Pico_SDK_v1.5.1/pico-sdk/src/rp2_common/hardware_timer/timer.c.obj
 .text.hardware_alarm_claim
                0x10001cc0       0x18 source/CMakeFiles/FreeRTOS-Template.dir/C_/Program_Files/Raspberry_Pi/Pico_SDK_v1.5.1/pico-sdk/src/rp2_common/hardware_timer/timer.c.obj
                0x10001cc0                hardware_alarm_claim
 .text.hardware_alarm_unclaim
                0x10001cd8       0x10 source/CMakeFiles/FreeRTOS-Template.dir/C_/Program_Files/Raspberry_Pi/Pico_SDK_v1.5.1/pico-sdk/src/rp2_common/hardware_timer/timer.c.obj
                0x10001cd8                hardware_alarm_unclaim
 .text.hardware_alarm_claim_unused
                0x10001ce8       0x20 source/CMakeFiles/FreeRTOS-Template.dir/C_/Program_Files/Raspberry_Pi/Pico_SDK_v1.5.1/pico-sdk/src/rp2_common/hardware_timer/timer.c.obj
                0x10001ce8                hardware_alarm_claim_unused
 .text.time_us_64
                0x10001d08       0x18 source/CMakeFiles/FreeRTOS-Template.dir/C_/Program_Files/Raspberry_Pi/Pico_SDK_v1.5.1/pico-sdk/src/rp2_common/hardware_timer/timer.c.obj
                0x10001d08                time_us_64
 .text.busy_wait_until
                0x10001d20       0x28 source/CMakeFiles/FreeRTOS-Template.dir/C_/Program_Files/Raspberry_Pi/Pico_SDK_v1.5.1/pico-sdk/src/rp2_common/hardware_timer/timer.c.obj
                0x10001d20                busy_wait_until
 .text.busy_wait_us
                0x10001d48       0x48 source/CMakeFiles/FreeRTOS-Template.dir/C_/Program_Files/Raspberry_Pi/Pico_SDK_v1.5.1/pico-sdk/src/rp2_common/hardware_timer/timer.c.obj
                0x10001d48                busy_wait_us
 .text.hardware_alarm_set_callback
                0x10001d90       0x90 source/CMakeFiles/FreeRTOS-Template.dir/C_/Program_Files/Raspberry_Pi/Pico_SDK_v1.5.1/pico-sdk/src/rp2_common/hardware_timer/timer.c.obj
                0x10001d90                hardware_alarm_set_callback
 .text.hardware_alarm_set_target
                0x10001e20       0xe8 source/CMakeFiles/FreeRTOS-Template.dir/C_/Program_Files/Raspberry_Pi/Pico_SDK_v1.5.1/pico-sdk/src/rp2_common/hardware_timer/timer.c.obj
                0x10001e20                hardware_alarm_set_target
 .text.hardware_alarm_cancel
                0x10001f08       0x40 source/CMakeFiles/FreeRTOS-Template.dir/C_/Program_Files/Raspberry_Pi/Pico_SDK_v1.5.1/pico-sdk/src/rp2_common/hardware_timer/timer.c.obj
                0x10001f08                hardware_alarm_cancel
 .text.hardware_alarm_force_irq
                0x10001f48       0x40 source/CMakeFiles/FreeRTOS-Template.dir/C_/Program_Files/Raspberry_Pi/Pico_SDK_v1.5.1/pico-sdk/src/rp2_common/hardware_timer/timer.c.obj
                0x10001f48                hardware_alarm_force_irq
 .text.ph_add_child_node
                0x10001f88       0xa4 source/CMakeFiles/FreeRTOS-Template.dir/C_/Program_Files/Raspberry_Pi/Pico_SDK_v1.5.1/pico-sdk/src/common/pico_util/pheap.c.obj
 .text.ph_merge_nodes
                0x1000202c       0x3e source/CMakeFiles/FreeRTOS-Template.dir/C_/Program_Files/Raspberry_Pi/Pico_SDK_v1.5.1/pico-sdk/src/common/pico_util/pheap.c.obj
 *fill*         0x1000206a        0x2 
 .text.ph_clear
                0x1000206c       0x70 source/CMakeFiles/FreeRTOS-Template.dir/C_/Program_Files/Raspberry_Pi/Pico_SDK_v1.5.1/pico-sdk/src/common/pico_util/pheap.c.obj
                0x1000206c                ph_clear
 .text.ph_post_alloc_init
                0x100020dc        0xe source/CMakeFiles/FreeRTOS-Template.dir/C_/Program_Files/Raspberry_Pi/Pico_SDK_v1.5.1/pico-sdk/src/common/pico_util/pheap.c.obj
                0x100020dc                ph_post_alloc_init
 .text.ph_create
                0x100020ea       0x2c source/CMakeFiles/FreeRTOS-Template.dir/C_/Program_Files/Raspberry_Pi/Pico_SDK_v1.5.1/pico-sdk/src/common/pico_util/pheap.c.obj
                0x100020ea                ph_create
 .text.ph_destroy
                0x10002116       0x12 source/CMakeFiles/FreeRTOS-Template.dir/C_/Program_Files/Raspberry_Pi/Pico_SDK_v1.5.1/pico-sdk/src/common/pico_util/pheap.c.obj
                0x10002116                ph_destroy
 .text.ph_merge_two_pass
                0x10002128       0xa8 source/CMakeFiles/FreeRTOS-Template.dir/C_/Program_Files/Raspberry_Pi/Pico_SDK_v1.5.1/pico-sdk/src/common/pico_util/pheap.c.obj
                0x10002128                ph_merge_two_pass
 .text.ph_remove_any_head
                0x100021d0      0x128 source/CMakeFiles/FreeRTOS-Template.dir/C_/Program_Files/Raspberry_Pi/Pico_SDK_v1.5.1/pico-sdk/src/common/pico_util/pheap.c.obj
 .text.ph_remove_head
                0x100022f8       0x14 source/CMakeFiles/FreeRTOS-Template.dir/C_/Program_Files/Raspberry_Pi/Pico_SDK_v1.5.1/pico-sdk/src/common/pico_util/pheap.c.obj
                0x100022f8                ph_remove_head
 .text.ph_remove_and_free_node
                0x1000230c       0xf8 source/CMakeFiles/FreeRTOS-Template.dir/C_/Program_Files/Raspberry_Pi/Pico_SDK_v1.5.1/pico-sdk/src/common/pico_util/pheap.c.obj
                0x1000230c                ph_remove_and_free_node
 .text.uart_disable_before_lcr_write
                0x10002404       0x48 source/CMakeFiles/FreeRTOS-Template.dir/C_/Program_Files/Raspberry_Pi/Pico_SDK_v1.5.1/pico-sdk/src/rp2_common/hardware_uart/uart.c.obj
 .text.uart_write_lcr_bits_masked
                0x1000244c       0x22 source/CMakeFiles/FreeRTOS-Template.dir/C_/Program_Files/Raspberry_Pi/Pico_SDK_v1.5.1/pico-sdk/src/rp2_common/hardware_uart/uart.c.obj
 *fill*         0x1000246e        0x2 
 .text.uart_set_baudrate
                0x10002470       0x5c source/CMakeFiles/FreeRTOS-Template.dir/C_/Program_Files/Raspberry_Pi/Pico_SDK_v1.5.1/pico-sdk/src/rp2_common/hardware_uart/uart.c.obj
                0x10002470                uart_set_baudrate
 .text.uart_set_format
                0x100024cc       0x2c source/CMakeFiles/FreeRTOS-Template.dir/C_/Program_Files/Raspberry_Pi/Pico_SDK_v1.5.1/pico-sdk/src/rp2_common/hardware_uart/uart.c.obj
                0x100024cc                uart_set_format
 .text.uart_set_translate_crlf
                0x100024f8       0x28 source/CMakeFiles/FreeRTOS-Template.dir/C_/Program_Files/Raspberry_Pi/Pico_SDK_v1.5.1/pico-sdk/src/rp2_common/hardware_uart/uart.c.obj
                0x100024f8                uart_set_translate_crlf
 .text.uart_init
                0x10002520       0x80 source/CMakeFiles/FreeRTOS-Template.dir/C_/Program_Files/Raspberry_Pi/Pico_SDK_v1.5.1/pico-sdk/src/rp2_common/hardware_uart/uart.c.obj
                0x10002520                uart_init
 .text.clock_configure
                0x100025a0      0x108 source/CMakeFiles/FreeRTOS-Template.dir/C_/Program_Files/Raspberry_Pi/Pico_SDK_v1.5.1/pico-sdk/src/rp2_common/hardware_clocks/clocks.c.obj
                0x100025a0                clock_configure
 .text.clocks_init
                0x100026a8      0x100 source/CMakeFiles/FreeRTOS-Template.dir/C_/Program_Files/Raspberry_Pi/Pico_SDK_v1.5.1/pico-sdk/src/rp2_common/hardware_clocks/clocks.c.obj
                0x100026a8                clocks_init
 .text.clock_get_hz
                0x100027a8        0xc source/CMakeFiles/FreeRTOS-Template.dir/C_/Program_Files/Raspberry_Pi/Pico_SDK_v1.5.1/pico-sdk/src/rp2_common/hardware_clocks/clocks.c.obj
                0x100027a8                clock_get_hz
 .text.pll_init
                0x100027b4      0x120 source/CMakeFiles/FreeRTOS-Template.dir/C_/Program_Files/Raspberry_Pi/Pico_SDK_v1.5.1/pico-sdk/src/rp2_common/hardware_pll/pll.c.obj
                0x100027b4                pll_init
 .text.watchdog_start_tick
                0x100028d4       0x10 source/CMakeFiles/FreeRTOS-Template.dir/C_/Program_Files/Raspberry_Pi/Pico_SDK_v1.5.1/pico-sdk/src/rp2_common/hardware_watchdog/watchdog.c.obj
                0x100028d4                watchdog_start_tick
 .text.watchdog_update
                0x100028e4       0x14 source/CMakeFiles/FreeRTOS-Template.dir/C_/Program_Files/Raspberry_Pi/Pico_SDK_v1.5.1/pico-sdk/src/rp2_common/hardware_watchdog/watchdog.c.obj
                0x100028e4                watchdog_update
 .text._watchdog_enable
                0x100028f8       0x78 source/CMakeFiles/FreeRTOS-Template.dir/C_/Program_Files/Raspberry_Pi/Pico_SDK_v1.5.1/pico-sdk/src/rp2_common/hardware_watchdog/watchdog.c.obj
                0x100028f8                _watchdog_enable
 .text.watchdog_reboot
                0x10002970       0x48 source/CMakeFiles/FreeRTOS-Template.dir/C_/Program_Files/Raspberry_Pi/Pico_SDK_v1.5.1/pico-sdk/src/rp2_common/hardware_watchdog/watchdog.c.obj
                0x10002970                watchdog_reboot
 .text.xosc_init
                0x100029b8       0x28 source/CMakeFiles/FreeRTOS-Template.dir/C_/Program_Files/Raspberry_Pi/Pico_SDK_v1.5.1/pico-sdk/src/rp2_common/hardware_xosc/xosc.c.obj
                0x100029b8                xosc_init
 .text._exit    0x100029e0        0x4 source/CMakeFiles/FreeRTOS-Template.dir/C_/Program_Files/Raspberry_Pi/Pico_SDK_v1.5.1/pico-sdk/src/rp2_common/pico_runtime/runtime.c.obj
                0x100029e0                _exit
 .text._sbrk    0x100029e4       0x38 source/CMakeFiles/FreeRTOS-Template.dir/C_/Program_Files/Raspberry_Pi/Pico_SDK_v1.5.1/pico-sdk/src/rp2_common/pico_runtime/runtime.c.obj
                0x100029e4                _sbrk
 .text.exit     0x10002a1c        0x6 source/CMakeFiles/FreeRTOS-Template.dir/C_/Program_Files/Raspberry_Pi/Pico_SDK_v1.5.1/pico-sdk/src/rp2_common/pico_runtime/runtime.c.obj
                0x10002a1c                exit
 *fill*         0x10002a22        0x2 
 .text.__assert_func
                0x10002a24       0x3c source/CMakeFiles/FreeRTOS-Template.dir/C_/Program_Files/Raspberry_Pi/Pico_SDK_v1.5.1/pico-sdk/src/rp2_common/pico_runtime/runtime.c.obj
                0x10002a24                __assert_func
 .text.runtime_init
                0x10002a60       0xf8 source/CMakeFiles/FreeRTOS-Template.dir/C_/Program_Files/Raspberry_Pi/Pico_SDK_v1.5.1/pico-sdk/src/rp2_common/pico_runtime/runtime.c.obj
                0x10002a60                runtime_init
 .text.panic    0x10002b58       0x30 source/CMakeFiles/FreeRTOS-Template.dir/C_/Program_Files/Raspberry_Pi/Pico_SDK_v1.5.1/pico-sdk/src/rp2_common/pico_runtime/runtime.c.obj
                0x10002b58                panic
 .text.panic_unsupported
                0x10002b88        0xc source/CMakeFiles/FreeRTOS-Template.dir/C_/Program_Files/Raspberry_Pi/Pico_SDK_v1.5.1/pico-sdk/src/rp2_common/pico_runtime/runtime.c.obj
                0x10002b88                panic_unsupported
 .text._out_null
                0x10002b94        0x2 source/CMakeFiles/FreeRTOS-Template.dir/C_/Program_Files/Raspberry_Pi/Pico_SDK_v1.5.1/pico-sdk/src/rp2_common/pico_printf/printf.c.obj
 .text._out_fct
                0x10002b96        0xe source/CMakeFiles/FreeRTOS-Template.dir/C_/Program_Files/Raspberry_Pi/Pico_SDK_v1.5.1/pico-sdk/src/rp2_common/pico_printf/printf.c.obj
 .text._atoi    0x10002ba4       0x24 source/CMakeFiles/FreeRTOS-Template.dir/C_/Program_Files/Raspberry_Pi/Pico_SDK_v1.5.1/pico-sdk/src/rp2_common/pico_printf/printf.c.obj
 .text._out_rev
                0x10002bc8       0xae source/CMakeFiles/FreeRTOS-Template.dir/C_/Program_Files/Raspberry_Pi/Pico_SDK_v1.5.1/pico-sdk/src/rp2_common/pico_printf/printf.c.obj
 .text._ntoa_format
                0x10002c76      0x112 source/CMakeFiles/FreeRTOS-Template.dir/C_/Program_Files/Raspberry_Pi/Pico_SDK_v1.5.1/pico-sdk/src/rp2_common/pico_printf/printf.c.obj
 .text._ntoa_long
                0x10002d88       0xbc source/CMakeFiles/FreeRTOS-Template.dir/C_/Program_Files/Raspberry_Pi/Pico_SDK_v1.5.1/pico-sdk/src/rp2_common/pico_printf/printf.c.obj
 .text._ntoa_long_long
                0x10002e44       0xe2 source/CMakeFiles/FreeRTOS-Template.dir/C_/Program_Files/Raspberry_Pi/Pico_SDK_v1.5.1/pico-sdk/src/rp2_common/pico_printf/printf.c.obj
 *fill*         0x10002f26        0x2 
 .text._etoa    0x10002f28      0x414 source/CMakeFiles/FreeRTOS-Template.dir/C_/Program_Files/Raspberry_Pi/Pico_SDK_v1.5.1/pico-sdk/src/rp2_common/pico_printf/printf.c.obj
 .text._ftoa    0x1000333c      0x354 source/CMakeFiles/FreeRTOS-Template.dir/C_/Program_Files/Raspberry_Pi/Pico_SDK_v1.5.1/pico-sdk/src/rp2_common/pico_printf/printf.c.obj
 .text._vsnprintf
                0x10003690      0x624 source/CMakeFiles/FreeRTOS-Template.dir/C_/Program_Files/Raspberry_Pi/Pico_SDK_v1.5.1/pico-sdk/src/rp2_common/pico_printf/printf.c.obj
 .text.vfctprintf
                0x10003cb4       0x20 source/CMakeFiles/FreeRTOS-Template.dir/C_/Program_Files/Raspberry_Pi/Pico_SDK_v1.5.1/pico-sdk/src/rp2_common/pico_printf/printf.c.obj
                0x10003cb4                vfctprintf
 .text          0x10003cd4       0x10 source/CMakeFiles/FreeRTOS-Template.dir/C_/Program_Files/Raspberry_Pi/Pico_SDK_v1.5.1/pico-sdk/src/rp2_common/pico_bit_ops/bit_ops_aeabi.S.obj
 .text.ctzsi    0x10003ce4        0xc source/CMakeFiles/FreeRTOS-Template.dir/C_/Program_Files/Raspberry_Pi/Pico_SDK_v1.5.1/pico-sdk/src/rp2_common/pico_bit_ops/bit_ops_aeabi.S.obj
                0x10003ce4                __wrap___ctzsi2
 .text.rom_func_lookup
                0x10003cf0       0x10 source/CMakeFiles/FreeRTOS-Template.dir/C_/Program_Files/Raspberry_Pi/Pico_SDK_v1.5.1/pico-sdk/src/rp2_common/pico_bootrom/bootrom.c.obj
                0x10003cf0                rom_func_lookup
 .text.rom_data_lookup
                0x10003d00       0x10 source/CMakeFiles/FreeRTOS-Template.dir/C_/Program_Files/Raspberry_Pi/Pico_SDK_v1.5.1/pico-sdk/src/rp2_common/pico_bootrom/bootrom.c.obj
                0x10003d00                rom_data_lookup
 .text.rom_funcs_lookup
                0x10003d10       0x36 source/CMakeFiles/FreeRTOS-Template.dir/C_/Program_Files/Raspberry_Pi/Pico_SDK_v1.5.1/pico-sdk/src/rp2_common/pico_bootrom/bootrom.c.obj
                0x10003d10                rom_funcs_lookup
 *fill*         0x10003d46        0x2 
 .text.__wrap___aeabi_idiv
                0x10003d48       0x50 source/CMakeFiles/FreeRTOS-Template.dir/C_/Program_Files/Raspberry_Pi/Pico_SDK_v1.5.1/pico-sdk/src/rp2_common/pico_divider/divider.S.obj
                0x10003d48                __wrap___aeabi_idivmod
                0x10003d48                divmod_s32s32
                0x10003d48                div_s32s32
                0x10003d48                __wrap___aeabi_idiv
                0x10003d50                divmod_s32s32_unsafe
                0x10003d7c                divmod_s32s32_savestate
 .text.__wrap___aeabi_uidiv
                0x10003d98       0x4c source/CMakeFiles/FreeRTOS-Template.dir/C_/Program_Files/Raspberry_Pi/Pico_SDK_v1.5.1/pico-sdk/src/rp2_common/pico_divider/divider.S.obj
                0x10003d98                __wrap___aeabi_uidiv
                0x10003d98                __wrap___aeabi_uidivmod
                0x10003d98                div_u32u32
                0x10003d98                divmod_u32u32
                0x10003da0                divmod_u32u32_unsafe
                0x10003dc8                divmod_u32u32_savestate
 .text.__wrap___aeabi_ldiv
                0x10003de4      0x424 source/CMakeFiles/FreeRTOS-Template.dir/C_/Program_Files/Raspberry_Pi/Pico_SDK_v1.5.1/pico-sdk/src/rp2_common/pico_divider/divider.S.obj
                0x10003de4                div_s64s64
                0x10003de4                divmod_s64s64
                0x10003de4                __wrap___aeabi_ldivmod
                0x10003e14                divmod_u64u64
                0x10003e14                div_u64u64
                0x10003e14                __wrap___aeabi_uldivmod
                0x10003e24                divmod_u64u64_savestate
                0x10003e44                divmod_s64s64_unsafe
                0x10003ecc                divmod_u64u64_unsafe
 .text.__wrap___aeabi_darithmetic
                0x10004208       0x60 source/CMakeFiles/FreeRTOS-Template.dir/C_/Program_Files/Raspberry_Pi/Pico_SDK_v1.5.1/pico-sdk/src/rp2_common/pico_double/double_aeabi.S.obj
                0x10004208                __wrap___aeabi_drsub
                0x1000420e                __wrap___aeabi_dsub
                0x10004218                __wrap___aeabi_dadd
                0x10004222                __wrap___aeabi_ddiv
                0x10004256                __wrap___aeabi_dmul
 .text.__wrap___aeabi_cdcmple
                0x10004268       0x6c source/CMakeFiles/FreeRTOS-Template.dir/C_/Program_Files/Raspberry_Pi/Pico_SDK_v1.5.1/pico-sdk/src/rp2_common/pico_double/double_aeabi.S.obj
                0x10004268                __wrap___aeabi_cdrcmple
                0x10004278                __wrap___aeabi_cdcmpeq
                0x10004278                __wrap___aeabi_cdcmple
 .text.__wrap___aeabi_dcmplt
                0x100042d4        0xc source/CMakeFiles/FreeRTOS-Template.dir/C_/Program_Files/Raspberry_Pi/Pico_SDK_v1.5.1/pico-sdk/src/rp2_common/pico_double/double_aeabi.S.obj
                0x100042d4                __wrap___aeabi_dcmplt
 .text.__wrap___aeabi_dcmple
                0x100042e0       0x10 source/CMakeFiles/FreeRTOS-Template.dir/C_/Program_Files/Raspberry_Pi/Pico_SDK_v1.5.1/pico-sdk/src/rp2_common/pico_double/double_aeabi.S.obj
                0x100042e0                __wrap___aeabi_dcmple
 .text.__wrap___aeabi_dcmpge
                0x100042f0       0x10 source/CMakeFiles/FreeRTOS-Template.dir/C_/Program_Files/Raspberry_Pi/Pico_SDK_v1.5.1/pico-sdk/src/rp2_common/pico_double/double_aeabi.S.obj
                0x100042f0                __wrap___aeabi_dcmpge
 .text.__wrap___aeabi_dcmpgt
                0x10004300        0xa source/CMakeFiles/FreeRTOS-Template.dir/C_/Program_Files/Raspberry_Pi/Pico_SDK_v1.5.1/pico-sdk/src/rp2_common/pico_double/double_aeabi.S.obj
                0x10004300                __wrap___aeabi_dcmpgt
 .text.__wrap___aeabi_dcmpun
                0x1000430a       0x1c source/CMakeFiles/FreeRTOS-Template.dir/C_/Program_Files/Raspberry_Pi/Pico_SDK_v1.5.1/pico-sdk/src/rp2_common/pico_double/double_aeabi.S.obj
                0x1000430a                __wrap___aeabi_dcmpun
 *fill*         0x10004326        0x2 
 .text.__wrap___aeabi_i2d
                0x10004328       0x38 source/CMakeFiles/FreeRTOS-Template.dir/C_/Program_Files/Raspberry_Pi/Pico_SDK_v1.5.1/pico-sdk/src/rp2_common/pico_double/double_aeabi.S.obj
                0x10004328                __wrap___aeabi_ui2d
                0x10004330                __wrap___aeabi_i2d
 .text.__wrap___aeabi_d2iz
                0x10004360       0x48 source/CMakeFiles/FreeRTOS-Template.dir/C_/Program_Files/Raspberry_Pi/Pico_SDK_v1.5.1/pico-sdk/src/rp2_common/pico_double/double_aeabi.S.obj
                0x10004360                double2int_z
                0x10004360                __wrap___aeabi_d2iz
 .text.__wrap___aeabi_d2uiz
                0x100043a8       0x10 source/CMakeFiles/FreeRTOS-Template.dir/C_/Program_Files/Raspberry_Pi/Pico_SDK_v1.5.1/pico-sdk/src/rp2_common/pico_double/double_aeabi.S.obj
                0x100043a8                __wrap___aeabi_d2uiz
                0x100043a8                double2uint
 .text.missing_double_func_shim
                0x100043b8        0xc source/CMakeFiles/FreeRTOS-Template.dir/C_/Program_Files/Raspberry_Pi/Pico_SDK_v1.5.1/pico-sdk/src/rp2_common/pico_double/double_init_rom.c.obj
 .text.__aeabi_double_init
                0x100043c4       0xcc source/CMakeFiles/FreeRTOS-Template.dir/C_/Program_Files/Raspberry_Pi/Pico_SDK_v1.5.1/pico-sdk/src/rp2_common/pico_double/double_init_rom.c.obj
                0x100043c4                __aeabi_double_init
 .text.double_table_shim_on_use_helper
                0x10004490       0x34 source/CMakeFiles/FreeRTOS-Template.dir/C_/Program_Files/Raspberry_Pi/Pico_SDK_v1.5.1/pico-sdk/src/rp2_common/pico_double/double_v1_rom_shim.S.obj
                0x10004490                double_table_shim_on_use_helper
 .text.__aeabi_lmul
                0x100044c4       0x32 source/CMakeFiles/FreeRTOS-Template.dir/C_/Program_Files/Raspberry_Pi/Pico_SDK_v1.5.1/pico-sdk/src/rp2_common/pico_int64_ops/pico_int64_ops_aeabi.S.obj
                0x100044c4                __wrap___aeabi_lmul
 *fill*         0x100044f6        0x2 
 .text.missing_float_func_shim
                0x100044f8        0xc source/CMakeFiles/FreeRTOS-Template.dir/C_/Program_Files/Raspberry_Pi/Pico_SDK_v1.5.1/pico-sdk/src/rp2_common/pico_float/float_init_rom.c.obj
 .text.__aeabi_float_init
                0x10004504       0x88 source/CMakeFiles/FreeRTOS-Template.dir/C_/Program_Files/Raspberry_Pi/Pico_SDK_v1.5.1/pico-sdk/src/rp2_common/pico_float/float_init_rom.c.obj
                0x10004504                __aeabi_float_init
 .text.__wrap_malloc
                0x1000458c       0x3c source/CMakeFiles/FreeRTOS-Template.dir/C_/Program_Files/Raspberry_Pi/Pico_SDK_v1.5.1/pico-sdk/src/rp2_common/pico_malloc/pico_malloc.c.obj
                0x1000458c                __wrap_malloc
 .text.__wrap_calloc
                0x100045c8       0x40 source/CMakeFiles/FreeRTOS-Template.dir/C_/Program_Files/Raspberry_Pi/Pico_SDK_v1.5.1/pico-sdk/src/rp2_common/pico_malloc/pico_malloc.c.obj
                0x100045c8                __wrap_calloc
 .text.__wrap_free
                0x10004608       0x20 source/CMakeFiles/FreeRTOS-Template.dir/C_/Program_Files/Raspberry_Pi/Pico_SDK_v1.5.1/pico-sdk/src/rp2_common/pico_malloc/pico_malloc.c.obj
                0x10004608                __wrap_free
 .text          0x10004628       0x10 source/CMakeFiles/FreeRTOS-Template.dir/C_/Program_Files/Raspberry_Pi/Pico_SDK_v1.5.1/pico-sdk/src/rp2_common/pico_mem_ops/mem_ops_aeabi.S.obj
                0x10004628                __aeabi_mem_init
 .text.memset   0x10004638        0xc source/CMakeFiles/FreeRTOS-Template.dir/C_/Program_Files/Raspberry_Pi/Pico_SDK_v1.5.1/pico-sdk/src/rp2_common/pico_mem_ops/mem_ops_aeabi.S.obj
                0x10004638                __wrap_memset
 .text.memcpy   0x10004644        0xc source/CMakeFiles/FreeRTOS-Template.dir/C_/Program_Files/Raspberry_Pi/Pico_SDK_v1.5.1/pico-sdk/src/rp2_common/pico_mem_ops/mem_ops_aeabi.S.obj
                0x10004644                __wrap_memcpy
                0x10004644                __wrap___aeabi_memcpy
 .text.stdio_out_chars_no_crlf
                0x10004650        0xe source/CMakeFiles/FreeRTOS-Template.dir/C_/Program_Files/Raspberry_Pi/Pico_SDK_v1.5.1/pico-sdk/src/rp2_common/pico_stdio/stdio.c.obj
 *fill*         0x1000465e        0x2 
 .text.stdio_out_chars_crlf
                0x10004660       0x80 source/CMakeFiles/FreeRTOS-Template.dir/C_/Program_Files/Raspberry_Pi/Pico_SDK_v1.5.1/pico-sdk/src/rp2_common/pico_stdio/stdio.c.obj
 .text.stdio_stack_buffer_flush
                0x100046e0       0x44 source/CMakeFiles/FreeRTOS-Template.dir/C_/Program_Files/Raspberry_Pi/Pico_SDK_v1.5.1/pico-sdk/src/rp2_common/pico_stdio/stdio.c.obj
 .text.stdio_buffered_printer
                0x10004724       0x20 source/CMakeFiles/FreeRTOS-Template.dir/C_/Program_Files/Raspberry_Pi/Pico_SDK_v1.5.1/pico-sdk/src/rp2_common/pico_stdio/stdio.c.obj
 .text.stdout_serialize_begin
                0x10004744       0x5c source/CMakeFiles/FreeRTOS-Template.dir/C_/Program_Files/Raspberry_Pi/Pico_SDK_v1.5.1/pico-sdk/src/rp2_common/pico_stdio/stdio.c.obj
                0x10004744                stdout_serialize_begin
 .text.stdout_serialize_end
                0x100047a0       0x10 source/CMakeFiles/FreeRTOS-Template.dir/C_/Program_Files/Raspberry_Pi/Pico_SDK_v1.5.1/pico-sdk/src/rp2_common/pico_stdio/stdio.c.obj
                0x100047a0                stdout_serialize_end
 .text.stdio_put_string
                0x100047b0       0x98 source/CMakeFiles/FreeRTOS-Template.dir/C_/Program_Files/Raspberry_Pi/Pico_SDK_v1.5.1/pico-sdk/src/rp2_common/pico_stdio/stdio.c.obj
 .text.stdio_set_driver_enabled
                0x10004848       0x2c source/CMakeFiles/FreeRTOS-Template.dir/C_/Program_Files/Raspberry_Pi/Pico_SDK_v1.5.1/pico-sdk/src/rp2_common/pico_stdio/stdio.c.obj
                0x10004848                stdio_set_driver_enabled
 .text.stdio_flush
                0x10004874       0x20 source/CMakeFiles/FreeRTOS-Template.dir/C_/Program_Files/Raspberry_Pi/Pico_SDK_v1.5.1/pico-sdk/src/rp2_common/pico_stdio/stdio.c.obj
                0x10004874                stdio_flush
 .text.__wrap_puts
                0x10004894       0x1e source/CMakeFiles/FreeRTOS-Template.dir/C_/Program_Files/Raspberry_Pi/Pico_SDK_v1.5.1/pico-sdk/src/rp2_common/pico_stdio/stdio.c.obj
                0x10004894                __wrap_puts
 *fill*         0x100048b2        0x2 
 .text.__wrap_vprintf
                0x100048b4       0x40 source/CMakeFiles/FreeRTOS-Template.dir/C_/Program_Files/Raspberry_Pi/Pico_SDK_v1.5.1/pico-sdk/src/rp2_common/pico_stdio/stdio.c.obj
                0x100048b4                __wrap_vprintf
 .text.__wrap_printf
                0x100048f4       0x18 source/CMakeFiles/FreeRTOS-Template.dir/C_/Program_Files/Raspberry_Pi/Pico_SDK_v1.5.1/pico-sdk/src/rp2_common/pico_stdio/stdio.c.obj
                0x100048f4                __wrap_printf
 .text.stdio_init_all
                0x1000490c        0xe source/CMakeFiles/FreeRTOS-Template.dir/C_/Program_Files/Raspberry_Pi/Pico_SDK_v1.5.1/pico-sdk/src/rp2_common/pico_stdio/stdio.c.obj
                0x1000490c                stdio_init_all
 *fill*         0x1000491a        0x2 
 .text.stdio_uart_out_chars
                0x1000491c       0x74 source/CMakeFiles/FreeRTOS-Template.dir/C_/Program_Files/Raspberry_Pi/Pico_SDK_v1.5.1/pico-sdk/src/rp2_common/pico_stdio_uart/stdio_uart.c.obj
 .text.stdio_uart_in_chars
                0x10004990       0x80 source/CMakeFiles/FreeRTOS-Template.dir/C_/Program_Files/Raspberry_Pi/Pico_SDK_v1.5.1/pico-sdk/src/rp2_common/pico_stdio_uart/stdio_uart.c.obj
                0x10004990                stdio_uart_in_chars
 .text.on_uart_rx
                0x10004a10       0x28 source/CMakeFiles/FreeRTOS-Template.dir/C_/Program_Files/Raspberry_Pi/Pico_SDK_v1.5.1/pico-sdk/src/rp2_common/pico_stdio_uart/stdio_uart.c.obj
 .text.stdio_uart_set_chars_available_callback
                0x10004a38       0x8c source/CMakeFiles/FreeRTOS-Template.dir/C_/Program_Files/Raspberry_Pi/Pico_SDK_v1.5.1/pico-sdk/src/rp2_common/pico_stdio_uart/stdio_uart.c.obj
 .text.stdio_uart_init_full
                0x10004ac4       0x44 source/CMakeFiles/FreeRTOS-Template.dir/C_/Program_Files/Raspberry_Pi/Pico_SDK_v1.5.1/pico-sdk/src/rp2_common/pico_stdio_uart/stdio_uart.c.obj
                0x10004ac4                stdio_uart_init_full
 .text.stdio_uart_init
                0x10004b08       0x28 source/CMakeFiles/FreeRTOS-Template.dir/C_/Program_Files/Raspberry_Pi/Pico_SDK_v1.5.1/pico-sdk/src/rp2_common/pico_stdio_uart/stdio_uart.c.obj
                0x10004b08                stdio_uart_init
 .text.resetd_init
                0x10004b30        0x2 source/CMakeFiles/FreeRTOS-Template.dir/C_/Program_Files/Raspberry_Pi/Pico_SDK_v1.5.1/pico-sdk/src/rp2_common/pico_stdio_usb/reset_interface.c.obj
 *fill*         0x10004b32        0x2 
 .text.resetd_reset
                0x10004b34        0xc source/CMakeFiles/FreeRTOS-Template.dir/C_/Program_Files/Raspberry_Pi/Pico_SDK_v1.5.1/pico-sdk/src/rp2_common/pico_stdio_usb/reset_interface.c.obj
 .text.resetd_open
                0x10004b40       0x34 source/CMakeFiles/FreeRTOS-Template.dir/C_/Program_Files/Raspberry_Pi/Pico_SDK_v1.5.1/pico-sdk/src/rp2_common/pico_stdio_usb/reset_interface.c.obj
 .text.resetd_xfer_cb
                0x10004b74        0x4 source/CMakeFiles/FreeRTOS-Template.dir/C_/Program_Files/Raspberry_Pi/Pico_SDK_v1.5.1/pico-sdk/src/rp2_common/pico_stdio_usb/reset_interface.c.obj
 .text.reset_usb_boot
                0x10004b78       0x18 source/CMakeFiles/FreeRTOS-Template.dir/C_/Program_Files/Raspberry_Pi/Pico_SDK_v1.5.1/pico-sdk/src/rp2_common/pico_stdio_usb/reset_interface.c.obj
 .text.resetd_control_xfer_cb
                0x10004b90       0x5c source/CMakeFiles/FreeRTOS-Template.dir/C_/Program_Files/Raspberry_Pi/Pico_SDK_v1.5.1/pico-sdk/src/rp2_common/pico_stdio_usb/reset_interface.c.obj
 .text.usbd_app_driver_get_cb
                0x10004bec        0xc source/CMakeFiles/FreeRTOS-Template.dir/C_/Program_Files/Raspberry_Pi/Pico_SDK_v1.5.1/pico-sdk/src/rp2_common/pico_stdio_usb/reset_interface.c.obj
                0x10004bec                usbd_app_driver_get_cb
 .text.tud_cdc_line_coding_cb
                0x10004bf8       0x28 source/CMakeFiles/FreeRTOS-Template.dir/C_/Program_Files/Raspberry_Pi/Pico_SDK_v1.5.1/pico-sdk/src/rp2_common/pico_stdio_usb/reset_interface.c.obj
                0x10004bf8                tud_cdc_line_coding_cb
 .text.stdio_usb_set_chars_available_callback
                0x10004c20       0x14 source/CMakeFiles/FreeRTOS-Template.dir/C_/Program_Files/Raspberry_Pi/Pico_SDK_v1.5.1/pico-sdk/src/rp2_common/pico_stdio_usb/stdio_usb.c.obj
                0x10004c20                stdio_usb_set_chars_available_callback
 .text.usb_irq  0x10004c34       0x10 source/CMakeFiles/FreeRTOS-Template.dir/C_/Program_Files/Raspberry_Pi/Pico_SDK_v1.5.1/pico-sdk/src/rp2_common/pico_stdio_usb/stdio_usb.c.obj
 .text.timer_task
                0x10004c44       0x5c source/CMakeFiles/FreeRTOS-Template.dir/C_/Program_Files/Raspberry_Pi/Pico_SDK_v1.5.1/pico-sdk/src/rp2_common/pico_stdio_usb/stdio_usb.c.obj
 .text.low_priority_worker_irq
                0x10004ca0       0xdc source/CMakeFiles/FreeRTOS-Template.dir/C_/Program_Files/Raspberry_Pi/Pico_SDK_v1.5.1/pico-sdk/src/rp2_common/pico_stdio_usb/stdio_usb.c.obj
 .text.tud_cdc_rx_cb
                0x10004d7c       0x20 source/CMakeFiles/FreeRTOS-Template.dir/C_/Program_Files/Raspberry_Pi/Pico_SDK_v1.5.1/pico-sdk/src/rp2_common/pico_stdio_usb/stdio_usb.c.obj
                0x10004d7c                tud_cdc_rx_cb
 .text.stdio_usb_init
                0x10004d9c      0x11c source/CMakeFiles/FreeRTOS-Template.dir/C_/Program_Files/Raspberry_Pi/Pico_SDK_v1.5.1/pico-sdk/src/rp2_common/pico_stdio_usb/stdio_usb.c.obj
                0x10004d9c                stdio_usb_init
 .text.stdio_usb_connected
                0x10004eb8        0xa source/CMakeFiles/FreeRTOS-Template.dir/C_/Program_Files/Raspberry_Pi/Pico_SDK_v1.5.1/pico-sdk/src/rp2_common/pico_stdio_usb/stdio_usb.c.obj
                0x10004eb8                stdio_usb_connected
 *fill*         0x10004ec2        0x2 
 .text.stdio_usb_in_chars
                0x10004ec4       0xc4 source/CMakeFiles/FreeRTOS-Template.dir/C_/Program_Files/Raspberry_Pi/Pico_SDK_v1.5.1/pico-sdk/src/rp2_common/pico_stdio_usb/stdio_usb.c.obj
                0x10004ec4                stdio_usb_in_chars
 .text.stdio_usb_out_chars
                0x10004f88      0x114 source/CMakeFiles/FreeRTOS-Template.dir/C_/Program_Files/Raspberry_Pi/Pico_SDK_v1.5.1/pico-sdk/src/rp2_common/pico_stdio_usb/stdio_usb.c.obj
 .text.tud_descriptor_device_cb
                0x1000509c        0x8 source/CMakeFiles/FreeRTOS-Template.dir/C_/Program_Files/Raspberry_Pi/Pico_SDK_v1.5.1/pico-sdk/src/rp2_common/pico_stdio_usb/stdio_usb_descriptors.c.obj
                0x1000509c                tud_descriptor_device_cb
 .text.tud_descriptor_configuration_cb
                0x100050a4        0x8 source/CMakeFiles/FreeRTOS-Template.dir/C_/Program_Files/Raspberry_Pi/Pico_SDK_v1.5.1/pico-sdk/src/rp2_common/pico_stdio_usb/stdio_usb_descriptors.c.obj
                0x100050a4                tud_descriptor_configuration_cb
 .text.tud_descriptor_string_cb
                0x100050ac       0x6c source/CMakeFiles/FreeRTOS-Template.dir/C_/Program_Files/Raspberry_Pi/Pico_SDK_v1.5.1/pico-sdk/src/rp2_common/pico_stdio_usb/stdio_usb_descriptors.c.obj
                0x100050ac                tud_descriptor_string_cb
 .text._retrieve_unique_id_on_boot
                0x10005118       0x10 source/CMakeFiles/FreeRTOS-Template.dir/C_/Program_Files/Raspberry_Pi/Pico_SDK_v1.5.1/pico-sdk/src/rp2_common/pico_unique_id/unique_id.c.obj
 .text.pico_get_unique_board_id
                0x10005128       0x10 source/CMakeFiles/FreeRTOS-Template.dir/C_/Program_Files/Raspberry_Pi/Pico_SDK_v1.5.1/pico-sdk/src/rp2_common/pico_unique_id/unique_id.c.obj
                0x10005128                pico_get_unique_board_id
 .text.pico_get_unique_board_id_string
                0x10005138       0x60 source/CMakeFiles/FreeRTOS-Template.dir/C_/Program_Files/Raspberry_Pi/Pico_SDK_v1.5.1/pico-sdk/src/rp2_common/pico_unique_id/unique_id.c.obj
                0x10005138                pico_get_unique_board_id_string
 .text.flash_get_unique_id
                0x10005198       0x46 source/CMakeFiles/FreeRTOS-Template.dir/C_/Program_Files/Raspberry_Pi/Pico_SDK_v1.5.1/pico-sdk/src/rp2_common/hardware_flash/flash.c.obj
                0x10005198                flash_get_unique_id
 *fill*         0x100051de        0x2 
 .text.hw_endpoint_get_by_addr
                0x100051e0       0x18 source/CMakeFiles/FreeRTOS-Template.dir/C_/Program_Files/Raspberry_Pi/Pico_SDK_v1.5.1/pico-sdk/lib/tinyusb/src/portable/raspberrypi/rp2040/dcd_rp2040.c.obj
 .text._hw_endpoint_alloc
                0x100051f8       0x70 source/CMakeFiles/FreeRTOS-Template.dir/C_/Program_Files/Raspberry_Pi/Pico_SDK_v1.5.1/pico-sdk/lib/tinyusb/src/portable/raspberrypi/rp2040/dcd_rp2040.c.obj
 .text.hw_endpoint_init
                0x10005268       0x88 source/CMakeFiles/FreeRTOS-Template.dir/C_/Program_Files/Raspberry_Pi/Pico_SDK_v1.5.1/pico-sdk/lib/tinyusb/src/portable/raspberrypi/rp2040/dcd_rp2040.c.obj
 .text.hw_endpoint_xfer
                0x100052f0       0x14 source/CMakeFiles/FreeRTOS-Template.dir/C_/Program_Files/Raspberry_Pi/Pico_SDK_v1.5.1/pico-sdk/lib/tinyusb/src/portable/raspberrypi/rp2040/dcd_rp2040.c.obj
 .text.dcd_int_enable
                0x10005304       0x2c source/CMakeFiles/FreeRTOS-Template.dir/C_/Program_Files/Raspberry_Pi/Pico_SDK_v1.5.1/pico-sdk/lib/tinyusb/src/portable/raspberrypi/rp2040/dcd_rp2040.c.obj
                0x10005304                dcd_int_enable
 .text.dcd_set_address
                0x10005330       0x2c source/CMakeFiles/FreeRTOS-Template.dir/C_/Program_Files/Raspberry_Pi/Pico_SDK_v1.5.1/pico-sdk/lib/tinyusb/src/portable/raspberrypi/rp2040/dcd_rp2040.c.obj
                0x10005330                dcd_set_address
 .text.dcd_connect
                0x1000535c       0x10 source/CMakeFiles/FreeRTOS-Template.dir/C_/Program_Files/Raspberry_Pi/Pico_SDK_v1.5.1/pico-sdk/lib/tinyusb/src/portable/raspberrypi/rp2040/dcd_rp2040.c.obj
                0x1000535c                dcd_connect
 .text.dcd_init
                0x1000536c       0x80 source/CMakeFiles/FreeRTOS-Template.dir/C_/Program_Files/Raspberry_Pi/Pico_SDK_v1.5.1/pico-sdk/lib/tinyusb/src/portable/raspberrypi/rp2040/dcd_rp2040.c.obj
                0x1000536c                dcd_init
 .text.dcd_edpt0_status_complete
                0x100053ec       0x1c source/CMakeFiles/FreeRTOS-Template.dir/C_/Program_Files/Raspberry_Pi/Pico_SDK_v1.5.1/pico-sdk/lib/tinyusb/src/portable/raspberrypi/rp2040/dcd_rp2040.c.obj
                0x100053ec                dcd_edpt0_status_complete
 .text.dcd_edpt_open
                0x10005408       0x40 source/CMakeFiles/FreeRTOS-Template.dir/C_/Program_Files/Raspberry_Pi/Pico_SDK_v1.5.1/pico-sdk/lib/tinyusb/src/portable/raspberrypi/rp2040/dcd_rp2040.c.obj
                0x10005408                dcd_edpt_open
 .text.dcd_edpt_close_all
                0x10005448        0x8 source/CMakeFiles/FreeRTOS-Template.dir/C_/Program_Files/Raspberry_Pi/Pico_SDK_v1.5.1/pico-sdk/lib/tinyusb/src/portable/raspberrypi/rp2040/dcd_rp2040.c.obj
                0x10005448                dcd_edpt_close_all
 .text.dcd_edpt_xfer
                0x10005450       0x34 source/CMakeFiles/FreeRTOS-Template.dir/C_/Program_Files/Raspberry_Pi/Pico_SDK_v1.5.1/pico-sdk/lib/tinyusb/src/portable/raspberrypi/rp2040/dcd_rp2040.c.obj
                0x10005450                dcd_edpt_xfer
 .text.dcd_edpt_stall
                0x10005484       0x2c source/CMakeFiles/FreeRTOS-Template.dir/C_/Program_Files/Raspberry_Pi/Pico_SDK_v1.5.1/pico-sdk/lib/tinyusb/src/portable/raspberrypi/rp2040/dcd_rp2040.c.obj
                0x10005484                dcd_edpt_stall
 .text.dcd_edpt_clear_stall
                0x100054b0       0x20 source/CMakeFiles/FreeRTOS-Template.dir/C_/Program_Files/Raspberry_Pi/Pico_SDK_v1.5.1/pico-sdk/lib/tinyusb/src/portable/raspberrypi/rp2040/dcd_rp2040.c.obj
                0x100054b0                dcd_edpt_clear_stall
 .text.rp2040_usb_init
                0x100054d0       0x4c source/CMakeFiles/FreeRTOS-Template.dir/C_/Program_Files/Raspberry_Pi/Pico_SDK_v1.5.1/pico-sdk/lib/tinyusb/src/portable/raspberrypi/rp2040/rp2040_usb.c.obj
                0x100054d0                rp2040_usb_init
 .text.hw_endpoint_xfer_start
                0x1000551c       0x50 source/CMakeFiles/FreeRTOS-Template.dir/C_/Program_Files/Raspberry_Pi/Pico_SDK_v1.5.1/pico-sdk/lib/tinyusb/src/portable/raspberrypi/rp2040/rp2040_usb.c.obj
                0x1000551c                hw_endpoint_xfer_start
 .text.configuration_reset
                0x1000556c       0x84 source/CMakeFiles/FreeRTOS-Template.dir/C_/Program_Files/Raspberry_Pi/Pico_SDK_v1.5.1/pico-sdk/lib/tinyusb/src/device/usbd.c.obj
 .text.usbd_reset
                0x100055f0        0xc source/CMakeFiles/FreeRTOS-Template.dir/C_/Program_Files/Raspberry_Pi/Pico_SDK_v1.5.1/pico-sdk/lib/tinyusb/src/device/usbd.c.obj
 .text.invoke_class_control
                0x100055fc       0x1a source/CMakeFiles/FreeRTOS-Template.dir/C_/Program_Files/Raspberry_Pi/Pico_SDK_v1.5.1/pico-sdk/lib/tinyusb/src/device/usbd.c.obj
 *fill*         0x10005616        0x2 
 .text.process_set_config
                0x10005618      0x178 source/CMakeFiles/FreeRTOS-Template.dir/C_/Program_Files/Raspberry_Pi/Pico_SDK_v1.5.1/pico-sdk/lib/tinyusb/src/device/usbd.c.obj
 .text.process_get_descriptor
                0x10005790       0xdc source/CMakeFiles/FreeRTOS-Template.dir/C_/Program_Files/Raspberry_Pi/Pico_SDK_v1.5.1/pico-sdk/lib/tinyusb/src/device/usbd.c.obj
 .text.tud_mounted
                0x1000586c       0x10 source/CMakeFiles/FreeRTOS-Template.dir/C_/Program_Files/Raspberry_Pi/Pico_SDK_v1.5.1/pico-sdk/lib/tinyusb/src/device/usbd.c.obj
                0x1000586c                tud_mounted
 .text.tud_suspended
                0x1000587c       0x10 source/CMakeFiles/FreeRTOS-Template.dir/C_/Program_Files/Raspberry_Pi/Pico_SDK_v1.5.1/pico-sdk/lib/tinyusb/src/device/usbd.c.obj
                0x1000587c                tud_suspended
 .text.tud_inited
                0x1000588c       0x14 source/CMakeFiles/FreeRTOS-Template.dir/C_/Program_Files/Raspberry_Pi/Pico_SDK_v1.5.1/pico-sdk/lib/tinyusb/src/device/usbd.c.obj
                0x1000588c                tud_inited
 .text.tud_init
                0x100058a0       0xcc source/CMakeFiles/FreeRTOS-Template.dir/C_/Program_Files/Raspberry_Pi/Pico_SDK_v1.5.1/pico-sdk/lib/tinyusb/src/device/usbd.c.obj
                0x100058a0                tud_init
 .text.usbd_defer_func
                0x1000596c       0x2a source/CMakeFiles/FreeRTOS-Template.dir/C_/Program_Files/Raspberry_Pi/Pico_SDK_v1.5.1/pico-sdk/lib/tinyusb/src/device/usbd.c.obj
                0x1000596c                usbd_defer_func
 *fill*         0x10005996        0x2 
 .text.usbd_edpt_open
                0x10005998       0x34 source/CMakeFiles/FreeRTOS-Template.dir/C_/Program_Files/Raspberry_Pi/Pico_SDK_v1.5.1/pico-sdk/lib/tinyusb/src/device/usbd.c.obj
                0x10005998                usbd_edpt_open
 .text.usbd_open_edpt_pair
                0x100059cc       0x62 source/CMakeFiles/FreeRTOS-Template.dir/C_/Program_Files/Raspberry_Pi/Pico_SDK_v1.5.1/pico-sdk/lib/tinyusb/src/device/usbd.c.obj
                0x100059cc                usbd_open_edpt_pair
 *fill*         0x10005a2e        0x2 
 .text.usbd_edpt_claim
                0x10005a30       0x28 source/CMakeFiles/FreeRTOS-Template.dir/C_/Program_Files/Raspberry_Pi/Pico_SDK_v1.5.1/pico-sdk/lib/tinyusb/src/device/usbd.c.obj
                0x10005a30                usbd_edpt_claim
 .text.usbd_edpt_release
                0x10005a58       0x28 source/CMakeFiles/FreeRTOS-Template.dir/C_/Program_Files/Raspberry_Pi/Pico_SDK_v1.5.1/pico-sdk/lib/tinyusb/src/device/usbd.c.obj
                0x10005a58                usbd_edpt_release
 .text.usbd_edpt_xfer
                0x10005a80       0x78 source/CMakeFiles/FreeRTOS-Template.dir/C_/Program_Files/Raspberry_Pi/Pico_SDK_v1.5.1/pico-sdk/lib/tinyusb/src/device/usbd.c.obj
                0x10005a80                usbd_edpt_xfer
 .text.usbd_edpt_stall
                0x10005af8       0x48 source/CMakeFiles/FreeRTOS-Template.dir/C_/Program_Files/Raspberry_Pi/Pico_SDK_v1.5.1/pico-sdk/lib/tinyusb/src/device/usbd.c.obj
                0x10005af8                usbd_edpt_stall
 .text.usbd_edpt_clear_stall
                0x10005b40       0x48 source/CMakeFiles/FreeRTOS-Template.dir/C_/Program_Files/Raspberry_Pi/Pico_SDK_v1.5.1/pico-sdk/lib/tinyusb/src/device/usbd.c.obj
                0x10005b40                usbd_edpt_clear_stall
 .text.usbd_edpt_stalled
                0x10005b88       0x1c source/CMakeFiles/FreeRTOS-Template.dir/C_/Program_Files/Raspberry_Pi/Pico_SDK_v1.5.1/pico-sdk/lib/tinyusb/src/device/usbd.c.obj
                0x10005b88                usbd_edpt_stalled
 .text.process_control_request
                0x10005ba4      0x37c source/CMakeFiles/FreeRTOS-Template.dir/C_/Program_Files/Raspberry_Pi/Pico_SDK_v1.5.1/pico-sdk/lib/tinyusb/src/device/usbd.c.obj
 .text.tud_task_ext
                0x10005f20      0x1b8 source/CMakeFiles/FreeRTOS-Template.dir/C_/Program_Files/Raspberry_Pi/Pico_SDK_v1.5.1/pico-sdk/lib/tinyusb/src/device/usbd.c.obj
                0x10005f20                tud_task_ext
 .text._data_stage_xact
                0x100060d8       0x58 source/CMakeFiles/FreeRTOS-Template.dir/C_/Program_Files/Raspberry_Pi/Pico_SDK_v1.5.1/pico-sdk/lib/tinyusb/src/device/usbd_control.c.obj
 .text.tud_control_status
                0x10006130       0x38 source/CMakeFiles/FreeRTOS-Template.dir/C_/Program_Files/Raspberry_Pi/Pico_SDK_v1.5.1/pico-sdk/lib/tinyusb/src/device/usbd_control.c.obj
                0x10006130                tud_control_status
 .text.tud_control_xfer
                0x10006168       0x74 source/CMakeFiles/FreeRTOS-Template.dir/C_/Program_Files/Raspberry_Pi/Pico_SDK_v1.5.1/pico-sdk/lib/tinyusb/src/device/usbd_control.c.obj
                0x10006168                tud_control_xfer
 .text.usbd_control_reset
                0x100061dc       0x14 source/CMakeFiles/FreeRTOS-Template.dir/C_/Program_Files/Raspberry_Pi/Pico_SDK_v1.5.1/pico-sdk/lib/tinyusb/src/device/usbd_control.c.obj
                0x100061dc                usbd_control_reset
 .text.usbd_control_set_complete_callback
                0x100061f0        0xc source/CMakeFiles/FreeRTOS-Template.dir/C_/Program_Files/Raspberry_Pi/Pico_SDK_v1.5.1/pico-sdk/lib/tinyusb/src/device/usbd_control.c.obj
                0x100061f0                usbd_control_set_complete_callback
 .text.usbd_control_set_request
                0x100061fc       0x1c source/CMakeFiles/FreeRTOS-Template.dir/C_/Program_Files/Raspberry_Pi/Pico_SDK_v1.5.1/pico-sdk/lib/tinyusb/src/device/usbd_control.c.obj
                0x100061fc                usbd_control_set_request
 .text.usbd_control_xfer_cb
                0x10006218       0xcc source/CMakeFiles/FreeRTOS-Template.dir/C_/Program_Files/Raspberry_Pi/Pico_SDK_v1.5.1/pico-sdk/lib/tinyusb/src/device/usbd_control.c.obj
                0x10006218                usbd_control_xfer_cb
 .text._prep_out_transaction
                0x100062e4       0x4a source/CMakeFiles/FreeRTOS-Template.dir/C_/Program_Files/Raspberry_Pi/Pico_SDK_v1.5.1/pico-sdk/lib/tinyusb/src/class/cdc/cdc_device.c.obj
 *fill*         0x1000632e        0x2 
 .text.tud_cdc_n_connected
                0x10006330       0x44 source/CMakeFiles/FreeRTOS-Template.dir/C_/Program_Files/Raspberry_Pi/Pico_SDK_v1.5.1/pico-sdk/lib/tinyusb/src/class/cdc/cdc_device.c.obj
                0x10006330                tud_cdc_n_connected
 .text.tud_cdc_n_available
                0x10006374       0x18 source/CMakeFiles/FreeRTOS-Template.dir/C_/Program_Files/Raspberry_Pi/Pico_SDK_v1.5.1/pico-sdk/lib/tinyusb/src/class/cdc/cdc_device.c.obj
                0x10006374                tud_cdc_n_available
 .text.tud_cdc_n_read
                0x1000638c       0x28 source/CMakeFiles/FreeRTOS-Template.dir/C_/Program_Files/Raspberry_Pi/Pico_SDK_v1.5.1/pico-sdk/lib/tinyusb/src/class/cdc/cdc_device.c.obj
                0x1000638c                tud_cdc_n_read
 .text.tud_cdc_n_write_flush
                0x100063b4       0xb8 source/CMakeFiles/FreeRTOS-Template.dir/C_/Program_Files/Raspberry_Pi/Pico_SDK_v1.5.1/pico-sdk/lib/tinyusb/src/class/cdc/cdc_device.c.obj
                0x100063b4                tud_cdc_n_write_flush
 .text.tud_cdc_n_write
                0x1000646c       0x38 source/CMakeFiles/FreeRTOS-Template.dir/C_/Program_Files/Raspberry_Pi/Pico_SDK_v1.5.1/pico-sdk/lib/tinyusb/src/class/cdc/cdc_device.c.obj
                0x1000646c                tud_cdc_n_write
 .text.tud_cdc_n_write_available
                0x100064a4       0x1c source/CMakeFiles/FreeRTOS-Template.dir/C_/Program_Files/Raspberry_Pi/Pico_SDK_v1.5.1/pico-sdk/lib/tinyusb/src/class/cdc/cdc_device.c.obj
                0x100064a4                tud_cdc_n_write_available
 .text.cdcd_init
                0x100064c0       0xbc source/CMakeFiles/FreeRTOS-Template.dir/C_/Program_Files/Raspberry_Pi/Pico_SDK_v1.5.1/pico-sdk/lib/tinyusb/src/class/cdc/cdc_device.c.obj
                0x100064c0                cdcd_init
 .text.cdcd_reset
                0x1000657c       0x44 source/CMakeFiles/FreeRTOS-Template.dir/C_/Program_Files/Raspberry_Pi/Pico_SDK_v1.5.1/pico-sdk/lib/tinyusb/src/class/cdc/cdc_device.c.obj
                0x1000657c                cdcd_reset
 .text.cdcd_open
                0x100065c0       0xcc source/CMakeFiles/FreeRTOS-Template.dir/C_/Program_Files/Raspberry_Pi/Pico_SDK_v1.5.1/pico-sdk/lib/tinyusb/src/class/cdc/cdc_device.c.obj
                0x100065c0                cdcd_open
 .text.cdcd_control_xfer_cb
                0x1000668c      0x134 source/CMakeFiles/FreeRTOS-Template.dir/C_/Program_Files/Raspberry_Pi/Pico_SDK_v1.5.1/pico-sdk/lib/tinyusb/src/class/cdc/cdc_device.c.obj
                0x1000668c                cdcd_control_xfer_cb
 .text.cdcd_xfer_cb
                0x100067c0      0x130 source/CMakeFiles/FreeRTOS-Template.dir/C_/Program_Files/Raspberry_Pi/Pico_SDK_v1.5.1/pico-sdk/lib/tinyusb/src/class/cdc/cdc_device.c.obj
                0x100067c0                cdcd_xfer_cb
 .text.tusb_init
                0x100068f0        0xa source/CMakeFiles/FreeRTOS-Template.dir/C_/Program_Files/Raspberry_Pi/Pico_SDK_v1.5.1/pico-sdk/lib/tinyusb/src/tusb.c.obj
                0x100068f0                tusb_init
 .text.tusb_inited
                0x100068fa        0xe source/CMakeFiles/FreeRTOS-Template.dir/C_/Program_Files/Raspberry_Pi/Pico_SDK_v1.5.1/pico-sdk/lib/tinyusb/src/tusb.c.obj
                0x100068fa                tusb_inited
 .text.tu_edpt_claim
                0x10006908       0x50 source/CMakeFiles/FreeRTOS-Template.dir/C_/Program_Files/Raspberry_Pi/Pico_SDK_v1.5.1/pico-sdk/lib/tinyusb/src/tusb.c.obj
                0x10006908                tu_edpt_claim
 .text.tu_edpt_release
                0x10006958       0x3c source/CMakeFiles/FreeRTOS-Template.dir/C_/Program_Files/Raspberry_Pi/Pico_SDK_v1.5.1/pico-sdk/lib/tinyusb/src/tusb.c.obj
                0x10006958                tu_edpt_release
 .text.tu_edpt_validate
                0x10006994       0x78 source/CMakeFiles/FreeRTOS-Template.dir/C_/Program_Files/Raspberry_Pi/Pico_SDK_v1.5.1/pico-sdk/lib/tinyusb/src/tusb.c.obj
                0x10006994                tu_edpt_validate
 .text.tu_edpt_bind_driver
                0x10006a0c       0x26 source/CMakeFiles/FreeRTOS-Template.dir/C_/Program_Files/Raspberry_Pi/Pico_SDK_v1.5.1/pico-sdk/lib/tinyusb/src/tusb.c.obj
                0x10006a0c                tu_edpt_bind_driver
 .text.advance_index
                0x10006a32       0x1a source/CMakeFiles/FreeRTOS-Template.dir/C_/Program_Files/Raspberry_Pi/Pico_SDK_v1.5.1/pico-sdk/lib/tinyusb/src/common/tusb_fifo.c.obj
 .text._tu_fifo_peek
                0x10006a4c       0x56 source/CMakeFiles/FreeRTOS-Template.dir/C_/Program_Files/Raspberry_Pi/Pico_SDK_v1.5.1/pico-sdk/lib/tinyusb/src/common/tusb_fifo.c.obj
 .text._ff_pull_const_addr
                0x10006aa2       0x4c source/CMakeFiles/FreeRTOS-Template.dir/C_/Program_Files/Raspberry_Pi/Pico_SDK_v1.5.1/pico-sdk/lib/tinyusb/src/common/tusb_fifo.c.obj
 .text._ff_pull_n
                0x10006aee      0x110 source/CMakeFiles/FreeRTOS-Template.dir/C_/Program_Files/Raspberry_Pi/Pico_SDK_v1.5.1/pico-sdk/lib/tinyusb/src/common/tusb_fifo.c.obj
 .text._tu_fifo_peek_n
                0x10006bfe       0x6a source/CMakeFiles/FreeRTOS-Template.dir/C_/Program_Files/Raspberry_Pi/Pico_SDK_v1.5.1/pico-sdk/lib/tinyusb/src/common/tusb_fifo.c.obj
 .text._tu_fifo_read_n
                0x10006c68       0x4e source/CMakeFiles/FreeRTOS-Template.dir/C_/Program_Files/Raspberry_Pi/Pico_SDK_v1.5.1/pico-sdk/lib/tinyusb/src/common/tusb_fifo.c.obj
 .text._ff_push_const_addr
                0x10006cb6       0x40 source/CMakeFiles/FreeRTOS-Template.dir/C_/Program_Files/Raspberry_Pi/Pico_SDK_v1.5.1/pico-sdk/lib/tinyusb/src/common/tusb_fifo.c.obj
 .text._ff_push_n
                0x10006cf6      0x10c source/CMakeFiles/FreeRTOS-Template.dir/C_/Program_Files/Raspberry_Pi/Pico_SDK_v1.5.1/pico-sdk/lib/tinyusb/src/common/tusb_fifo.c.obj
 .text._tu_fifo_write_n
                0x10006e02       0xf0 source/CMakeFiles/FreeRTOS-Template.dir/C_/Program_Files/Raspberry_Pi/Pico_SDK_v1.5.1/pico-sdk/lib/tinyusb/src/common/tusb_fifo.c.obj
 .text.tu_fifo_config
                0x10006ef2       0x7c source/CMakeFiles/FreeRTOS-Template.dir/C_/Program_Files/Raspberry_Pi/Pico_SDK_v1.5.1/pico-sdk/lib/tinyusb/src/common/tusb_fifo.c.obj
                0x10006ef2                tu_fifo_config
 .text.tu_fifo_count
                0x10006f6e       0x2a source/CMakeFiles/FreeRTOS-Template.dir/C_/Program_Files/Raspberry_Pi/Pico_SDK_v1.5.1/pico-sdk/lib/tinyusb/src/common/tusb_fifo.c.obj
                0x10006f6e                tu_fifo_count
 .text.tu_fifo_empty
                0x10006f98       0x10 source/CMakeFiles/FreeRTOS-Template.dir/C_/Program_Files/Raspberry_Pi/Pico_SDK_v1.5.1/pico-sdk/lib/tinyusb/src/common/tusb_fifo.c.obj
                0x10006f98                tu_fifo_empty
 .text.tu_fifo_full
                0x10006fa8       0x28 source/CMakeFiles/FreeRTOS-Template.dir/C_/Program_Files/Raspberry_Pi/Pico_SDK_v1.5.1/pico-sdk/lib/tinyusb/src/common/tusb_fifo.c.obj
                0x10006fa8                tu_fifo_full
 .text.tu_fifo_remaining
                0x10006fd0       0x2c source/CMakeFiles/FreeRTOS-Template.dir/C_/Program_Files/Raspberry_Pi/Pico_SDK_v1.5.1/pico-sdk/lib/tinyusb/src/common/tusb_fifo.c.obj
                0x10006fd0                tu_fifo_remaining
 .text.tu_fifo_read
                0x10006ffc       0x42 source/CMakeFiles/FreeRTOS-Template.dir/C_/Program_Files/Raspberry_Pi/Pico_SDK_v1.5.1/pico-sdk/lib/tinyusb/src/common/tusb_fifo.c.obj
                0x10006ffc                tu_fifo_read
 .text.tu_fifo_read_n
                0x1000703e        0xa source/CMakeFiles/FreeRTOS-Template.dir/C_/Program_Files/Raspberry_Pi/Pico_SDK_v1.5.1/pico-sdk/lib/tinyusb/src/common/tusb_fifo.c.obj
                0x1000703e                tu_fifo_read_n
 .text.tu_fifo_write
                0x10007048       0x64 source/CMakeFiles/FreeRTOS-Template.dir/C_/Program_Files/Raspberry_Pi/Pico_SDK_v1.5.1/pico-sdk/lib/tinyusb/src/common/tusb_fifo.c.obj
                0x10007048                tu_fifo_write
 .text.tu_fifo_write_n
                0x100070ac        0xa source/CMakeFiles/FreeRTOS-Template.dir/C_/Program_Files/Raspberry_Pi/Pico_SDK_v1.5.1/pico-sdk/lib/tinyusb/src/common/tusb_fifo.c.obj
                0x100070ac                tu_fifo_write_n
 .text.tu_fifo_clear
                0x100070b6       0x3e source/CMakeFiles/FreeRTOS-Template.dir/C_/Program_Files/Raspberry_Pi/Pico_SDK_v1.5.1/pico-sdk/lib/tinyusb/src/common/tusb_fifo.c.obj
                0x100070b6                tu_fifo_clear
 .text.tu_fifo_set_overwritable
                0x100070f4       0x46 source/CMakeFiles/FreeRTOS-Template.dir/C_/Program_Files/Raspberry_Pi/Pico_SDK_v1.5.1/pico-sdk/lib/tinyusb/src/common/tusb_fifo.c.obj
                0x100070f4                tu_fifo_set_overwritable
 *fill*         0x1000713a        0x2 
 .text.prvHeapInit
                0x1000713c       0x58 source/CMakeFiles/FreeRTOS-Template.dir/__/FreeRTOS-Kernel/portable/MemMang/heap_4.c.obj
 .text.prvInsertBlockIntoFreeList
                0x10007194       0x88 source/CMakeFiles/FreeRTOS-Template.dir/__/FreeRTOS-Kernel/portable/MemMang/heap_4.c.obj
 .text.pvPortMalloc
                0x1000721c      0x188 source/CMakeFiles/FreeRTOS-Template.dir/__/FreeRTOS-Kernel/portable/MemMang/heap_4.c.obj
                0x1000721c                pvPortMalloc
 .text.vPortFree
                0x100073a4       0xa8 source/CMakeFiles/FreeRTOS-Template.dir/__/FreeRTOS-Kernel/portable/MemMang/heap_4.c.obj
                0x100073a4                vPortFree
 .text.vPortSVCHandler
                0x1000744c        0x2 source/CMakeFiles/FreeRTOS-Template.dir/__/FreeRTOS-Kernel/portable/ThirdParty/GCC/RP2040/port.c.obj
                0x1000744c                vPortSVCHandler
 *fill*         0x1000744e        0x2 
 .text.vPortStartFirstTask
                0x10007450       0x34 source/CMakeFiles/FreeRTOS-Template.dir/__/FreeRTOS-Kernel/portable/ThirdParty/GCC/RP2040/port.c.obj
 *fill*         0x10007484        0xc 
 .text.xPortPendSVHandler
                0x10007490       0x64 source/CMakeFiles/FreeRTOS-Template.dir/__/FreeRTOS-Kernel/portable/ThirdParty/GCC/RP2040/port.c.obj
                0x10007490                xPortPendSVHandler
 .text.prvTaskExitError
                0x100074f4        0x6 source/CMakeFiles/FreeRTOS-Template.dir/__/FreeRTOS-Kernel/portable/ThirdParty/GCC/RP2040/port.c.obj
 *fill*         0x100074fa        0x2 
 .text.prvFIFOInterruptHandler
                0x100074fc       0x78 source/CMakeFiles/FreeRTOS-Template.dir/__/FreeRTOS-Kernel/portable/ThirdParty/GCC/RP2040/port.c.obj
 .text.prvGetTicksToWaitBefore
                0x10007574       0x58 source/CMakeFiles/FreeRTOS-Template.dir/__/FreeRTOS-Kernel/portable/ThirdParty/GCC/RP2040/port.c.obj
 .text.pxPortInitialiseStack
                0x100075cc       0x20 source/CMakeFiles/FreeRTOS-Template.dir/__/FreeRTOS-Kernel/portable/ThirdParty/GCC/RP2040/port.c.obj
                0x100075cc                pxPortInitialiseStack
 .text.vPortYield
                0x100075ec       0x40 source/CMakeFiles/FreeRTOS-Template.dir/__/FreeRTOS-Kernel/portable/ThirdParty/GCC/RP2040/port.c.obj
                0x100075ec                vPortYield
 .text.vPortEnterCritical
                0x1000762c       0x18 source/CMakeFiles/FreeRTOS-Template.dir/__/FreeRTOS-Kernel/portable/ThirdParty/GCC/RP2040/port.c.obj
                0x1000762c                vPortEnterCritical
 .text.vPortEnableInterrupts
                0x10007644       0x28 source/CMakeFiles/FreeRTOS-Template.dir/__/FreeRTOS-Kernel/portable/ThirdParty/GCC/RP2040/port.c.obj
                0x10007644                vPortEnableInterrupts
 .text.vPortExitCritical
                0x1000766c       0x3c source/CMakeFiles/FreeRTOS-Template.dir/__/FreeRTOS-Kernel/portable/ThirdParty/GCC/RP2040/port.c.obj
                0x1000766c                vPortExitCritical
 .text.ulSetInterruptMaskFromISR
                0x100076a8        0x8 source/CMakeFiles/FreeRTOS-Template.dir/__/FreeRTOS-Kernel/portable/ThirdParty/GCC/RP2040/port.c.obj
                0x100076a8                ulSetInterruptMaskFromISR
 .text.vClearInterruptMaskFromISR
                0x100076b0        0x6 source/CMakeFiles/FreeRTOS-Template.dir/__/FreeRTOS-Kernel/portable/ThirdParty/GCC/RP2040/port.c.obj
                0x100076b0                vClearInterruptMaskFromISR
 *fill*         0x100076b6        0x2 
 .text.xPortSysTickHandler
                0x100076b8       0x24 source/CMakeFiles/FreeRTOS-Template.dir/__/FreeRTOS-Kernel/portable/ThirdParty/GCC/RP2040/port.c.obj
                0x100076b8                xPortSysTickHandler
 .text.vPortSetupTimerInterrupt
                0x100076dc       0x34 source/CMakeFiles/FreeRTOS-Template.dir/__/FreeRTOS-Kernel/portable/ThirdParty/GCC/RP2040/port.c.obj
                0x100076dc                vPortSetupTimerInterrupt
 .text.xPortStartScheduler
                0x10007710       0xa8 source/CMakeFiles/FreeRTOS-Template.dir/__/FreeRTOS-Kernel/portable/ThirdParty/GCC/RP2040/port.c.obj
                0x10007710                xPortStartScheduler
 .text.ulPortLockGetCurrentOwnerId
                0x100077b8       0x2c source/CMakeFiles/FreeRTOS-Template.dir/__/FreeRTOS-Kernel/portable/ThirdParty/GCC/RP2040/port.c.obj
                0x100077b8                ulPortLockGetCurrentOwnerId
 .text.vPortLockInternalSpinUnlockWithWait
                0x100077e4       0xc8 source/CMakeFiles/FreeRTOS-Template.dir/__/FreeRTOS-Kernel/portable/ThirdParty/GCC/RP2040/port.c.obj
                0x100077e4                vPortLockInternalSpinUnlockWithWait
 .text.vPortLockInternalSpinUnlockWithNotify
                0x100078ac       0xd0 source/CMakeFiles/FreeRTOS-Template.dir/__/FreeRTOS-Kernel/portable/ThirdParty/GCC/RP2040/port.c.obj
                0x100078ac                vPortLockInternalSpinUnlockWithNotify
 .text.xPortLockInternalSpinUnlockWithBestEffortWaitOrTimeout
                0x1000797c      0x120 source/CMakeFiles/FreeRTOS-Template.dir/__/FreeRTOS-Kernel/portable/ThirdParty/GCC/RP2040/port.c.obj
                0x1000797c                xPortLockInternalSpinUnlockWithBestEffortWaitOrTimeout
 .text.prvRuntimeInitializer
                0x10007a9c       0x28 source/CMakeFiles/FreeRTOS-Template.dir/__/FreeRTOS-Kernel/portable/ThirdParty/GCC/RP2040/port.c.obj
 .text.prvTestWaitCondition
                0x10007ac4       0x1e source/CMakeFiles/FreeRTOS-Template.dir/__/FreeRTOS-Kernel/event_groups.c.obj
 .text.xEventGroupCreate
                0x10007ae2       0x18 source/CMakeFiles/FreeRTOS-Template.dir/__/FreeRTOS-Kernel/event_groups.c.obj
                0x10007ae2                xEventGroupCreate
 *fill*         0x10007afa        0x2 
 .text.xEventGroupWaitBits
                0x10007afc      0x124 source/CMakeFiles/FreeRTOS-Template.dir/__/FreeRTOS-Kernel/event_groups.c.obj
                0x10007afc                xEventGroupWaitBits
 .text.xEventGroupSetBits
                0x10007c20       0x98 source/CMakeFiles/FreeRTOS-Template.dir/__/FreeRTOS-Kernel/event_groups.c.obj
                0x10007c20                xEventGroupSetBits
 .text.vEventGroupSetBitsCallback
                0x10007cb8        0x8 source/CMakeFiles/FreeRTOS-Template.dir/__/FreeRTOS-Kernel/event_groups.c.obj
                0x10007cb8                vEventGroupSetBitsCallback
 .text.xEventGroupSetBitsFromISR
                0x10007cc0       0x14 source/CMakeFiles/FreeRTOS-Template.dir/__/FreeRTOS-Kernel/event_groups.c.obj
                0x10007cc0                xEventGroupSetBitsFromISR
 .text.vListInitialise
                0x10007cd4       0x16 source/CMakeFiles/FreeRTOS-Template.dir/__/FreeRTOS-Kernel/list.c.obj
                0x10007cd4                vListInitialise
 .text.vListInitialiseItem
                0x10007cea        0x6 source/CMakeFiles/FreeRTOS-Template.dir/__/FreeRTOS-Kernel/list.c.obj
                0x10007cea                vListInitialiseItem
 .text.vListInsert
                0x10007cf0       0x2e source/CMakeFiles/FreeRTOS-Template.dir/__/FreeRTOS-Kernel/list.c.obj
                0x10007cf0                vListInsert
 .text.uxListRemove
                0x10007d1e       0x26 source/CMakeFiles/FreeRTOS-Template.dir/__/FreeRTOS-Kernel/list.c.obj
                0x10007d1e                uxListRemove
 .text.prvIsQueueEmpty
                0x10007d44       0x1c source/CMakeFiles/FreeRTOS-Template.dir/__/FreeRTOS-Kernel/queue.c.obj
 .text.prvCopyDataToQueue
                0x10007d60       0x82 source/CMakeFiles/FreeRTOS-Template.dir/__/FreeRTOS-Kernel/queue.c.obj
 .text.prvCopyDataFromQueue
                0x10007de2       0x24 source/CMakeFiles/FreeRTOS-Template.dir/__/FreeRTOS-Kernel/queue.c.obj
 *fill*         0x10007e06        0x2 
 .text.prvNotifyQueueSetContainer
                0x10007e08       0xa8 source/CMakeFiles/FreeRTOS-Template.dir/__/FreeRTOS-Kernel/queue.c.obj
 .text.prvUnlockQueue
                0x10007eb0       0x88 source/CMakeFiles/FreeRTOS-Template.dir/__/FreeRTOS-Kernel/queue.c.obj
 .text.xQueueGenericReset
                0x10007f38       0xd8 source/CMakeFiles/FreeRTOS-Template.dir/__/FreeRTOS-Kernel/queue.c.obj
                0x10007f38                xQueueGenericReset
 .text.prvInitialiseNewQueue
                0x10008010       0x26 source/CMakeFiles/FreeRTOS-Template.dir/__/FreeRTOS-Kernel/queue.c.obj
 *fill*         0x10008036        0x2 
 .text.xQueueGenericCreate
                0x10008038       0x90 source/CMakeFiles/FreeRTOS-Template.dir/__/FreeRTOS-Kernel/queue.c.obj
                0x10008038                xQueueGenericCreate
 .text.xQueueGenericSendFromISR
                0x100080c8      0x13c source/CMakeFiles/FreeRTOS-Template.dir/__/FreeRTOS-Kernel/queue.c.obj
                0x100080c8                xQueueGenericSendFromISR
 .text.xQueueReceive
                0x10008204      0x14c source/CMakeFiles/FreeRTOS-Template.dir/__/FreeRTOS-Kernel/queue.c.obj
                0x10008204                xQueueReceive
 .text.vQueueAddToRegistry
                0x10008350       0x64 source/CMakeFiles/FreeRTOS-Template.dir/__/FreeRTOS-Kernel/queue.c.obj
                0x10008350                vQueueAddToRegistry
 .text.vQueueWaitForMessageRestricted
                0x100083b4       0x50 source/CMakeFiles/FreeRTOS-Template.dir/__/FreeRTOS-Kernel/queue.c.obj
                0x100083b4                vQueueWaitForMessageRestricted
 .text.prvResetNextTaskUnblockTime
                0x10008404       0x2c source/CMakeFiles/FreeRTOS-Template.dir/__/FreeRTOS-Kernel/tasks.c.obj
 .text.prvDeleteTCB
                0x10008430       0x12 source/CMakeFiles/FreeRTOS-Template.dir/__/FreeRTOS-Kernel/tasks.c.obj
 *fill*         0x10008442        0x2 
 .text.prvInitialiseNewTask
                0x10008444       0xb4 source/CMakeFiles/FreeRTOS-Template.dir/__/FreeRTOS-Kernel/tasks.c.obj
 .text.prvInitialiseTaskLists
                0x100084f8       0x68 source/CMakeFiles/FreeRTOS-Template.dir/__/FreeRTOS-Kernel/tasks.c.obj
 .text.prvAddNewTaskToReadyList
                0x10008560       0xc4 source/CMakeFiles/FreeRTOS-Template.dir/__/FreeRTOS-Kernel/tasks.c.obj
 .text.prvCheckTasksWaitingTermination
                0x10008624       0x44 source/CMakeFiles/FreeRTOS-Template.dir/__/FreeRTOS-Kernel/tasks.c.obj
 .text.prvIdleTask
                0x10008668       0x18 source/CMakeFiles/FreeRTOS-Template.dir/__/FreeRTOS-Kernel/tasks.c.obj
 .text.prvAddCurrentTaskToDelayedList
                0x10008680       0x9c source/CMakeFiles/FreeRTOS-Template.dir/__/FreeRTOS-Kernel/tasks.c.obj
 .text.xTaskCreate
                0x1000871c       0x68 source/CMakeFiles/FreeRTOS-Template.dir/__/FreeRTOS-Kernel/tasks.c.obj
                0x1000871c                xTaskCreate
 .text.prvCreateIdleTasks
                0x10008784       0x28 source/CMakeFiles/FreeRTOS-Template.dir/__/FreeRTOS-Kernel/tasks.c.obj
 .text.vTaskStartScheduler
                0x100087ac       0x68 source/CMakeFiles/FreeRTOS-Template.dir/__/FreeRTOS-Kernel/tasks.c.obj
                0x100087ac                vTaskStartScheduler
 .text.vTaskSuspendAll
                0x10008814       0x10 source/CMakeFiles/FreeRTOS-Template.dir/__/FreeRTOS-Kernel/tasks.c.obj
                0x10008814                vTaskSuspendAll
 .text.xTaskGetTickCount
                0x10008824        0xc source/CMakeFiles/FreeRTOS-Template.dir/__/FreeRTOS-Kernel/tasks.c.obj
                0x10008824                xTaskGetTickCount
 .text.uxTaskGetNumberOfTasks
                0x10008830        0xc source/CMakeFiles/FreeRTOS-Template.dir/__/FreeRTOS-Kernel/tasks.c.obj
                0x10008830                uxTaskGetNumberOfTasks
 .text.xTaskIncrementTick
                0x1000883c      0x17c source/CMakeFiles/FreeRTOS-Template.dir/__/FreeRTOS-Kernel/tasks.c.obj
                0x1000883c                xTaskIncrementTick
 .text.xTaskResumeAll
                0x100089b8      0x158 source/CMakeFiles/FreeRTOS-Template.dir/__/FreeRTOS-Kernel/tasks.c.obj
                0x100089b8                xTaskResumeAll
 .text.vTaskDelay
                0x10008b10       0x48 source/CMakeFiles/FreeRTOS-Template.dir/__/FreeRTOS-Kernel/tasks.c.obj
                0x10008b10                vTaskDelay
 .text.vTaskSwitchContext
                0x10008b58       0xa4 source/CMakeFiles/FreeRTOS-Template.dir/__/FreeRTOS-Kernel/tasks.c.obj
                0x10008b58                vTaskSwitchContext
 .text.vTaskPlaceOnEventList
                0x10008bfc       0x3c source/CMakeFiles/FreeRTOS-Template.dir/__/FreeRTOS-Kernel/tasks.c.obj
                0x10008bfc                vTaskPlaceOnEventList
 .text.vTaskPlaceOnUnorderedEventList
                0x10008c38       0x80 source/CMakeFiles/FreeRTOS-Template.dir/__/FreeRTOS-Kernel/tasks.c.obj
                0x10008c38                vTaskPlaceOnUnorderedEventList
 .text.vTaskPlaceOnEventListRestricted
                0x10008cb8       0x60 source/CMakeFiles/FreeRTOS-Template.dir/__/FreeRTOS-Kernel/tasks.c.obj
                0x10008cb8                vTaskPlaceOnEventListRestricted
 .text.xTaskRemoveFromEventList
                0x10008d18      0x100 source/CMakeFiles/FreeRTOS-Template.dir/__/FreeRTOS-Kernel/tasks.c.obj
                0x10008d18                xTaskRemoveFromEventList
 .text.vTaskRemoveFromUnorderedEventList
                0x10008e18       0xf8 source/CMakeFiles/FreeRTOS-Template.dir/__/FreeRTOS-Kernel/tasks.c.obj
                0x10008e18                vTaskRemoveFromUnorderedEventList
 .text.vTaskInternalSetTimeOutState
                0x10008f10       0x18 source/CMakeFiles/FreeRTOS-Template.dir/__/FreeRTOS-Kernel/tasks.c.obj
                0x10008f10                vTaskInternalSetTimeOutState
 .text.xTaskCheckForTimeOut
                0x10008f28       0xb0 source/CMakeFiles/FreeRTOS-Template.dir/__/FreeRTOS-Kernel/tasks.c.obj
                0x10008f28                xTaskCheckForTimeOut
 .text.vTaskMissedYield
                0x10008fd8        0xc source/CMakeFiles/FreeRTOS-Template.dir/__/FreeRTOS-Kernel/tasks.c.obj
                0x10008fd8                vTaskMissedYield
 .text.xTaskGetCurrentTaskHandle
                0x10008fe4        0xc source/CMakeFiles/FreeRTOS-Template.dir/__/FreeRTOS-Kernel/tasks.c.obj
                0x10008fe4                xTaskGetCurrentTaskHandle
 .text.xTaskGetSchedulerState
                0x10008ff0       0x24 source/CMakeFiles/FreeRTOS-Template.dir/__/FreeRTOS-Kernel/tasks.c.obj
                0x10008ff0                xTaskGetSchedulerState
 .text.xTaskPriorityDisinherit
                0x10009014       0xc0 source/CMakeFiles/FreeRTOS-Template.dir/__/FreeRTOS-Kernel/tasks.c.obj
                0x10009014                xTaskPriorityDisinherit
 .text.uxTaskResetEventItemValue
                0x100090d4       0x18 source/CMakeFiles/FreeRTOS-Template.dir/__/FreeRTOS-Kernel/tasks.c.obj
                0x100090d4                uxTaskResetEventItemValue
 .text.prvGetNextExpireTime
                0x100090ec       0x24 source/CMakeFiles/FreeRTOS-Template.dir/__/FreeRTOS-Kernel/timers.c.obj
 .text.prvInsertTimerInActiveList
                0x10009110       0x48 source/CMakeFiles/FreeRTOS-Template.dir/__/FreeRTOS-Kernel/timers.c.obj
 .text.prvReloadTimer
                0x10009158       0x2a source/CMakeFiles/FreeRTOS-Template.dir/__/FreeRTOS-Kernel/timers.c.obj
 *fill*         0x10009182        0x2 
 .text.prvProcessExpiredTimer
                0x10009184       0x3c source/CMakeFiles/FreeRTOS-Template.dir/__/FreeRTOS-Kernel/timers.c.obj
 .text.prvSwitchTimerLists
                0x100091c0       0x30 source/CMakeFiles/FreeRTOS-Template.dir/__/FreeRTOS-Kernel/timers.c.obj
 .text.prvSampleTimeNow
                0x100091f0       0x2c source/CMakeFiles/FreeRTOS-Template.dir/__/FreeRTOS-Kernel/timers.c.obj
 .text.prvProcessTimerOrBlockTask
                0x1000921c       0x70 source/CMakeFiles/FreeRTOS-Template.dir/__/FreeRTOS-Kernel/timers.c.obj
 .text.prvProcessReceivedCommands
                0x1000928c      0x108 source/CMakeFiles/FreeRTOS-Template.dir/__/FreeRTOS-Kernel/timers.c.obj
 .text.prvTimerTask
                0x10009394       0x16 source/CMakeFiles/FreeRTOS-Template.dir/__/FreeRTOS-Kernel/timers.c.obj
 *fill*         0x100093aa        0x2 
 .text.prvCheckForValidListAndQueue
                0x100093ac       0x60 source/CMakeFiles/FreeRTOS-Template.dir/__/FreeRTOS-Kernel/timers.c.obj
 .text.xTimerCreateTimerTask
                0x1000940c       0x58 source/CMakeFiles/FreeRTOS-Template.dir/__/FreeRTOS-Kernel/timers.c.obj
                0x1000940c                xTimerCreateTimerTask
 .text.xTimerPendFunctionCallFromISR
                0x10009464       0x28 source/CMakeFiles/FreeRTOS-Template.dir/__/FreeRTOS-Kernel/timers.c.obj
                0x10009464                xTimerPendFunctionCallFromISR
 .text.exception_is_compile_time_default
                0x1000948c       0x20 source/CMakeFiles/FreeRTOS-Template.dir/C_/Program_Files/Raspberry_Pi/Pico_SDK_v1.5.1/pico-sdk/src/rp2_common/hardware_exception/exception.c.obj
 .text.set_raw_exception_handler_and_restore_interrupts
                0x100094ac       0x18 source/CMakeFiles/FreeRTOS-Template.dir/C_/Program_Files/Raspberry_Pi/Pico_SDK_v1.5.1/pico-sdk/src/rp2_common/hardware_exception/exception.c.obj
 .text.exception_get_vtable_handler
                0x100094c4       0x10 source/CMakeFiles/FreeRTOS-Template.dir/C_/Program_Files/Raspberry_Pi/Pico_SDK_v1.5.1/pico-sdk/src/rp2_common/hardware_exception/exception.c.obj
                0x100094c4                exception_get_vtable_handler
 .text.exception_set_exclusive_handler
                0x100094d4       0x44 source/CMakeFiles/FreeRTOS-Template.dir/C_/Program_Files/Raspberry_Pi/Pico_SDK_v1.5.1/pico-sdk/src/rp2_common/hardware_exception/exception.c.obj
                0x100094d4                exception_set_exclusive_handler
 .text.cyw43_tcpip_link_status_name
                0x10009518       0x54 source/CMakeFiles/FreeRTOS-Template.dir/C_/Program_Files/Raspberry_Pi/Pico_SDK_v1.5.1/pico-sdk/src/rp2_common/pico_cyw43_arch/cyw43_arch.c.obj
 .text.cyw43_arch_set_async_context
                0x1000956c        0xc source/CMakeFiles/FreeRTOS-Template.dir/C_/Program_Files/Raspberry_Pi/Pico_SDK_v1.5.1/pico-sdk/src/rp2_common/pico_cyw43_arch/cyw43_arch.c.obj
                0x1000956c                cyw43_arch_set_async_context
 .text.cyw43_arch_wifi_connect_bssid_async
                0x10009578       0x54 source/CMakeFiles/FreeRTOS-Template.dir/C_/Program_Files/Raspberry_Pi/Pico_SDK_v1.5.1/pico-sdk/src/rp2_common/pico_cyw43_arch/cyw43_arch.c.obj
                0x10009578                cyw43_arch_wifi_connect_bssid_async
 .text.cyw43_arch_get_country_code
                0x100095cc        0xc source/CMakeFiles/FreeRTOS-Template.dir/C_/Program_Files/Raspberry_Pi/Pico_SDK_v1.5.1/pico-sdk/src/rp2_common/pico_cyw43_arch/cyw43_arch.c.obj
                0x100095cc                cyw43_arch_get_country_code
 .text.cyw43_arch_enable_sta_mode
                0x100095d8       0x40 source/CMakeFiles/FreeRTOS-Template.dir/C_/Program_Files/Raspberry_Pi/Pico_SDK_v1.5.1/pico-sdk/src/rp2_common/pico_cyw43_arch/cyw43_arch.c.obj
                0x100095d8                cyw43_arch_enable_sta_mode
 .text.cyw43_arch_async_context
                0x10009618        0xc source/CMakeFiles/FreeRTOS-Template.dir/C_/Program_Files/Raspberry_Pi/Pico_SDK_v1.5.1/pico-sdk/src/rp2_common/pico_cyw43_arch/cyw43_arch.c.obj
                0x10009618                cyw43_arch_async_context
 .text.cyw43_arch_poll
                0x10009624       0x18 source/CMakeFiles/FreeRTOS-Template.dir/C_/Program_Files/Raspberry_Pi/Pico_SDK_v1.5.1/pico-sdk/src/rp2_common/pico_cyw43_arch/cyw43_arch.c.obj
                0x10009624                cyw43_arch_poll
 .text.cyw43_arch_wait_for_work_until
                0x1000963c       0x18 source/CMakeFiles/FreeRTOS-Template.dir/C_/Program_Files/Raspberry_Pi/Pico_SDK_v1.5.1/pico-sdk/src/rp2_common/pico_cyw43_arch/cyw43_arch.c.obj
                0x1000963c                cyw43_arch_wait_for_work_until
 .text.cyw43_arch_wifi_connect_bssid_until
                0x10009654       0xfc source/CMakeFiles/FreeRTOS-Template.dir/C_/Program_Files/Raspberry_Pi/Pico_SDK_v1.5.1/pico-sdk/src/rp2_common/pico_cyw43_arch/cyw43_arch.c.obj
 .text.cyw43_arch_wifi_connect_until
                0x10009750       0x1a source/CMakeFiles/FreeRTOS-Template.dir/C_/Program_Files/Raspberry_Pi/Pico_SDK_v1.5.1/pico-sdk/src/rp2_common/pico_cyw43_arch/cyw43_arch.c.obj
 *fill*         0x1000976a        0x2 
 .text.cyw43_arch_wifi_connect_timeout_ms
                0x1000976c       0x80 source/CMakeFiles/FreeRTOS-Template.dir/C_/Program_Files/Raspberry_Pi/Pico_SDK_v1.5.1/pico-sdk/src/rp2_common/pico_cyw43_arch/cyw43_arch.c.obj
                0x1000976c                cyw43_arch_wifi_connect_timeout_ms
 .text.cyw43_arch_init_default_async_context