Archive member included to satisfy reference by file (symbol)

/Users/sbstfrnndz/.pico-sdk/toolchain/13_2_Rel1/bin/../lib/gcc/arm-none-eabi/13.2.1/thumb/v6-m/nofp/libgcc.a(_dvmd_tls.o)
                              source/CMakeFiles/FreeRTOS-Template.dir/Users/sbstfrnndz/.pico-sdk/sdk/2.0.0/src/rp2_common/pico_divider/divider_hardware.S.obj (__aeabi_idiv0)
/Users/sbstfrnndz/.pico-sdk/toolchain/13_2_Rel1/bin/../lib/gcc/arm-none-eabi/13.2.1/../../../../arm-none-eabi/lib/thumb/v6-m/nofp/libg.a(libc_a-calloc.o)
                              source/CMakeFiles/FreeRTOS-Template.dir/Users/sbstfrnndz/.pico-sdk/sdk/2.0.0/src/rp2_common/pico_malloc/malloc.c.obj (calloc)
/Users/sbstfrnndz/.pico-sdk/toolchain/13_2_Rel1/bin/../lib/gcc/arm-none-eabi/13.2.1/../../../../arm-none-eabi/lib/thumb/v6-m/nofp/libg.a(libc_a-callocr.o)
                              /Users/sbstfrnndz/.pico-sdk/toolchain/13_2_Rel1/bin/../lib/gcc/arm-none-eabi/13.2.1/../../../../arm-none-eabi/lib/thumb/v6-m/nofp/libg.a(libc_a-calloc.o) (_calloc_r)
/Users/sbstfrnndz/.pico-sdk/toolchain/13_2_Rel1/bin/../lib/gcc/arm-none-eabi/13.2.1/../../../../arm-none-eabi/lib/thumb/v6-m/nofp/libg.a(libc_a-malloc.o)
                              source/CMakeFiles/FreeRTOS-Template.dir/Users/sbstfrnndz/.pico-sdk/sdk/2.0.0/src/rp2_common/pico_malloc/malloc.c.obj (malloc)
/Users/sbstfrnndz/.pico-sdk/toolchain/13_2_Rel1/bin/../lib/gcc/arm-none-eabi/13.2.1/../../../../arm-none-eabi/lib/thumb/v6-m/nofp/libg.a(libc_a-mallocr.o)
                              /Users/sbstfrnndz/.pico-sdk/toolchain/13_2_Rel1/bin/../lib/gcc/arm-none-eabi/13.2.1/../../../../arm-none-eabi/lib/thumb/v6-m/nofp/libg.a(libc_a-callocr.o) (_malloc_r)
/Users/sbstfrnndz/.pico-sdk/toolchain/13_2_Rel1/bin/../lib/gcc/arm-none-eabi/13.2.1/../../../../arm-none-eabi/lib/thumb/v6-m/nofp/libg.a(libc_a-mlock.o)
                              /Users/sbstfrnndz/.pico-sdk/toolchain/13_2_Rel1/bin/../lib/gcc/arm-none-eabi/13.2.1/../../../../arm-none-eabi/lib/thumb/v6-m/nofp/libg.a(libc_a-mallocr.o) (__malloc_lock)
/Users/sbstfrnndz/.pico-sdk/toolchain/13_2_Rel1/bin/../lib/gcc/arm-none-eabi/13.2.1/../../../../arm-none-eabi/lib/thumb/v6-m/nofp/libg.a(libc_a-realloc.o)
                              source/CMakeFiles/FreeRTOS-Template.dir/Users/sbstfrnndz/.pico-sdk/sdk/2.0.0/src/rp2_common/pico_malloc/malloc.c.obj (realloc)
/Users/sbstfrnndz/.pico-sdk/toolchain/13_2_Rel1/bin/../lib/gcc/arm-none-eabi/13.2.1/../../../../arm-none-eabi/lib/thumb/v6-m/nofp/libg.a(libc_a-reallocr.o)
                              /Users/sbstfrnndz/.pico-sdk/toolchain/13_2_Rel1/bin/../lib/gcc/arm-none-eabi/13.2.1/../../../../arm-none-eabi/lib/thumb/v6-m/nofp/libg.a(libc_a-realloc.o) (_realloc_r)
/Users/sbstfrnndz/.pico-sdk/toolchain/13_2_Rel1/bin/../lib/gcc/arm-none-eabi/13.2.1/../../../../arm-none-eabi/lib/thumb/v6-m/nofp/libg.a(libc_a-memcmp.o)
                              source/CMakeFiles/FreeRTOS-Template.dir/Users/sbstfrnndz/.pico-sdk/sdk/2.0.0/src/rp2_common/pico_atomic/atomic.c.obj (memcmp)
/Users/sbstfrnndz/.pico-sdk/toolchain/13_2_Rel1/bin/../lib/gcc/arm-none-eabi/13.2.1/../../../../arm-none-eabi/lib/thumb/v6-m/nofp/libg.a(libc_a-memmove.o)
                              source/CMakeFiles/FreeRTOS-Template.dir/Users/sbstfrnndz/.pico-sdk/sdk/2.0.0/lib/cyw43-driver/src/cyw43_ll.c.obj (memmove)
/Users/sbstfrnndz/.pico-sdk/toolchain/13_2_Rel1/bin/../lib/gcc/arm-none-eabi/13.2.1/../../../../arm-none-eabi/lib/thumb/v6-m/nofp/libg.a(libc_a-strncmp.o)
                              source/CMakeFiles/FreeRTOS-Template.dir/Users/sbstfrnndz/.pico-sdk/sdk/2.0.0/lib/cyw43-driver/src/cyw43_ll.c.obj (strncmp)
/Users/sbstfrnndz/.pico-sdk/toolchain/13_2_Rel1/bin/../lib/gcc/arm-none-eabi/13.2.1/../../../../arm-none-eabi/lib/thumb/v6-m/nofp/libg.a(libc_a-lcltime_r.o)
                              source/CMakeFiles/FreeRTOS-Template.dir/Users/sbstfrnndz/.pico-sdk/sdk/2.0.0/src/common/pico_util/datetime.c.obj (localtime_r)
/Users/sbstfrnndz/.pico-sdk/toolchain/13_2_Rel1/bin/../lib/gcc/arm-none-eabi/13.2.1/../../../../arm-none-eabi/lib/thumb/v6-m/nofp/libg.a(libc_a-mktime.o)
                              source/CMakeFiles/FreeRTOS-Template.dir/Users/sbstfrnndz/.pico-sdk/sdk/2.0.0/src/common/pico_util/datetime.c.obj (mktime)
/Users/sbstfrnndz/.pico-sdk/toolchain/13_2_Rel1/bin/../lib/gcc/arm-none-eabi/13.2.1/../../../../arm-none-eabi/lib/thumb/v6-m/nofp/libg.a(libc_a-month_lengths.o)
                              /Users/sbstfrnndz/.pico-sdk/toolchain/13_2_Rel1/bin/../lib/gcc/arm-none-eabi/13.2.1/../../../../arm-none-eabi/lib/thumb/v6-m/nofp/libg.a(libc_a-lcltime_r.o) (__month_lengths)
/Users/sbstfrnndz/.pico-sdk/toolchain/13_2_Rel1/bin/../lib/gcc/arm-none-eabi/13.2.1/../../../../arm-none-eabi/lib/thumb/v6-m/nofp/libg.a(libc_a-tzcalc_limits.o)
                              /Users/sbstfrnndz/.pico-sdk/toolchain/13_2_Rel1/bin/../lib/gcc/arm-none-eabi/13.2.1/../../../../arm-none-eabi/lib/thumb/v6-m/nofp/libg.a(libc_a-lcltime_r.o) (__tzcalc_limits)
[...]
Memory Configuration

Name             Origin             Length             Attributes
FLASH            0x10000000         0x00200000         xr
RAM              0x20000000         0x00040000         xrw
SCRATCH_X        0x20040000         0x00001000         xrw
SCRATCH_Y        0x20041000         0x00001000         xrw
*default*        0x00000000         0xffffffff

Linker script and memory map

LOAD /Users/sbstfrnndz/.pico-sdk/toolchain/13_2_Rel1/bin/../lib/gcc/arm-none-eabi/13.2.1/thumb/v6-m/nofp/crti.o
LOAD /Users/sbstfrnndz/.pico-sdk/toolchain/13_2_Rel1/bin/../lib/gcc/arm-none-eabi/13.2.1/thumb/v6-m/nofp/crtbegin.o
LOAD /Users/sbstfrnndz/.pico-sdk/toolchain/13_2_Rel1/bin/../lib/gcc/arm-none-eabi/13.2.1/../../../../arm-none-eabi/lib/thumb/v6-m/nofp/crt0.o

.flash_begin    0x10000000        0x0
                0x10000000                        __flash_binary_start = .

.boot2          0x10000000      0x100
                0x10000000                        __boot2_start__ = .
 *(.boot2)
 .boot2         0x10000000      0x100 /var/folders/29/wgk4k07x2q5dz1dfmkjbdgph0000gn/T//cc4Nfs7l.o
                0x10000100                        __boot2_end__ = .
                0x00000001                        ASSERT (((__boot2_end__ - __boot2_start__) == 0x100), ERROR: Pico second stage bootloader must be 256 bytes in size)

.text           0x10000100     0x8dd8
                0x10000100                        __logical_binary_start = .
 *(.vectors)
 .vectors       0x10000100       0xd4 source/CMakeFiles/FreeRTOS-Template.dir/Users/sbstfrnndz/.pico-sdk/sdk/2.0.0/src/rp2_common/pico_crt0/crt0.S.obj
                0x10000100                __VECTOR_TABLE
                0x10000100                __vectors
                0x100001c0                __default_isrs_start
                0x100001c0                isr_invalid
                0x100001c2                isr_nmi
                0x100001c4                isr_hardfault
                0x100001c6                isr_svcall
                0x100001c8                isr_pendsv
                0x100001ca                isr_systick
                0x100001cc                isr_irq28
                0x100001cc                isr_irq19
                0x100001cc                isr_irq0
                0x100001cc                isr_irq6
                0x100001cc                isr_irq22
                0x100001cc                isr_irq17
                0x100001cc                isr_irq14
                0x100001cc                isr_irq2
                0x100001cc                isr_irq10
                0x100001cc                isr_irq8
                0x100001cc                isr_irq24
                0x100001cc                isr_irq1
                0x100001cc                isr_irq7
                0x100001cc                isr_irq21
                0x100001cc                isr_irq20
                0x100001cc                isr_irq15
                0x100001cc                isr_irq25
                0x100001cc                isr_irq4
                0x100001cc                isr_irq16
                0x100001cc                isr_irq29
                0x100001cc                isr_irq26
                0x100001cc                __default_isrs_end
                0x100001cc                isr_irq3
                0x100001cc                isr_irq9
                0x100001cc                __unhandled_user_irq
                0x100001cc                isr_irq13
                0x100001cc                isr_irq27
                0x100001cc                isr_irq31
                0x100001cc                isr_irq5
                0x100001cc                isr_irq11
                0x100001cc                isr_irq23
                0x100001cc                isr_irq18
                0x100001cc                isr_irq30
                0x100001cc                isr_irq12
                0x100001d2                unhandled_user_irq_num_in_r0
 *(.binary_info_header)
 .binary_info_header
                0x100001d4       0x14 source/CMakeFiles/FreeRTOS-Template.dir/Users/sbstfrnndz/.pico-sdk/sdk/2.0.0/src/rp2_common/pico_crt0/crt0.S.obj
                0x100001e8                        __binary_info_header_end = .
 *(.embedded_block)
                0x100001e8                        __embedded_block_end = .
 *(.reset)
 .reset         0x100001e8       0x9c source/CMakeFiles/FreeRTOS-Template.dir/Users/sbstfrnndz/.pico-sdk/sdk/2.0.0/src/rp2_common/pico_crt0/crt0.S.obj
                0x100001e8                _entry_point
 *(.init)
 .init          0x10000284        0x4 /Users/sbstfrnndz/.pico-sdk/toolchain/13_2_Rel1/bin/../lib/gcc/arm-none-eabi/13.2.1/thumb/v6-m/nofp/crti.o
                0x10000284                _init
 *(EXCLUDE_FILE(*libm.a: *libc.a:*lib_a-mem*.o *libgcc.a:) .text*)
 .text.register_tm_clones
                0x10000288       0x28 /Users/sbstfrnndz/.pico-sdk/toolchain/13_2_Rel1/bin/../lib/gcc/arm-none-eabi/13.2.1/thumb/v6-m/nofp/crtbegin.o
 .text.frame_dummy
                0x100002b0       0x24 /Users/sbstfrnndz/.pico-sdk/toolchain/13_2_Rel1/bin/../lib/gcc/arm-none-eabi/13.2.1/thumb/v6-m/nofp/crtbegin.o
 .text.motor_task
                0x100002d4       0x44 source/CMakeFiles/FreeRTOS-Template.dir/__/main.c.obj
                0x100002d4                motor_task
 .text.startup.main
                0x10000318       0x34 source/CMakeFiles/FreeRTOS-Template.dir/__/main.c.obj
                0x10000318                main
 .text.initialize_hardware
                0x1000034c      0x10c source/CMakeFiles/FreeRTOS-Template.dir/hardware_init.c.obj
                0x1000034c                initialize_hardware
 .text.motor_init
                0x10000458       0xa0 source/CMakeFiles/FreeRTOS-Template.dir/motor.c.obj
                0x10000458                motor_init
 .text.move_robot
                0x100004f8      0x190 source/CMakeFiles/FreeRTOS-Template.dir/motor.c.obj
                0x100004f8                move_robot
 .text.stop_motors
                0x10000688       0x44 source/CMakeFiles/FreeRTOS-Template.dir/motor.c.obj
                0x10000688                stop_motors
 .text.l_encoder_isr
                0x100006cc       0x10 source/CMakeFiles/FreeRTOS-Template.dir/encoder.c.obj
                0x100006cc                l_encoder_isr
 .text.r_encoder_isr
                0x100006dc       0x10 source/CMakeFiles/FreeRTOS-Template.dir/encoder.c.obj
                0x100006dc                r_encoder_isr
 .text.encoder_init
                0x100006ec       0x50 source/CMakeFiles/FreeRTOS-Template.dir/encoder.c.obj
                0x100006ec                encoder_init
 .text.gpio_default_irq_handler
                0x1000073c      0x274 source/CMakeFiles/FreeRTOS-Template.dir/Users/sbstfrnndz/.pico-sdk/sdk/2.0.0/src/rp2_common/hardware_gpio/gpio.c.obj
 .text.gpio_set_function
                0x100009b0       0x34 source/CMakeFiles/FreeRTOS-Template.dir/Users/sbstfrnndz/.pico-sdk/sdk/2.0.0/src/rp2_common/hardware_gpio/gpio.c.obj
                0x100009b0                gpio_set_function
 .text.gpio_set_pulls
                0x100009e4       0x28 source/CMakeFiles/FreeRTOS-Template.dir/Users/sbstfrnndz/.pico-sdk/sdk/2.0.0/src/rp2_common/hardware_gpio/gpio.c.obj
                0x100009e4                gpio_set_pulls
 .text.gpio_set_irq_enabled_with_callback
                0x10000a0c       0xd0 source/CMakeFiles/FreeRTOS-Template.dir/Users/sbstfrnndz/.pico-sdk/sdk/2.0.0/src/rp2_common/hardware_gpio/gpio.c.obj
                0x10000a0c                gpio_set_irq_enabled_with_callback
 .text.gpio_init
                0x10000adc       0x40 source/CMakeFiles/FreeRTOS-Template.dir/Users/sbstfrnndz/.pico-sdk/sdk/2.0.0/src/rp2_common/hardware_gpio/gpio.c.obj
                0x10000adc                gpio_init
 .text.rp2040_chip_version
                0x10000b1c        0xc source/CMakeFiles/FreeRTOS-Template.dir/Users/sbstfrnndz/.pico-sdk/sdk/2.0.0/src/rp2040/pico_platform/platform.c.obj
                0x10000b1c                rp2040_chip_version
 .text.panic    0x10000b28       0x30 source/CMakeFiles/FreeRTOS-Template.dir/Users/sbstfrnndz/.pico-sdk/sdk/2.0.0/src/rp2_common/pico_platform_panic/panic.c.obj
                0x10000b28                panic
 .text.panic_unsupported
                0x10000b58        0xc source/CMakeFiles/FreeRTOS-Template.dir/Users/sbstfrnndz/.pico-sdk/sdk/2.0.0/src/rp2_common/pico_platform_panic/panic.c.obj
                0x10000b58                panic_unsupported
 .text.hw_claim_or_assert
                0x10000b64       0x44 source/CMakeFiles/FreeRTOS-Template.dir/Users/sbstfrnndz/.pico-sdk/sdk/2.0.0/src/common/hardware_claim/claim.c.obj
                0x10000b64                hw_claim_or_assert
 .text.hw_claim_unused_from_range
                0x10000ba8       0x9c source/CMakeFiles/FreeRTOS-Template.dir/Users/sbstfrnndz/.pico-sdk/sdk/2.0.0/src/common/hardware_claim/claim.c.obj
                0x10000ba8                hw_claim_unused_from_range
 .text.next_striped_spin_lock_num
                0x10000c44       0x18 source/CMakeFiles/FreeRTOS-Template.dir/Users/sbstfrnndz/.pico-sdk/sdk/2.0.0/src/rp2_common/hardware_sync/sync.c.obj
                0x10000c44                next_striped_spin_lock_num
 .text.spin_lock_claim_unused
                0x10000c5c       0x24 source/CMakeFiles/FreeRTOS-Template.dir/Users/sbstfrnndz/.pico-sdk/sdk/2.0.0/src/rp2_common/hardware_sync/sync.c.obj
                0x10000c5c                spin_lock_claim_unused
 .text.spin_locks_reset
                0x10000c80       0x1c source/CMakeFiles/FreeRTOS-Template.dir/Users/sbstfrnndz/.pico-sdk/sdk/2.0.0/src/rp2_common/hardware_sync_spin_lock/sync_spin_lock.c.obj
                0x10000c80                spin_locks_reset
 .text.runtime_init_per_core_irq_priorities
                0x10000c9c       0x24 source/CMakeFiles/FreeRTOS-Template.dir/Users/sbstfrnndz/.pico-sdk/sdk/2.0.0/src/rp2_common/hardware_irq/irq.c.obj
                0x10000c9c                runtime_init_per_core_irq_priorities
 .text.irq_set_enabled
                0x10000cc0       0x24 source/CMakeFiles/FreeRTOS-Template.dir/Users/sbstfrnndz/.pico-sdk/sdk/2.0.0/src/rp2_common/hardware_irq/irq.c.obj
                0x10000cc0                irq_set_enabled
 .text.irq_is_enabled
                0x10000ce4       0x18 source/CMakeFiles/FreeRTOS-Template.dir/Users/sbstfrnndz/.pico-sdk/sdk/2.0.0/src/rp2_common/hardware_irq/irq.c.obj
                0x10000ce4                irq_is_enabled
 .text.irq_set_pending
                0x10000cfc       0x10 source/CMakeFiles/FreeRTOS-Template.dir/Users/sbstfrnndz/.pico-sdk/sdk/2.0.0/src/rp2_common/hardware_irq/irq.c.obj
                0x10000cfc                irq_set_pending
 .text.irq_has_shared_handler
                0x10000d0c       0x2c source/CMakeFiles/FreeRTOS-Template.dir/Users/sbstfrnndz/.pico-sdk/sdk/2.0.0/src/rp2_common/hardware_irq/irq.c.obj
                0x10000d0c                irq_has_shared_handler
 .text.irq_set_exclusive_handler
                0x10000d38       0x54 source/CMakeFiles/FreeRTOS-Template.dir/Users/sbstfrnndz/.pico-sdk/sdk/2.0.0/src/rp2_common/hardware_irq/irq.c.obj
                0x10000d38                irq_set_exclusive_handler
 .text.irq_add_shared_handler
                0x10000d8c      0x1f4 source/CMakeFiles/FreeRTOS-Template.dir/Users/sbstfrnndz/.pico-sdk/sdk/2.0.0/src/rp2_common/hardware_irq/irq.c.obj
                0x10000d8c                irq_add_shared_handler
 .text.irq_remove_handler
                0x10000f80      0x1d4 source/CMakeFiles/FreeRTOS-Template.dir/Users/sbstfrnndz/.pico-sdk/sdk/2.0.0/src/rp2_common/hardware_irq/irq.c.obj
                0x10000f80                irq_remove_handler
 .text.irq_set_priority
                0x10001154       0x28 source/CMakeFiles/FreeRTOS-Template.dir/Users/sbstfrnndz/.pico-sdk/sdk/2.0.0/src/rp2_common/hardware_irq/irq.c.obj
                0x10001154                irq_set_priority
 .text.irq_add_tail_to_free_list
                0x1000117c       0xb4 source/CMakeFiles/FreeRTOS-Template.dir/Users/sbstfrnndz/.pico-sdk/sdk/2.0.0/src/rp2_common/hardware_irq/irq.c.obj
                0x1000117c                irq_add_tail_to_free_list
 .text.user_irq_claim_unused
                0x10001230       0x2c source/CMakeFiles/FreeRTOS-Template.dir/Users/sbstfrnndz/.pico-sdk/sdk/2.0.0/src/rp2_common/hardware_irq/irq.c.obj
                0x10001230                user_irq_claim_unused
 .text.lock_init
                0x1000125c       0x10 source/CMakeFiles/FreeRTOS-Template.dir/Users/sbstfrnndz/.pico-sdk/sdk/2.0.0/src/common/pico_sync/lock_core.c.obj
                0x1000125c                lock_init
 .text.runtime_init_mutex
                0x1000126c       0x54 source/CMakeFiles/FreeRTOS-Template.dir/Users/sbstfrnndz/.pico-sdk/sdk/2.0.0/src/common/pico_sync/mutex.c.obj
                0x1000126c                runtime_init_mutex
 .text.mutex_init
                0x100012c0       0x1c source/CMakeFiles/FreeRTOS-Template.dir/Users/sbstfrnndz/.pico-sdk/sdk/2.0.0/src/common/pico_sync/mutex.c.obj
                0x100012c0                mutex_init
 .text.critical_section_init
                0x100012dc       0x1c source/CMakeFiles/FreeRTOS-Template.dir/Users/sbstfrnndz/.pico-sdk/sdk/2.0.0/src/common/pico_sync/critical_section.c.obj
                0x100012dc                critical_section_init
 .text.critical_section_init_with_lock_num
                0x100012f8       0x14 source/CMakeFiles/FreeRTOS-Template.dir/Users/sbstfrnndz/.pico-sdk/sdk/2.0.0/src/common/pico_sync/critical_section.c.obj
                0x100012f8                critical_section_init_with_lock_num
 .text.alarm_pool_irq_handler
                0x1000130c      0x2e4 source/CMakeFiles/FreeRTOS-Template.dir/Users/sbstfrnndz/.pico-sdk/sdk/2.0.0/src/common/pico_time/time.c.obj
 .text.sleep_until_callback
                0x100015f0       0x24 source/CMakeFiles/FreeRTOS-Template.dir/Users/sbstfrnndz/.pico-sdk/sdk/2.0.0/src/common/pico_time/time.c.obj
 .text.runtime_init_default_alarm_pool
                0x10001614       0xdc source/CMakeFiles/FreeRTOS-Template.dir/Users/sbstfrnndz/.pico-sdk/sdk/2.0.0/src/common/pico_time/time.c.obj
                0x10001614                runtime_init_default_alarm_pool
 .text.alarm_pool_get_default
                0x100016f0        0x8 source/CMakeFiles/FreeRTOS-Template.dir/Users/sbstfrnndz/.pico-sdk/sdk/2.0.0/src/common/pico_time/time.c.obj
                0x100016f0                alarm_pool_get_default
 .text.alarm_pool_add_alarm_at
                0x100016f8       0xd4 source/CMakeFiles/FreeRTOS-Template.dir/Users/sbstfrnndz/.pico-sdk/sdk/2.0.0/src/common/pico_time/time.c.obj
                0x100016f8                alarm_pool_add_alarm_at
 .text.alarm_pool_cancel_alarm
                0x100017cc       0x74 source/CMakeFiles/FreeRTOS-Template.dir/Users/sbstfrnndz/.pico-sdk/sdk/2.0.0/src/common/pico_time/time.c.obj
                0x100017cc                alarm_pool_cancel_alarm
 .text.alarm_pool_core_num
                0x10001840        0x4 source/CMakeFiles/FreeRTOS-Template.dir/Users/sbstfrnndz/.pico-sdk/sdk/2.0.0/src/common/pico_time/time.c.obj
                0x10001840                alarm_pool_core_num
 .text.best_effort_wfe_or_timeout
                0x10001844      0x134 source/CMakeFiles/FreeRTOS-Template.dir/Users/sbstfrnndz/.pico-sdk/sdk/2.0.0/src/common/pico_time/time.c.obj
                0x10001844                best_effort_wfe_or_timeout
 .text.timer_hardware_alarm_claim
                0x10001978       0x14 source/CMakeFiles/FreeRTOS-Template.dir/Users/sbstfrnndz/.pico-sdk/sdk/2.0.0/src/rp2_common/hardware_timer/timer.c.obj
                0x10001978                timer_hardware_alarm_claim
 .text.timer_time_us_64
                0x1000198c       0x10 source/CMakeFiles/FreeRTOS-Template.dir/Users/sbstfrnndz/.pico-sdk/sdk/2.0.0/src/rp2_common/hardware_timer/timer.c.obj
                0x1000198c                timer_time_us_64
 .text.time_us_64
                0x1000199c       0x14 source/CMakeFiles/FreeRTOS-Template.dir/Users/sbstfrnndz/.pico-sdk/sdk/2.0.0/src/rp2_common/hardware_timer/timer.c.obj
                0x1000199c                time_us_64
 .text.busy_wait_us
                0x100019b0       0x68 source/CMakeFiles/FreeRTOS-Template.dir/Users/sbstfrnndz/.pico-sdk/sdk/2.0.0/src/rp2_common/hardware_timer/timer.c.obj
                0x100019b0                busy_wait_us
 .text.uart_init
                0x10001a18      0x120 source/CMakeFiles/FreeRTOS-Template.dir/Users/sbstfrnndz/.pico-sdk/sdk/2.0.0/src/rp2_common/hardware_uart/uart.c.obj
                0x10001a18                uart_init
 .text.clock_configure_int_divider
                0x10001b38       0xf4 source/CMakeFiles/FreeRTOS-Template.dir/Users/sbstfrnndz/.pico-sdk/sdk/2.0.0/src/rp2_common/hardware_clocks/clocks.c.obj
                0x10001b38                clock_configure_int_divider
 .text.clock_configure_undivided
                0x10001c2c       0xe8 source/CMakeFiles/FreeRTOS-Template.dir/Users/sbstfrnndz/.pico-sdk/sdk/2.0.0/src/rp2_common/hardware_clocks/clocks.c.obj
                0x10001c2c                clock_configure_undivided
 .text.clock_get_hz
                0x10001d14        0xc source/CMakeFiles/FreeRTOS-Template.dir/Users/sbstfrnndz/.pico-sdk/sdk/2.0.0/src/rp2_common/hardware_clocks/clocks.c.obj
                0x10001d14                clock_get_hz
 .text.pll_init
                0x10001d20       0xa4 source/CMakeFiles/FreeRTOS-Template.dir/Users/sbstfrnndz/.pico-sdk/sdk/2.0.0/src/rp2_common/hardware_pll/pll.c.obj
                0x10001d20                pll_init
 .text.watchdog_reboot
                0x10001dc4       0x9c source/CMakeFiles/FreeRTOS-Template.dir/Users/sbstfrnndz/.pico-sdk/sdk/2.0.0/src/rp2_common/hardware_watchdog/watchdog.c.obj
                0x10001dc4                watchdog_reboot
 .text.tick_start
                0x10001e60       0x10 source/CMakeFiles/FreeRTOS-Template.dir/Users/sbstfrnndz/.pico-sdk/sdk/2.0.0/src/rp2_common/hardware_ticks/ticks.c.obj
                0x10001e60                tick_start
 .text.xosc_init
                0x10001e70       0x28 source/CMakeFiles/FreeRTOS-Template.dir/Users/sbstfrnndz/.pico-sdk/sdk/2.0.0/src/rp2_common/hardware_xosc/xosc.c.obj
                0x10001e70                xosc_init
 .text.first_per_core_initializer
                0x10001e98        0x4 source/CMakeFiles/FreeRTOS-Template.dir/Users/sbstfrnndz/.pico-sdk/sdk/2.0.0/src/rp2_common/pico_runtime/runtime.c.obj
 .text.hard_assertion_failure
                0x10001e9c        0xc source/CMakeFiles/FreeRTOS-Template.dir/Users/sbstfrnndz/.pico-sdk/sdk/2.0.0/src/rp2_common/pico_runtime/runtime.c.obj
                0x10001e9c                hard_assertion_failure
 .text.runtime_run_initializers
                0x10001ea8       0x28 source/CMakeFiles/FreeRTOS-Template.dir/Users/sbstfrnndz/.pico-sdk/sdk/2.0.0/src/rp2_common/pico_runtime/runtime.c.obj
                0x10001ea8                runtime_run_initializers
 .text.runtime_init_early_resets
                0x10001ed0       0x2c source/CMakeFiles/FreeRTOS-Template.dir/Users/sbstfrnndz/.pico-sdk/sdk/2.0.0/src/rp2_common/pico_runtime_init/runtime_init.c.obj
                0x10001ed0                runtime_init_early_resets
 .text.runtime_init_usb_power_down
                0x10001efc       0x1c source/CMakeFiles/FreeRTOS-Template.dir/Users/sbstfrnndz/.pico-sdk/sdk/2.0.0/src/rp2_common/pico_runtime_init/runtime_init.c.obj
                0x10001efc                runtime_init_usb_power_down
 .text.runtime_init_post_clock_resets
                0x10001f18       0x20 source/CMakeFiles/FreeRTOS-Template.dir/Users/sbstfrnndz/.pico-sdk/sdk/2.0.0/src/rp2_common/pico_runtime_init/runtime_init.c.obj
                0x10001f18                runtime_init_post_clock_resets
 .text.runtime_init_rp2040_gpio_ie_disable
                0x10001f38       0x14 source/CMakeFiles/FreeRTOS-Template.dir/Users/sbstfrnndz/.pico-sdk/sdk/2.0.0/src/rp2_common/pico_runtime_init/runtime_init.c.obj
                0x10001f38                runtime_init_rp2040_gpio_ie_disable
 .text.runtime_init_spin_locks_reset
                0x10001f4c        0x8 source/CMakeFiles/FreeRTOS-Template.dir/Users/sbstfrnndz/.pico-sdk/sdk/2.0.0/src/rp2_common/pico_runtime_init/runtime_init.c.obj
                0x10001f4c                runtime_init_spin_locks_reset
 .text.runtime_init_install_ram_vector_table
                0x10001f54       0x1c source/CMakeFiles/FreeRTOS-Template.dir/Users/sbstfrnndz/.pico-sdk/sdk/2.0.0/src/rp2_common/pico_runtime_init/runtime_init.c.obj
                0x10001f54                runtime_init_install_ram_vector_table
 .text.runtime_init_clocks
                0x10001f70       0xd8 source/CMakeFiles/FreeRTOS-Template.dir/Users/sbstfrnndz/.pico-sdk/sdk/2.0.0/src/rp2_common/pico_runtime_init/runtime_init_clocks.c.obj
                0x10001f70                runtime_init_clocks
 .text          0x10002048       0x10 source/CMakeFiles/FreeRTOS-Template.dir/Users/sbstfrnndz/.pico-sdk/sdk/2.0.0/src/rp2_common/pico_bit_ops/bit_ops_aeabi.S.obj
 .text.rom_func_lookup
                0x10002058       0x10 source/CMakeFiles/FreeRTOS-Template.dir/Users/sbstfrnndz/.pico-sdk/sdk/2.0.0/src/rp2_common/pico_bootrom/bootrom.c.obj
                0x10002058                rom_func_lookup
 .text.rom_data_lookup
                0x10002068       0x10 source/CMakeFiles/FreeRTOS-Template.dir/Users/sbstfrnndz/.pico-sdk/sdk/2.0.0/src/rp2_common/pico_bootrom/bootrom.c.obj
                0x10002068                rom_data_lookup
 .text.rom_funcs_lookup
                0x10002078       0x44 source/CMakeFiles/FreeRTOS-Template.dir/Users/sbstfrnndz/.pico-sdk/sdk/2.0.0/src/rp2_common/pico_bootrom/bootrom.c.obj
                0x10002078                rom_funcs_lookup
 .text.rom_reset_usb_boot
                0x100020bc       0x20 source/CMakeFiles/FreeRTOS-Template.dir/Users/sbstfrnndz/.pico-sdk/sdk/2.0.0/src/rp2_common/pico_bootrom/bootrom.c.obj
                0x100020bc                rom_reset_usb_boot
 .text.__wrap___aeabi_idiv
                0x100020dc       0x50 source/CMakeFiles/FreeRTOS-Template.dir/Users/sbstfrnndz/.pico-sdk/sdk/2.0.0/src/rp2_common/pico_divider/divider_hardware.S.obj
                0x100020dc                __wrap___aeabi_idivmod
                0x100020dc                divmod_s32s32
                0x100020dc                div_s32s32
                0x100020dc                __wrap___aeabi_idiv
                0x100020e4                divmod_s32s32_unsafe
                0x10002110                divmod_s32s32_savestate
 .text.__wrap___aeabi_uidiv
                0x1000212c       0x4c source/CMakeFiles/FreeRTOS-Template.dir/Users/sbstfrnndz/.pico-sdk/sdk/2.0.0/src/rp2_common/pico_divider/divider_hardware.S.obj
                0x1000212c                __wrap___aeabi_uidiv
                0x1000212c                __wrap___aeabi_uidivmod
                0x1000212c                div_u32u32
                0x1000212c                divmod_u32u32
                0x10002134                divmod_u32u32_unsafe
                0x1000215c                divmod_u32u32_savestate
 .text.__wrap___aeabi_ldiv
                0x10002178      0x424 source/CMakeFiles/FreeRTOS-Template.dir/Users/sbstfrnndz/.pico-sdk/sdk/2.0.0/src/rp2_common/pico_divider/divider_hardware.S.obj
                0x10002178                __wrap___aeabi_ldivmod
                0x10002178                div_s64s64
                0x10002178                divmod_s64s64
                0x100021a8                divmod_u64u64
                0x100021a8                div_u64u64
                0x100021a8                __wrap___aeabi_uldivmod
                0x100021b8                divmod_u64u64_savestate
                0x100021d8                divmod_s64s64_unsafe
                0x10002260                divmod_u64u64_unsafe
 .text.__wrap___aeabi_darithmetic
                0x1000259c       0x60 source/CMakeFiles/FreeRTOS-Template.dir/Users/sbstfrnndz/.pico-sdk/sdk/2.0.0/src/rp2_common/pico_double/double_aeabi_rp2040.S.obj
                0x1000259c                __wrap___aeabi_drsub
                0x100025a2                __wrap___aeabi_dsub
                0x100025ac                __wrap___aeabi_dadd
                0x100025b6                __wrap___aeabi_ddiv
                0x100025ea                __wrap___aeabi_dmul
 .text.__wrap___aeabi_cdcmple
                0x100025fc       0x6c source/CMakeFiles/FreeRTOS-Template.dir/Users/sbstfrnndz/.pico-sdk/sdk/2.0.0/src/rp2_common/pico_double/double_aeabi_rp2040.S.obj
                0x100025fc                __wrap___aeabi_cdrcmple
                0x1000260c                __wrap___aeabi_cdcmple
                0x1000260c                __wrap___aeabi_cdcmpeq
 .text.__wrap___aeabi_dcmplt
                0x10002668        0xc source/CMakeFiles/FreeRTOS-Template.dir/Users/sbstfrnndz/.pico-sdk/sdk/2.0.0/src/rp2_common/pico_double/double_aeabi_rp2040.S.obj
                0x10002668                __wrap___aeabi_dcmplt
 .text.__wrap___aeabi_dcmpge
                0x10002674       0x10 source/CMakeFiles/FreeRTOS-Template.dir/Users/sbstfrnndz/.pico-sdk/sdk/2.0.0/src/rp2_common/pico_double/double_aeabi_rp2040.S.obj
                0x10002674                __wrap___aeabi_dcmpge
 .text.__wrap___aeabi_dcmpgt
                0x10002684        0xa source/CMakeFiles/FreeRTOS-Template.dir/Users/sbstfrnndz/.pico-sdk/sdk/2.0.0/src/rp2_common/pico_double/double_aeabi_rp2040.S.obj
                0x10002684                __wrap___aeabi_dcmpgt
 .text.__wrap___aeabi_dcmpun
                0x1000268e       0x18 source/CMakeFiles/FreeRTOS-Template.dir/Users/sbstfrnndz/.pico-sdk/sdk/2.0.0/src/rp2_common/pico_double/double_aeabi_rp2040.S.obj
                0x1000268e                __wrap___aeabi_dcmpun
 *fill*         0x100026a6        0x2 
 .text.__wrap___aeabi_i2d
                0x100026a8       0x38 source/CMakeFiles/FreeRTOS-Template.dir/Users/sbstfrnndz/.pico-sdk/sdk/2.0.0/src/rp2_common/pico_double/double_aeabi_rp2040.S.obj
                0x100026a8                __wrap___aeabi_ui2d
                0x100026b0                __wrap___aeabi_i2d
 .text.__wrap___aeabi_d2iz
                0x100026e0       0x48 source/CMakeFiles/FreeRTOS-Template.dir/Users/sbstfrnndz/.pico-sdk/sdk/2.0.0/src/rp2_common/pico_double/double_aeabi_rp2040.S.obj
                0x100026e0                __wrap___aeabi_d2iz
                0x100026e0                double2int_z
 .text.__wrap___aeabi_d2uiz
                0x10002728       0x10 source/CMakeFiles/FreeRTOS-Template.dir/Users/sbstfrnndz/.pico-sdk/sdk/2.0.0/src/rp2_common/pico_double/double_aeabi_rp2040.S.obj
                0x10002728                double2uint
                0x10002728                __wrap___aeabi_d2uiz
 .text.missing_double_func_shim
                0x10002738        0xc source/CMakeFiles/FreeRTOS-Template.dir/Users/sbstfrnndz/.pico-sdk/sdk/2.0.0/src/rp2_common/pico_double/double_init_rom_rp2040.c.obj
 .text.__aeabi_double_init
                0x10002744       0xa0 source/CMakeFiles/FreeRTOS-Template.dir/Users/sbstfrnndz/.pico-sdk/sdk/2.0.0/src/rp2_common/pico_double/double_init_rom_rp2040.c.obj
                0x10002744                __aeabi_double_init
 .text.double_table_shim_on_use_helper
                0x100027e4       0x2c source/CMakeFiles/FreeRTOS-Template.dir/Users/sbstfrnndz/.pico-sdk/sdk/2.0.0/src/rp2_common/pico_double/double_v1_rom_shim_rp2040.S.obj
                0x100027e4                double_table_shim_on_use_helper
 .text.__aeabi_lmul
                0x10002810       0x32 source/CMakeFiles/FreeRTOS-Template.dir/Users/sbstfrnndz/.pico-sdk/sdk/2.0.0/src/rp2_common/pico_int64_ops/pico_int64_ops_aeabi.S.obj
                0x10002810                __wrap___aeabi_lmul
 *fill*         0x10002842        0x2 
 .text.missing_float_func_shim
                0x10002844        0xc source/CMakeFiles/FreeRTOS-Template.dir/Users/sbstfrnndz/.pico-sdk/sdk/2.0.0/src/rp2_common/pico_float/float_init_rom_rp2040.c.obj
 .text.__aeabi_float_init
                0x10002850       0x5c source/CMakeFiles/FreeRTOS-Template.dir/Users/sbstfrnndz/.pico-sdk/sdk/2.0.0/src/rp2_common/pico_float/float_init_rom_rp2040.c.obj
                0x10002850                __aeabi_float_init
 .text          0x100028ac       0x10 source/CMakeFiles/FreeRTOS-Template.dir/Users/sbstfrnndz/.pico-sdk/sdk/2.0.0/src/rp2_common/pico_mem_ops/mem_ops_aeabi.S.obj
                0x100028ac                __aeabi_mem_init
 .text.memset   0x100028bc        0xc source/CMakeFiles/FreeRTOS-Template.dir/Users/sbstfrnndz/.pico-sdk/sdk/2.0.0/src/rp2_common/pico_mem_ops/mem_ops_aeabi.S.obj
                0x100028bc                __wrap_memset
 .text.memcpy   0x100028c8        0xc source/CMakeFiles/FreeRTOS-Template.dir/Users/sbstfrnndz/.pico-sdk/sdk/2.0.0/src/rp2_common/pico_mem_ops/mem_ops_aeabi.S.obj
                0x100028c8                __wrap___aeabi_memcpy
                0x100028c8                __wrap_memcpy
 .text._out_null
                0x100028d4        0x4 source/CMakeFiles/FreeRTOS-Template.dir/Users/sbstfrnndz/.pico-sdk/sdk/2.0.0/src/rp2_common/pico_printf/printf.c.obj
 .text._out_rev
                0x100028d8       0xac source/CMakeFiles/FreeRTOS-Template.dir/Users/sbstfrnndz/.pico-sdk/sdk/2.0.0/src/rp2_common/pico_printf/printf.c.obj
 .text._ntoa_format
                0x10002984      0x250 source/CMakeFiles/FreeRTOS-Template.dir/Users/sbstfrnndz/.pico-sdk/sdk/2.0.0/src/rp2_common/pico_printf/printf.c.obj
 .text._out_char
                0x10002bd4       0x10 source/CMakeFiles/FreeRTOS-Template.dir/Users/sbstfrnndz/.pico-sdk/sdk/2.0.0/src/rp2_common/pico_printf/printf.c.obj
 .text._out_fct
                0x10002be4       0x10 source/CMakeFiles/FreeRTOS-Template.dir/Users/sbstfrnndz/.pico-sdk/sdk/2.0.0/src/rp2_common/pico_printf/printf.c.obj
 .text._etoa    0x10002bf4      0x464 source/CMakeFiles/FreeRTOS-Template.dir/Users/sbstfrnndz/.pico-sdk/sdk/2.0.0/src/rp2_common/pico_printf/printf.c.obj
 .text._ftoa    0x10003058      0x3c0 source/CMakeFiles/FreeRTOS-Template.dir/Users/sbstfrnndz/.pico-sdk/sdk/2.0.0/src/rp2_common/pico_printf/printf.c.obj
 .text._vsnprintf
                0x10003418      0xbc8 source/CMakeFiles/FreeRTOS-Template.dir/Users/sbstfrnndz/.pico-sdk/sdk/2.0.0/src/rp2_common/pico_printf/printf.c.obj
 .text.vfctprintf
                0x10003fe0       0x20 source/CMakeFiles/FreeRTOS-Template.dir/Users/sbstfrnndz/.pico-sdk/sdk/2.0.0/src/rp2_common/pico_printf/printf.c.obj
                0x10003fe0                vfctprintf
 .text.weak_raw_vprintf
                0x10004000       0x30 source/CMakeFiles/FreeRTOS-Template.dir/Users/sbstfrnndz/.pico-sdk/sdk/2.0.0/src/rp2_common/pico_printf/printf.c.obj
                0x10004000                weak_raw_vprintf
 .text._exit    0x10004030        0x4 source/CMakeFiles/FreeRTOS-Template.dir/Users/sbstfrnndz/.pico-sdk/sdk/2.0.0/src/rp2_common/pico_clib_interface/newlib_interface.c.obj
                0x10004030                _exit
 .text.exit     0x10004034        0x8 source/CMakeFiles/FreeRTOS-Template.dir/Users/sbstfrnndz/.pico-sdk/sdk/2.0.0/src/rp2_common/pico_clib_interface/newlib_interface.c.obj
                0x10004034                exit
 .text.runtime_init
                0x1000403c       0x2c source/CMakeFiles/FreeRTOS-Template.dir/Users/sbstfrnndz/.pico-sdk/sdk/2.0.0/src/rp2_common/pico_clib_interface/newlib_interface.c.obj
                0x1000403c                runtime_init
 .text.stdio_out_chars_no_crlf
                0x10004068       0x10 source/CMakeFiles/FreeRTOS-Template.dir/Users/sbstfrnndz/.pico-sdk/sdk/2.0.0/src/rp2_common/pico_stdio/stdio.c.obj
 .text.stdio_out_chars_crlf
                0x10004078       0x94 source/CMakeFiles/FreeRTOS-Template.dir/Users/sbstfrnndz/.pico-sdk/sdk/2.0.0/src/rp2_common/pico_stdio/stdio.c.obj
 .text.stdio_buffered_printer
                0x1000410c       0x64 source/CMakeFiles/FreeRTOS-Template.dir/Users/sbstfrnndz/.pico-sdk/sdk/2.0.0/src/rp2_common/pico_stdio/stdio.c.obj
 .text.stdio_put_string
                0x10004170      0x100 source/CMakeFiles/FreeRTOS-Template.dir/Users/sbstfrnndz/.pico-sdk/sdk/2.0.0/src/rp2_common/pico_stdio/stdio.c.obj
                0x10004170                stdio_put_string
 .text.stdio_set_driver_enabled
                0x10004270       0x30 source/CMakeFiles/FreeRTOS-Template.dir/Users/sbstfrnndz/.pico-sdk/sdk/2.0.0/src/rp2_common/pico_stdio/stdio.c.obj
                0x10004270                stdio_set_driver_enabled
 .text.stdio_init_all
                0x100042a0       0x10 source/CMakeFiles/FreeRTOS-Template.dir/Users/sbstfrnndz/.pico-sdk/sdk/2.0.0/src/rp2_common/pico_stdio/stdio.c.obj
                0x100042a0                stdio_init_all
 .text.__wrap_putchar
                0x100042b0       0x98 source/CMakeFiles/FreeRTOS-Template.dir/Users/sbstfrnndz/.pico-sdk/sdk/2.0.0/src/rp2_common/pico_stdio/stdio.c.obj
                0x100042b0                stdio_putchar
                0x100042b0                __wrap_putchar
 .text.__wrap_puts
                0x10004348       0x3c source/CMakeFiles/FreeRTOS-Template.dir/Users/sbstfrnndz/.pico-sdk/sdk/2.0.0/src/rp2_common/pico_stdio/stdio.c.obj
                0x10004348                __wrap_puts
                0x10004348                stdio_puts
 .text.__wrap_vprintf
                0x10004384       0xd4 source/CMakeFiles/FreeRTOS-Template.dir/Users/sbstfrnndz/.pico-sdk/sdk/2.0.0/src/rp2_common/pico_stdio/stdio.c.obj
                0x10004384                __wrap_vprintf
                0x10004384                stdio_vprintf
 .text.__wrap_printf
                0x10004458       0x18 source/CMakeFiles/FreeRTOS-Template.dir/Users/sbstfrnndz/.pico-sdk/sdk/2.0.0/src/rp2_common/pico_stdio/stdio.c.obj
                0x10004458                stdio_printf
                0x10004458                __wrap_printf
 .text.stdio_uart_out_chars
                0x10004470       0x4c source/CMakeFiles/FreeRTOS-Template.dir/Users/sbstfrnndz/.pico-sdk/sdk/2.0.0/src/rp2_common/pico_stdio_uart/stdio_uart.c.obj
 .text.stdio_uart_in_chars
                0x100044bc       0x90 source/CMakeFiles/FreeRTOS-Template.dir/Users/sbstfrnndz/.pico-sdk/sdk/2.0.0/src/rp2_common/pico_stdio_uart/stdio_uart.c.obj
                0x100044bc                stdio_uart_in_chars
 .text.on_uart_rx
                0x1000454c       0x28 source/CMakeFiles/FreeRTOS-Template.dir/Users/sbstfrnndz/.pico-sdk/sdk/2.0.0/src/rp2_common/pico_stdio_uart/stdio_uart.c.obj
 .text.stdio_uart_out_flush
                0x10004574       0x10 source/CMakeFiles/FreeRTOS-Template.dir/Users/sbstfrnndz/.pico-sdk/sdk/2.0.0/src/rp2_common/pico_stdio_uart/stdio_uart.c.obj
 .text.stdio_uart_set_chars_available_callback
                0x10004584       0x8c source/CMakeFiles/FreeRTOS-Template.dir/Users/sbstfrnndz/.pico-sdk/sdk/2.0.0/src/rp2_common/pico_stdio_uart/stdio_uart.c.obj
 .text.stdio_uart_init
                0x10004610       0x50 source/CMakeFiles/FreeRTOS-Template.dir/Users/sbstfrnndz/.pico-sdk/sdk/2.0.0/src/rp2_common/pico_stdio_uart/stdio_uart.c.obj
                0x10004610                stdio_uart_init
 .text.resetd_init
                0x10004660        0x4 source/CMakeFiles/FreeRTOS-Template.dir/Users/sbstfrnndz/.pico-sdk/sdk/2.0.0/src/rp2_common/pico_stdio_usb/reset_interface.c.obj
 .text.resetd_reset
                0x10004664        0xc source/CMakeFiles/FreeRTOS-Template.dir/Users/sbstfrnndz/.pico-sdk/sdk/2.0.0/src/rp2_common/pico_stdio_usb/reset_interface.c.obj
 .text.resetd_open
                0x10004670       0x28 source/CMakeFiles/FreeRTOS-Template.dir/Users/sbstfrnndz/.pico-sdk/sdk/2.0.0/src/rp2_common/pico_stdio_usb/reset_interface.c.obj
 .text.resetd_xfer_cb
                0x10004698        0x4 source/CMakeFiles/FreeRTOS-Template.dir/Users/sbstfrnndz/.pico-sdk/sdk/2.0.0/src/rp2_common/pico_stdio_usb/reset_interface.c.obj
 .text.resetd_control_xfer_cb
                0x1000469c       0x54 source/CMakeFiles/FreeRTOS-Template.dir/Users/sbstfrnndz/.pico-sdk/sdk/2.0.0/src/rp2_common/pico_stdio_usb/reset_interface.c.obj
 .text.tud_descriptor_bos_cb
                0x100046f0        0x8 source/CMakeFiles/FreeRTOS-Template.dir/Users/sbstfrnndz/.pico-sdk/sdk/2.0.0/src/rp2_common/pico_stdio_usb/reset_interface.c.obj
                0x100046f0                tud_descriptor_bos_cb
 .text.tud_vendor_control_xfer_cb
                0x100046f8       0x34 source/CMakeFiles/FreeRTOS-Template.dir/Users/sbstfrnndz/.pico-sdk/sdk/2.0.0/src/rp2_common/pico_stdio_usb/reset_interface.c.obj
                0x100046f8                tud_vendor_control_xfer_cb
 .text.usbd_app_driver_get_cb
                0x1000472c        0xc source/CMakeFiles/FreeRTOS-Template.dir/Users/sbstfrnndz/.pico-sdk/sdk/2.0.0/src/rp2_common/pico_stdio_usb/reset_interface.c.obj
                0x1000472c                usbd_app_driver_get_cb
 .text.tud_cdc_line_coding_cb
                0x10004738       0x28 source/CMakeFiles/FreeRTOS-Template.dir/Users/sbstfrnndz/.pico-sdk/sdk/2.0.0/src/rp2_common/pico_stdio_usb/reset_interface.c.obj
                0x10004738                tud_cdc_line_coding_cb
 .text.stdio_usb_set_chars_available_callback
                0x10004760       0x14 source/CMakeFiles/FreeRTOS-Template.dir/Users/sbstfrnndz/.pico-sdk/sdk/2.0.0/src/rp2_common/pico_stdio_usb/stdio_usb.c.obj
                0x10004760                stdio_usb_set_chars_available_callback
 .text.usb_irq  0x10004774       0x10 source/CMakeFiles/FreeRTOS-Template.dir/Users/sbstfrnndz/.pico-sdk/sdk/2.0.0/src/rp2_common/pico_stdio_usb/stdio_usb.c.obj
 .text.timer_task
                0x10004784       0x64 source/CMakeFiles/FreeRTOS-Template.dir/Users/sbstfrnndz/.pico-sdk/sdk/2.0.0/src/rp2_common/pico_stdio_usb/stdio_usb.c.obj
 .text.stdio_usb_in_chars
                0x100047e8       0x90 source/CMakeFiles/FreeRTOS-Template.dir/Users/sbstfrnndz/.pico-sdk/sdk/2.0.0/src/rp2_common/pico_stdio_usb/stdio_usb.c.obj
                0x100047e8                stdio_usb_in_chars
 .text.stdio_usb_out_flush
                0x10004878       0x50 source/CMakeFiles/FreeRTOS-Template.dir/Users/sbstfrnndz/.pico-sdk/sdk/2.0.0/src/rp2_common/pico_stdio_usb/stdio_usb.c.obj
 .text.stdio_usb_out_chars
                0x100048c8      0x104 source/CMakeFiles/FreeRTOS-Template.dir/Users/sbstfrnndz/.pico-sdk/sdk/2.0.0/src/rp2_common/pico_stdio_usb/stdio_usb.c.obj
 .text.low_priority_worker_irq
                0x100049cc       0xcc source/CMakeFiles/FreeRTOS-Template.dir/Users/sbstfrnndz/.pico-sdk/sdk/2.0.0/src/rp2_common/pico_stdio_usb/stdio_usb.c.obj
 .text.stdio_usb_init
                0x10004a98       0xe8 source/CMakeFiles/FreeRTOS-Template.dir/Users/sbstfrnndz/.pico-sdk/sdk/2.0.0/src/rp2_common/pico_stdio_usb/stdio_usb.c.obj
                0x10004a98                stdio_usb_init
 .text.tud_descriptor_device_cb
                0x10004b80        0x8 source/CMakeFiles/FreeRTOS-Template.dir/Users/sbstfrnndz/.pico-sdk/sdk/2.0.0/src/rp2_common/pico_stdio_usb/stdio_usb_descriptors.c.obj
                0x10004b80                tud_descriptor_device_cb
 .text.tud_descriptor_configuration_cb
                0x10004b88        0x8 source/CMakeFiles/FreeRTOS-Template.dir/Users/sbstfrnndz/.pico-sdk/sdk/2.0.0/src/rp2_common/pico_stdio_usb/stdio_usb_descriptors.c.obj
                0x10004b88                tud_descriptor_configuration_cb
 .text.tud_descriptor_string_cb
                0x10004b90       0x78 source/CMakeFiles/FreeRTOS-Template.dir/Users/sbstfrnndz/.pico-sdk/sdk/2.0.0/src/rp2_common/pico_stdio_usb/stdio_usb_descriptors.c.obj
                0x10004b90                tud_descriptor_string_cb
 .text.startup._retrieve_unique_id_on_boot
                0x10004c08       0x10 source/CMakeFiles/FreeRTOS-Template.dir/Users/sbstfrnndz/.pico-sdk/sdk/2.0.0/src/rp2_common/pico_unique_id/unique_id.c.obj
 .text.pico_get_unique_board_id_string
                0x10004c18      0x1a8 source/CMakeFiles/FreeRTOS-Template.dir/Users/sbstfrnndz/.pico-sdk/sdk/2.0.0/src/rp2_common/pico_unique_id/unique_id.c.obj
                0x10004c18                pico_get_unique_board_id_string
 .text.flash_get_unique_id
                0x10004dc0       0x3c source/CMakeFiles/FreeRTOS-Template.dir/Users/sbstfrnndz/.pico-sdk/sdk/2.0.0/src/rp2_common/hardware_flash/flash.c.obj
                0x10004dc0                flash_get_unique_id
 .text.dcd_init
                0x10004dfc       0x8c source/CMakeFiles/FreeRTOS-Template.dir/Users/sbstfrnndz/.pico-sdk/sdk/2.0.0/lib/tinyusb/src/portable/raspberrypi/rp2040/dcd_rp2040.c.obj
                0x10004dfc                dcd_init
 .text.dcd_int_enable
                0x10004e88        0xc source/CMakeFiles/FreeRTOS-Template.dir/Users/sbstfrnndz/.pico-sdk/sdk/2.0.0/lib/tinyusb/src/portable/raspberrypi/rp2040/dcd_rp2040.c.obj
                0x10004e88                dcd_int_enable
 .text.dcd_set_address
                0x10004e94       0x14 source/CMakeFiles/FreeRTOS-Template.dir/Users/sbstfrnndz/.pico-sdk/sdk/2.0.0/lib/tinyusb/src/portable/raspberrypi/rp2040/dcd_rp2040.c.obj
                0x10004e94                dcd_set_address
 .text.dcd_sof_enable
                0x10004ea8       0x1c source/CMakeFiles/FreeRTOS-Template.dir/Users/sbstfrnndz/.pico-sdk/sdk/2.0.0/lib/tinyusb/src/portable/raspberrypi/rp2040/dcd_rp2040.c.obj
                0x10004ea8                dcd_sof_enable
 .text.dcd_edpt0_status_complete
                0x10004ec4       0x1c source/CMakeFiles/FreeRTOS-Template.dir/Users/sbstfrnndz/.pico-sdk/sdk/2.0.0/lib/tinyusb/src/portable/raspberrypi/rp2040/dcd_rp2040.c.obj
                0x10004ec4                dcd_edpt0_status_complete
 .text.dcd_edpt_open
                0x10004ee0      0x108 source/CMakeFiles/FreeRTOS-Template.dir/Users/sbstfrnndz/.pico-sdk/sdk/2.0.0/lib/tinyusb/src/portable/raspberrypi/rp2040/dcd_rp2040.c.obj
                0x10004ee0                dcd_edpt_open
 .text.dcd_edpt_close_all
                0x10004fe8        0x8 source/CMakeFiles/FreeRTOS-Template.dir/Users/sbstfrnndz/.pico-sdk/sdk/2.0.0/lib/tinyusb/src/portable/raspberrypi/rp2040/dcd_rp2040.c.obj
                0x10004fe8                dcd_edpt_close_all
 .text.dcd_edpt_xfer
                0x10004ff0       0x24 source/CMakeFiles/FreeRTOS-Template.dir/Users/sbstfrnndz/.pico-sdk/sdk/2.0.0/lib/tinyusb/src/portable/raspberrypi/rp2040/dcd_rp2040.c.obj
                0x10004ff0                dcd_edpt_xfer
 .text.dcd_edpt_stall
                0x10005014       0x34 source/CMakeFiles/FreeRTOS-Template.dir/Users/sbstfrnndz/.pico-sdk/sdk/2.0.0/lib/tinyusb/src/portable/raspberrypi/rp2040/dcd_rp2040.c.obj
                0x10005014                dcd_edpt_stall
 .text.dcd_edpt_clear_stall
                0x10005048       0x30 source/CMakeFiles/FreeRTOS-Template.dir/Users/sbstfrnndz/.pico-sdk/sdk/2.0.0/lib/tinyusb/src/portable/raspberrypi/rp2040/dcd_rp2040.c.obj
                0x10005048                dcd_edpt_clear_stall
 .text.rp2040_usb_init
                0x10005078       0x40 source/CMakeFiles/FreeRTOS-Template.dir/Users/sbstfrnndz/.pico-sdk/sdk/2.0.0/lib/tinyusb/src/portable/raspberrypi/rp2040/rp2040_usb.c.obj
                0x10005078                rp2040_usb_init
 .text.hw_endpoint_xfer_start
                0x100050b8       0x40 source/CMakeFiles/FreeRTOS-Template.dir/Users/sbstfrnndz/.pico-sdk/sdk/2.0.0/lib/tinyusb/src/portable/raspberrypi/rp2040/rp2040_usb.c.obj
                0x100050b8                hw_endpoint_xfer_start
 .text.tud_event_hook_cb
                0x100050f8        0x4 source/CMakeFiles/FreeRTOS-Template.dir/Users/sbstfrnndz/.pico-sdk/sdk/2.0.0/lib/tinyusb/src/device/usbd.c.obj
                0x100050f8                tud_event_hook_cb
 .text.tud_sof_cb
                0x100050fc        0x4 source/CMakeFiles/FreeRTOS-Template.dir/Users/sbstfrnndz/.pico-sdk/sdk/2.0.0/lib/tinyusb/src/device/usbd.c.obj
                0x100050fc                tud_sof_cb
 .text.tud_descriptor_device_qualifier_cb
                0x10005100        0x4 source/CMakeFiles/FreeRTOS-Template.dir/Users/sbstfrnndz/.pico-sdk/sdk/2.0.0/lib/tinyusb/src/device/usbd.c.obj
                0x10005100                tud_descriptor_device_qualifier_cb
 .text.tud_descriptor_other_speed_configuration_cb
                0x10005104        0x4 source/CMakeFiles/FreeRTOS-Template.dir/Users/sbstfrnndz/.pico-sdk/sdk/2.0.0/lib/tinyusb/src/device/usbd.c.obj
                0x10005104                tud_descriptor_other_speed_configuration_cb
 .text.tud_mount_cb
                0x10005108        0x4 source/CMakeFiles/FreeRTOS-Template.dir/Users/sbstfrnndz/.pico-sdk/sdk/2.0.0/lib/tinyusb/src/device/usbd.c.obj
                0x10005108                tud_mount_cb
 .text.tud_umount_cb
                0x1000510c        0x4 source/CMakeFiles/FreeRTOS-Template.dir/Users/sbstfrnndz/.pico-sdk/sdk/2.0.0/lib/tinyusb/src/device/usbd.c.obj
                0x1000510c                tud_umount_cb
 .text.tud_suspend_cb
                0x10005110        0x4 source/CMakeFiles/FreeRTOS-Template.dir/Users/sbstfrnndz/.pico-sdk/sdk/2.0.0/lib/tinyusb/src/device/usbd.c.obj
                0x10005110                tud_suspend_cb
 .text.tud_resume_cb
                0x10005114        0x4 source/CMakeFiles/FreeRTOS-Template.dir/Users/sbstfrnndz/.pico-sdk/sdk/2.0.0/lib/tinyusb/src/device/usbd.c.obj
                0x10005114                tud_resume_cb
 .text.tud_mounted
                0x10005118       0x10 source/CMakeFiles/FreeRTOS-Template.dir/Users/sbstfrnndz/.pico-sdk/sdk/2.0.0/lib/tinyusb/src/device/usbd.c.obj
                0x10005118                tud_mounted
 .text.tud_suspended
                0x10005128       0x10 source/CMakeFiles/FreeRTOS-Template.dir/Users/sbstfrnndz/.pico-sdk/sdk/2.0.0/lib/tinyusb/src/device/usbd.c.obj
                0x10005128                tud_suspended
 .text.tud_init
                0x10005138       0xe4 source/CMakeFiles/FreeRTOS-Template.dir/Users/sbstfrnndz/.pico-sdk/sdk/2.0.0/lib/tinyusb/src/device/usbd.c.obj
                0x10005138                tud_init
 .text.tud_task_ext
                0x1000521c      0x800 source/CMakeFiles/FreeRTOS-Template.dir/Users/sbstfrnndz/.pico-sdk/sdk/2.0.0/lib/tinyusb/src/device/usbd.c.obj
                0x1000521c                tud_task_ext
 .text.usbd_open_edpt_pair
                0x10005a1c       0x9c source/CMakeFiles/FreeRTOS-Template.dir/Users/sbstfrnndz/.pico-sdk/sdk/2.0.0/lib/tinyusb/src/device/usbd.c.obj
                0x10005a1c                usbd_open_edpt_pair
 .text.usbd_edpt_open
                0x10005ab8       0x34 source/CMakeFiles/FreeRTOS-Template.dir/Users/sbstfrnndz/.pico-sdk/sdk/2.0.0/lib/tinyusb/src/device/usbd.c.obj
                0x10005ab8                usbd_edpt_open
 .text.usbd_edpt_claim
                0x10005aec       0x28 source/CMakeFiles/FreeRTOS-Template.dir/Users/sbstfrnndz/.pico-sdk/sdk/2.0.0/lib/tinyusb/src/device/usbd.c.obj
                0x10005aec                usbd_edpt_claim
 .text.usbd_edpt_release
                0x10005b14       0x28 source/CMakeFiles/FreeRTOS-Template.dir/Users/sbstfrnndz/.pico-sdk/sdk/2.0.0/lib/tinyusb/src/device/usbd.c.obj
                0x10005b14                usbd_edpt_release
 .text.usbd_edpt_xfer
                0x10005b3c       0x4c source/CMakeFiles/FreeRTOS-Template.dir/Users/sbstfrnndz/.pico-sdk/sdk/2.0.0/lib/tinyusb/src/device/usbd.c.obj
                0x10005b3c                usbd_edpt_xfer
 .text.tud_control_status
                0x10005b88       0x2c source/CMakeFiles/FreeRTOS-Template.dir/Users/sbstfrnndz/.pico-sdk/sdk/2.0.0/lib/tinyusb/src/device/usbd_control.c.obj
                0x10005b88                tud_control_status
 .text.tud_control_xfer
                0x10005bb4       0xac source/CMakeFiles/FreeRTOS-Template.dir/Users/sbstfrnndz/.pico-sdk/sdk/2.0.0/lib/tinyusb/src/device/usbd_control.c.obj
                0x10005bb4                tud_control_xfer
 .text.usbd_control_reset
                0x10005c60       0x14 source/CMakeFiles/FreeRTOS-Template.dir/Users/sbstfrnndz/.pico-sdk/sdk/2.0.0/lib/tinyusb/src/device/usbd_control.c.obj
                0x10005c60                usbd_control_reset
 .text.usbd_control_set_complete_callback
                0x10005c74        0xc source/CMakeFiles/FreeRTOS-Template.dir/Users/sbstfrnndz/.pico-sdk/sdk/2.0.0/lib/tinyusb/src/device/usbd_control.c.obj
                0x10005c74                usbd_control_set_complete_callback
 .text.usbd_control_set_request
                0x10005c80       0x1c source/CMakeFiles/FreeRTOS-Template.dir/Users/sbstfrnndz/.pico-sdk/sdk/2.0.0/lib/tinyusb/src/device/usbd_control.c.obj
                0x10005c80                usbd_control_set_request
 .text.usbd_control_xfer_cb
                0x10005c9c       0xec source/CMakeFiles/FreeRTOS-Template.dir/Users/sbstfrnndz/.pico-sdk/sdk/2.0.0/lib/tinyusb/src/device/usbd_control.c.obj
                0x10005c9c                usbd_control_xfer_cb
 .text._prep_out_transaction.isra.0
                0x10005d88       0x5c source/CMakeFiles/FreeRTOS-Template.dir/Users/sbstfrnndz/.pico-sdk/sdk/2.0.0/lib/tinyusb/src/class/cdc/cdc_device.c.obj
 .text.tud_cdc_n_connected
                0x10005de4       0x30 source/CMakeFiles/FreeRTOS-Template.dir/Users/sbstfrnndz/.pico-sdk/sdk/2.0.0/lib/tinyusb/src/class/cdc/cdc_device.c.obj
                0x10005de4                tud_cdc_n_connected
 .text.tud_cdc_n_available
                0x10005e14       0x18 source/CMakeFiles/FreeRTOS-Template.dir/Users/sbstfrnndz/.pico-sdk/sdk/2.0.0/lib/tinyusb/src/class/cdc/cdc_device.c.obj
                0x10005e14                tud_cdc_n_available
 .text.tud_cdc_n_read
                0x10005e2c       0x98 source/CMakeFiles/FreeRTOS-Template.dir/Users/sbstfrnndz/.pico-sdk/sdk/2.0.0/lib/tinyusb/src/class/cdc/cdc_device.c.obj
                0x10005e2c                tud_cdc_n_read
 .text.tud_cdc_n_write_flush
                0x10005ec4       0x78 source/CMakeFiles/FreeRTOS-Template.dir/Users/sbstfrnndz/.pico-sdk/sdk/2.0.0/lib/tinyusb/src/class/cdc/cdc_device.c.obj
                0x10005ec4                tud_cdc_n_write_flush
 .text.tud_cdc_n_write
                0x10005f3c       0x40 source/CMakeFiles/FreeRTOS-Template.dir/Users/sbstfrnndz/.pico-sdk/sdk/2.0.0/lib/tinyusb/src/class/cdc/cdc_device.c.obj
                0x10005f3c                tud_cdc_n_write
 .text.tud_cdc_n_write_available
                0x10005f7c       0x18 source/CMakeFiles/FreeRTOS-Template.dir/Users/sbstfrnndz/.pico-sdk/sdk/2.0.0/lib/tinyusb/src/class/cdc/cdc_device.c.obj
                0x10005f7c                tud_cdc_n_write_available
 .text.cdcd_init
                0x10005f94       0x7c source/CMakeFiles/FreeRTOS-Template.dir/Users/sbstfrnndz/.pico-sdk/sdk/2.0.0/lib/tinyusb/src/class/cdc/cdc_device.c.obj
                0x10005f94                cdcd_init
 .text.cdcd_deinit
                0x10006010       0x34 source/CMakeFiles/FreeRTOS-Template.dir/Users/sbstfrnndz/.pico-sdk/sdk/2.0.0/lib/tinyusb/src/class/cdc/cdc_device.c.obj
                0x10006010                cdcd_deinit
 .text.cdcd_reset
                0x10006044       0x4c source/CMakeFiles/FreeRTOS-Template.dir/Users/sbstfrnndz/.pico-sdk/sdk/2.0.0/lib/tinyusb/src/class/cdc/cdc_device.c.obj
                0x10006044                cdcd_reset
 .text.cdcd_open
                0x10006090       0xb0 source/CMakeFiles/FreeRTOS-Template.dir/Users/sbstfrnndz/.pico-sdk/sdk/2.0.0/lib/tinyusb/src/class/cdc/cdc_device.c.obj
                0x10006090                cdcd_open
 .text.cdcd_control_xfer_cb
                0x10006140       0xe4 source/CMakeFiles/FreeRTOS-Template.dir/Users/sbstfrnndz/.pico-sdk/sdk/2.0.0/lib/tinyusb/src/class/cdc/cdc_device.c.obj
                0x10006140                cdcd_control_xfer_cb
 .text.cdcd_xfer_cb
                0x10006224      0x100 source/CMakeFiles/FreeRTOS-Template.dir/Users/sbstfrnndz/.pico-sdk/sdk/2.0.0/lib/tinyusb/src/class/cdc/cdc_device.c.obj
                0x10006224                cdcd_xfer_cb
 .text.tud_vendor_n_write_flush
                0x10006324       0x78 source/CMakeFiles/FreeRTOS-Template.dir/Users/sbstfrnndz/.pico-sdk/sdk/2.0.0/lib/tinyusb/src/class/vendor/vendor_device.c.obj
                0x10006324                tud_vendor_n_write_flush
 .text.vendord_init
                0x1000639c       0x64 source/CMakeFiles/FreeRTOS-Template.dir/Users/sbstfrnndz/.pico-sdk/sdk/2.0.0/lib/tinyusb/src/class/vendor/vendor_device.c.obj
                0x1000639c                vendord_init
 .text.vendord_deinit
                0x10006400       0x34 source/CMakeFiles/FreeRTOS-Template.dir/Users/sbstfrnndz/.pico-sdk/sdk/2.0.0/lib/tinyusb/src/class/vendor/vendor_device.c.obj
                0x10006400                vendord_deinit
 .text.vendord_reset
                0x10006434       0x1c source/CMakeFiles/FreeRTOS-Template.dir/Users/sbstfrnndz/.pico-sdk/sdk/2.0.0/lib/tinyusb/src/class/vendor/vendor_device.c.obj
                0x10006434                vendord_reset
 .text.vendord_open
                0x10006450       0xd8 source/CMakeFiles/FreeRTOS-Template.dir/Users/sbstfrnndz/.pico-sdk/sdk/2.0.0/lib/tinyusb/src/class/vendor/vendor_device.c.obj
                0x10006450                vendord_open
 .text.vendord_xfer_cb
                0x10006528       0xc8 source/CMakeFiles/FreeRTOS-Template.dir/Users/sbstfrnndz/.pico-sdk/sdk/2.0.0/lib/tinyusb/src/class/vendor/vendor_device.c.obj
                0x10006528                vendord_xfer_cb
 .text.tusb_init
                0x100065f0        0xc source/CMakeFiles/FreeRTOS-Template.dir/Users/sbstfrnndz/.pico-sdk/sdk/2.0.0/lib/tinyusb/src/tusb.c.obj
                0x100065f0                tusb_init
 .text.tu_edpt_claim
                0x100065fc       0x50 source/CMakeFiles/FreeRTOS-Template.dir/Users/sbstfrnndz/.pico-sdk/sdk/2.0.0/lib/tinyusb/src/tusb.c.obj
                0x100065fc                tu_edpt_claim
 .text.tu_edpt_release
                0x1000664c       0x38 source/CMakeFiles/FreeRTOS-Template.dir/Users/sbstfrnndz/.pico-sdk/sdk/2.0.0/lib/tinyusb/src/tusb.c.obj
                0x1000664c                tu_edpt_release
 .text.tu_edpt_validate
                0x10006684       0x7c source/CMakeFiles/FreeRTOS-Template.dir/Users/sbstfrnndz/.pico-sdk/sdk/2.0.0/lib/tinyusb/src/tusb.c.obj
                0x10006684                tu_edpt_validate
 .text.tu_edpt_bind_driver
                0x10006700       0x34 source/CMakeFiles/FreeRTOS-Template.dir/Users/sbstfrnndz/.pico-sdk/sdk/2.0.0/lib/tinyusb/src/tusb.c.obj
                0x10006700                tu_edpt_bind_driver
 .text.tu_fifo_config
                0x10006734       0x6c source/CMakeFiles/FreeRTOS-Template.dir/Users/sbstfrnndz/.pico-sdk/sdk/2.0.0/lib/tinyusb/src/common/tusb_fifo.c.obj
                0x10006734                tu_fifo_config
 .text.tu_fifo_count
                0x100067a0       0x2c source/CMakeFiles/FreeRTOS-Template.dir/Users/sbstfrnndz/.pico-sdk/sdk/2.0.0/lib/tinyusb/src/common/tusb_fifo.c.obj
                0x100067a0                tu_fifo_count
 .text.tu_fifo_empty
                0x100067cc       0x10 source/CMakeFiles/FreeRTOS-Template.dir/Users/sbstfrnndz/.pico-sdk/sdk/2.0.0/lib/tinyusb/src/common/tusb_fifo.c.obj
                0x100067cc                tu_fifo_empty
 .text.tu_fifo_remaining
                0x100067dc       0x2c source/CMakeFiles/FreeRTOS-Template.dir/Users/sbstfrnndz/.pico-sdk/sdk/2.0.0/lib/tinyusb/src/common/tusb_fifo.c.obj
                0x100067dc                tu_fifo_remaining
 .text.tu_fifo_read
                0x10006808       0x9c source/CMakeFiles/FreeRTOS-Template.dir/Users/sbstfrnndz/.pico-sdk/sdk/2.0.0/lib/tinyusb/src/common/tusb_fifo.c.obj
                0x10006808                tu_fifo_read
 .text.tu_fifo_read_n
                0x100068a4       0xe8 source/CMakeFiles/FreeRTOS-Template.dir/Users/sbstfrnndz/.pico-sdk/sdk/2.0.0/lib/tinyusb/src/common/tusb_fifo.c.obj
                0x100068a4                tu_fifo_read_n
 .text.tu_fifo_write
                0x1000698c       0xa8 source/CMakeFiles/FreeRTOS-Template.dir/Users/sbstfrnndz/.pico-sdk/sdk/2.0.0/lib/tinyusb/src/common/tusb_fifo.c.obj
                0x1000698c                tu_fifo_write
 .text.tu_fifo_write_n
                0x10006a34      0x178 source/CMakeFiles/FreeRTOS-Template.dir/Users/sbstfrnndz/.pico-sdk/sdk/2.0.0/lib/tinyusb/src/common/tusb_fifo.c.obj
                0x10006a34                tu_fifo_write_n
 .text.tu_fifo_clear
                0x10006bac       0x40 source/CMakeFiles/FreeRTOS-Template.dir/Users/sbstfrnndz/.pico-sdk/sdk/2.0.0/lib/tinyusb/src/common/tusb_fifo.c.obj
                0x10006bac                tu_fifo_clear
 .text.tu_fifo_set_overwritable
                0x10006bec       0x48 source/CMakeFiles/FreeRTOS-Template.dir/Users/sbstfrnndz/.pico-sdk/sdk/2.0.0/lib/tinyusb/src/common/tusb_fifo.c.obj
                0x10006bec                tu_fifo_set_overwritable
 .text.pvPortMalloc
                0x10006c34      0x12c source/CMakeFiles/FreeRTOS-Template.dir/__/FreeRTOS-Kernel/portable/MemMang/heap_4.c.obj
                0x10006c34                pvPortMalloc
 .text.vPortFree
                0x10006d60       0x98 source/CMakeFiles/FreeRTOS-Template.dir/__/FreeRTOS-Kernel/portable/MemMang/heap_4.c.obj
                0x10006d60                vPortFree
 .text.vPortSVCHandler
                0x10006df8        0x4 source/CMakeFiles/FreeRTOS-Template.dir/__/FreeRTOS-Kernel/portable/ThirdParty/GCC/RP2040/port.c.obj
                0x10006df8                vPortSVCHandler
 *fill*         0x10006dfc        0x4 
 .text.vPortStartFirstTask
                0x10006e00       0x34 source/CMakeFiles/FreeRTOS-Template.dir/__/FreeRTOS-Kernel/portable/ThirdParty/GCC/RP2040/port.c.obj
 *fill*         0x10006e34        0xc 
 .text.xPortPendSVHandler
                0x10006e40       0x64 source/CMakeFiles/FreeRTOS-Template.dir/__/FreeRTOS-Kernel/portable/ThirdParty/GCC/RP2040/port.c.obj
                0x10006e40                xPortPendSVHandler
 .text.prvFIFOInterruptHandler
                0x10006ea4       0x78 source/CMakeFiles/FreeRTOS-Template.dir/__/FreeRTOS-Kernel/portable/ThirdParty/GCC/RP2040/port.c.obj
 .text.prvTaskExitError
                0x10006f1c        0x8 source/CMakeFiles/FreeRTOS-Template.dir/__/FreeRTOS-Kernel/portable/ThirdParty/GCC/RP2040/port.c.obj
 .text.pxPortInitialiseStack
                0x10006f24       0x20 source/CMakeFiles/FreeRTOS-Template.dir/__/FreeRTOS-Kernel/portable/ThirdParty/GCC/RP2040/port.c.obj
                0x10006f24                pxPortInitialiseStack
 .text.vPortYield
                0x10006f44       0x18 source/CMakeFiles/FreeRTOS-Template.dir/__/FreeRTOS-Kernel/portable/ThirdParty/GCC/RP2040/port.c.obj
                0x10006f44                vPortYield
 .text.vPortEnterCritical
                0x10006f5c       0x18 source/CMakeFiles/FreeRTOS-Template.dir/__/FreeRTOS-Kernel/portable/ThirdParty/GCC/RP2040/port.c.obj
                0x10006f5c                vPortEnterCritical
 .text.vPortExitCritical
                0x10006f74       0x34 source/CMakeFiles/FreeRTOS-Template.dir/__/FreeRTOS-Kernel/portable/ThirdParty/GCC/RP2040/port.c.obj
                0x10006f74                vPortExitCritical
 .text.ulSetInterruptMaskFromISR
                0x10006fa8        0x8 source/CMakeFiles/FreeRTOS-Template.dir/__/FreeRTOS-Kernel/portable/ThirdParty/GCC/RP2040/port.c.obj
                0x10006fa8                ulSetInterruptMaskFromISR
 .text.vClearInterruptMaskFromISR
                0x10006fb0        0x8 source/CMakeFiles/FreeRTOS-Template.dir/__/FreeRTOS-Kernel/portable/ThirdParty/GCC/RP2040/port.c.obj
                0x10006fb0                vClearInterruptMaskFromISR
 .text.xPortSysTickHandler
                0x10006fb8       0x24 source/CMakeFiles/FreeRTOS-Template.dir/__/FreeRTOS-Kernel/portable/ThirdParty/GCC/RP2040/port.c.obj
                0x10006fb8                xPortSysTickHandler
 .text.vPortSetupTimerInterrupt
                0x10006fdc       0x34 source/CMakeFiles/FreeRTOS-Template.dir/__/FreeRTOS-Kernel/portable/ThirdParty/GCC/RP2040/port.c.obj
                0x10006fdc                vPortSetupTimerInterrupt
 .text.xPortStartScheduler
                0x10007010       0x9c source/CMakeFiles/FreeRTOS-Template.dir/__/FreeRTOS-Kernel/portable/ThirdParty/GCC/RP2040/port.c.obj
                0x10007010                xPortStartScheduler
 .text.ulPortLockGetCurrentOwnerId
                0x100070ac       0x2c source/CMakeFiles/FreeRTOS-Template.dir/__/FreeRTOS-Kernel/portable/ThirdParty/GCC/RP2040/port.c.obj
                0x100070ac                ulPortLockGetCurrentOwnerId
 .text.vPortLockInternalSpinUnlockWithNotify
                0x100070d8       0xc8 source/CMakeFiles/FreeRTOS-Template.dir/__/FreeRTOS-Kernel/portable/ThirdParty/GCC/RP2040/port.c.obj
                0x100070d8                vPortLockInternalSpinUnlockWithNotify
 .text.xPortLockInternalSpinUnlockWithBestEffortWaitOrTimeout
                0x100071a0       0xfc source/CMakeFiles/FreeRTOS-Template.dir/__/FreeRTOS-Kernel/portable/ThirdParty/GCC/RP2040/port.c.obj
                0x100071a0                xPortLockInternalSpinUnlockWithBestEffortWaitOrTimeout
 .text.startup.prvRuntimeInitializer
                0x1000729c       0x28 source/CMakeFiles/FreeRTOS-Template.dir/__/FreeRTOS-Kernel/portable/ThirdParty/GCC/RP2040/port.c.obj
 .text.vEventGroupSetBitsCallback
                0x100072c4       0x90 source/CMakeFiles/FreeRTOS-Template.dir/__/FreeRTOS-Kernel/event_groups.c.obj
                0x100072c4                vEventGroupSetBitsCallback
 .text.xEventGroupCreate
                0x10007354       0x18 source/CMakeFiles/FreeRTOS-Template.dir/__/FreeRTOS-Kernel/event_groups.c.obj
                0x10007354                xEventGroupCreate
 .text.xEventGroupWaitBits
                0x1000736c       0xb8 source/CMakeFiles/FreeRTOS-Template.dir/__/FreeRTOS-Kernel/event_groups.c.obj
                0x1000736c                xEventGroupWaitBits
 .text.xEventGroupSetBits
                0x10007424       0x94 source/CMakeFiles/FreeRTOS-Template.dir/__/FreeRTOS-Kernel/event_groups.c.obj
                0x10007424                xEventGroupSetBits
 .text.xEventGroupSetBitsFromISR
                0x100074b8       0x18 source/CMakeFiles/FreeRTOS-Template.dir/__/FreeRTOS-Kernel/event_groups.c.obj
                0x100074b8                xEventGroupSetBitsFromISR
 .text.vListInitialise
                0x100074d0       0x18 source/CMakeFiles/FreeRTOS-Template.dir/__/FreeRTOS-Kernel/list.c.obj
                0x100074d0                vListInitialise
 .text.vListInitialiseItem
                0x100074e8        0x8 source/CMakeFiles/FreeRTOS-Template.dir/__/FreeRTOS-Kernel/list.c.obj
                0x100074e8                vListInitialiseItem
 .text.vListInsert
                0x100074f0       0x30 source/CMakeFiles/FreeRTOS-Template.dir/__/FreeRTOS-Kernel/list.c.obj
                0x100074f0                vListInsert
 .text.uxListRemove
                0x10007520       0x24 source/CMakeFiles/FreeRTOS-Template.dir/__/FreeRTOS-Kernel/list.c.obj
                0x10007520                uxListRemove
 .text.prvUnlockQueue
                0x10007544      0x180 source/CMakeFiles/FreeRTOS-Template.dir/__/FreeRTOS-Kernel/queue.c.obj
 .text.prvNotifyQueueSetContainer
                0x100076c4       0x90 source/CMakeFiles/FreeRTOS-Template.dir/__/FreeRTOS-Kernel/queue.c.obj
 .text.xQueueGenericCreate
                0x10007754       0xa4 source/CMakeFiles/FreeRTOS-Template.dir/__/FreeRTOS-Kernel/queue.c.obj
                0x10007754                xQueueGenericCreate
 .text.xQueueGenericSendFromISR
                0x100077f8      0x134 source/CMakeFiles/FreeRTOS-Template.dir/__/FreeRTOS-Kernel/queue.c.obj
                0x100077f8                xQueueGenericSendFromISR
 .text.xQueueReceive
                0x1000792c      0x11c source/CMakeFiles/FreeRTOS-Template.dir/__/FreeRTOS-Kernel/queue.c.obj
                0x1000792c                xQueueReceive
 .text.vQueueAddToRegistry
                0x10007a48      0x118 source/CMakeFiles/FreeRTOS-Template.dir/__/FreeRTOS-Kernel/queue.c.obj
                0x10007a48                vQueueAddToRegistry
 .text.vQueueWaitForMessageRestricted
                0x10007b60       0x48 source/CMakeFiles/FreeRTOS-Template.dir/__/FreeRTOS-Kernel/queue.c.obj
                0x10007b60                vQueueWaitForMessageRestricted
 .text.prvIdleTask
                0x10007ba8       0x60 source/CMakeFiles/FreeRTOS-Template.dir/__/FreeRTOS-Kernel/tasks.c.obj
 .text.xTaskIncrementTick.part.0
                0x10007c08      0x190 source/CMakeFiles/FreeRTOS-Template.dir/__/FreeRTOS-Kernel/tasks.c.obj
 .text.xTaskCreate
                0x10007d98      0x244 source/CMakeFiles/FreeRTOS-Template.dir/__/FreeRTOS-Kernel/tasks.c.obj
                0x10007d98                xTaskCreate
 .text.vTaskStartScheduler
                0x10007fdc      0x1d8 source/CMakeFiles/FreeRTOS-Template.dir/__/FreeRTOS-Kernel/tasks.c.obj
                0x10007fdc                vTaskStartScheduler
 .text.vTaskSuspendAll
                0x100081b4       0x10 source/CMakeFiles/FreeRTOS-Template.dir/__/FreeRTOS-Kernel/tasks.c.obj
                0x100081b4                vTaskSuspendAll
 .text.xTaskResumeAll
                0x100081c4      0x180 source/CMakeFiles/FreeRTOS-Template.dir/__/FreeRTOS-Kernel/tasks.c.obj
                0x100081c4                xTaskResumeAll
 .text.vTaskDelay
                0x10008344       0x78 source/CMakeFiles/FreeRTOS-Template.dir/__/FreeRTOS-Kernel/tasks.c.obj
                0x10008344                vTaskDelay
 .text.xTaskGetTickCount
                0x100083bc        0xc source/CMakeFiles/FreeRTOS-Template.dir/__/FreeRTOS-Kernel/tasks.c.obj
                0x100083bc                xTaskGetTickCount
 .text.uxTaskGetNumberOfTasks
                0x100083c8        0xc source/CMakeFiles/FreeRTOS-Template.dir/__/FreeRTOS-Kernel/tasks.c.obj
                0x100083c8                uxTaskGetNumberOfTasks
 .text.xTaskIncrementTick
                0x100083d4       0x24 source/CMakeFiles/FreeRTOS-Template.dir/__/FreeRTOS-Kernel/tasks.c.obj
                0x100083d4                xTaskIncrementTick
 .text.vTaskSwitchContext
                0x100083f8       0x6c source/CMakeFiles/FreeRTOS-Template.dir/__/FreeRTOS-Kernel/tasks.c.obj
                0x100083f8                vTaskSwitchContext
 .text.vTaskPlaceOnEventList
                0x10008464       0x94 source/CMakeFiles/FreeRTOS-Template.dir/__/FreeRTOS-Kernel/tasks.c.obj
                0x10008464                vTaskPlaceOnEventList
 .text.vTaskPlaceOnUnorderedEventList
                0x100084f8       0xb8 source/CMakeFiles/FreeRTOS-Template.dir/__/FreeRTOS-Kernel/tasks.c.obj
                0x100084f8                vTaskPlaceOnUnorderedEventList
 .text.vTaskPlaceOnEventListRestricted
                0x100085b0       0xc0 source/CMakeFiles/FreeRTOS-Template.dir/__/FreeRTOS-Kernel/tasks.c.obj
                0x100085b0                vTaskPlaceOnEventListRestricted
 .text.xTaskRemoveFromEventList
                0x10008670       0xcc source/CMakeFiles/FreeRTOS-Template.dir/__/FreeRTOS-Kernel/tasks.c.obj
                0x10008670                xTaskRemoveFromEventList
 .text.vTaskRemoveFromUnorderedEventList
                0x1000873c       0x94 source/CMakeFiles/FreeRTOS-Template.dir/__/FreeRTOS-Kernel/tasks.c.obj
                0x1000873c                vTaskRemoveFromUnorderedEventList
 .text.vTaskInternalSetTimeOutState
                0x100087d0       0x18 source/CMakeFiles/FreeRTOS-Template.dir/__/FreeRTOS-Kernel/tasks.c.obj
                0x100087d0                vTaskInternalSetTimeOutState
 .text.xTaskCheckForTimeOut
                0x100087e8       0x74 source/CMakeFiles/FreeRTOS-Template.dir/__/FreeRTOS-Kernel/tasks.c.obj
                0x100087e8                xTaskCheckForTimeOut
 .text.vTaskMissedYield
                0x1000885c        0xc source/CMakeFiles/FreeRTOS-Template.dir/__/FreeRTOS-Kernel/tasks.c.obj
                0x1000885c                vTaskMissedYield
 .text.xTaskGetCurrentTaskHandle
                0x10008868        0xc source/CMakeFiles/FreeRTOS-Template.dir/__/FreeRTOS-Kernel/tasks.c.obj
                0x10008868                xTaskGetCurrentTaskHandle
 .text.xTaskPriorityDisinherit
                0x10008874       0x64 source/CMakeFiles/FreeRTOS-Template.dir/__/FreeRTOS-Kernel/tasks.c.obj
                0x10008874                xTaskPriorityDisinherit
 .text.uxTaskResetEventItemValue
                0x100088d8       0x18 source/CMakeFiles/FreeRTOS-Template.dir/__/FreeRTOS-Kernel/tasks.c.obj
                0x100088d8                uxTaskResetEventItemValue
 .text.prvTimerTask
                0x100088f0      0x384 source/CMakeFiles/FreeRTOS-Template.dir/__/FreeRTOS-Kernel/timers.c.obj
 .text.xTimerCreateTimerTask
                0x10008c74       0x8c source/CMakeFiles/FreeRTOS-Template.dir/__/FreeRTOS-Kernel/timers.c.obj
                0x10008c74                xTimerCreateTimerTask
 .text.xTimerPendFunctionCallFromISR
                0x10008d00       0x28 source/CMakeFiles/FreeRTOS-Template.dir/__/FreeRTOS-Kernel/timers.c.obj
                0x10008d00                xTimerPendFunctionCallFromISR
 .text.exception_set_exclusive_handler
                0x10008d28       0x48 source/CMakeFiles/FreeRTOS-Template.dir/Users/sbstfrnndz/.pico-sdk/sdk/2.0.0/src/rp2_common/hardware_exception/exception.c.obj
                0x10008d28                exception_set_exclusive_handler
 .text.strlen   0x10008d70       0x5c /Users/sbstfrnndz/.pico-sdk/toolchain/13_2_Rel1/bin/../lib/gcc/arm-none-eabi/13.2.1/../../../../arm-none-eabi/lib/thumb/v6-m/nofp/libg.a(libc_a-strlen-stub.o)
                0x10008d70                strlen
 *(.fini)
 .fini          0x10008dcc        0x4 /Users/sbstfrnndz/.pico-sdk/toolchain/13_2_Rel1/bin/../lib/gcc/arm-none-eabi/13.2.1/thumb/v6-m/nofp/crti.o
                0x10008dcc                _fini
 .fini.__stub   0x10008dd0       0xc0 linker stubs
 *crtbegin.o(.ctors)
 *crtbegin?.o(.ctors)
 *(EXCLUDE_FILE(*crtend.o *crtend?.o) .ctors)
 *(SORT_BY_NAME(.ctors.*))
 *(.ctors)
 *crtbegin.o(.dtors)
 *crtbegin?.o(.dtors)
 *(EXCLUDE_FILE(*crtend.o *crtend?.o) .dtors)
 *(SORT_BY_NAME(.dtors.*))
 *(.dtors)
                0x10008e90                        . = ALIGN (0x4)
                0x10008e90                        PROVIDE (__preinit_array_start = .)
 *(SORT_BY_NAME(.preinit_array.*))
 .preinit_array.00100
                0x10008e90        0x4 source/CMakeFiles/FreeRTOS-Template.dir/Users/sbstfrnndz/.pico-sdk/sdk/2.0.0/src/rp2_common/pico_runtime_init/runtime_init.c.obj
                0x10008e90                __pre_init_runtime_init_early_resets
 .preinit_array.00101
                0x10008e94        0x4 source/CMakeFiles/FreeRTOS-Template.dir/Users/sbstfrnndz/.pico-sdk/sdk/2.0.0/src/rp2_common/pico_runtime_init/runtime_init.c.obj
                0x10008e94                __pre_init_runtime_init_usb_power_down
 .preinit_array.00275
                0x10008e98        0x4 source/CMakeFiles/FreeRTOS-Template.dir/Users/sbstfrnndz/.pico-sdk/sdk/2.0.0/src/rp2_common/pico_bit_ops/bit_ops_aeabi.S.obj
 .preinit_array.00300
                0x10008e9c        0x4 source/CMakeFiles/FreeRTOS-Template.dir/Users/sbstfrnndz/.pico-sdk/sdk/2.0.0/src/rp2_common/pico_mem_ops/mem_ops_aeabi.S.obj
 .preinit_array.00350
                0x10008ea0        0x4 source/CMakeFiles/FreeRTOS-Template.dir/Users/sbstfrnndz/.pico-sdk/sdk/2.0.0/src/rp2_common/pico_double/double_aeabi_rp2040.S.obj
 .preinit_array.00350
                0x10008ea4        0x4 source/CMakeFiles/FreeRTOS-Template.dir/Users/sbstfrnndz/.pico-sdk/sdk/2.0.0/src/rp2_common/pico_float/float_aeabi_rp2040.S.obj
 .preinit_array.00500
                0x10008ea8        0x4 source/CMakeFiles/FreeRTOS-Template.dir/Users/sbstfrnndz/.pico-sdk/sdk/2.0.0/src/rp2_common/pico_runtime_init/runtime_init.c.obj
                0x10008ea8                __pre_init_runtime_init_clocks
 .preinit_array.00600
                0x10008eac        0x4 source/CMakeFiles/FreeRTOS-Template.dir/Users/sbstfrnndz/.pico-sdk/sdk/2.0.0/src/rp2_common/pico_runtime_init/runtime_init.c.obj
                0x10008eac                __pre_init_runtime_init_post_clock_resets
 .preinit_array.00700
                0x10008eb0        0x4 source/CMakeFiles/FreeRTOS-Template.dir/Users/sbstfrnndz/.pico-sdk/sdk/2.0.0/src/rp2_common/pico_runtime_init/runtime_init.c.obj
                0x10008eb0                __pre_init_runtime_init_rp2040_gpio_ie_disable
 .preinit_array.01000
                0x10008eb4        0x4 source/CMakeFiles/FreeRTOS-Template.dir/Users/sbstfrnndz/.pico-sdk/sdk/2.0.0/src/rp2_common/pico_runtime_init/runtime_init.c.obj
                0x10008eb4                __pre_init_runtime_init_spin_locks_reset
 .preinit_array.01100
                0x10008eb8        0x4 source/CMakeFiles/FreeRTOS-Template.dir/Users/sbstfrnndz/.pico-sdk/sdk/2.0.0/src/common/pico_sync/mutex.c.obj
                0x10008eb8                __pre_init_runtime_init_mutex
 .preinit_array.10080
                0x10008ebc        0x4 source/CMakeFiles/FreeRTOS-Template.dir/Users/sbstfrnndz/.pico-sdk/sdk/2.0.0/src/rp2_common/pico_runtime_init/runtime_init.c.obj
                0x10008ebc                __pre_init_runtime_init_install_ram_vector_table
 .preinit_array.11000
                0x10008ec0        0x4 source/CMakeFiles/FreeRTOS-Template.dir/Users/sbstfrnndz/.pico-sdk/sdk/2.0.0/src/common/pico_time/time.c.obj
                0x10008ec0                __pre_init_runtime_init_default_alarm_pool
 .preinit_array.YYYYY
                0x10008ec4        0x4 source/CMakeFiles/FreeRTOS-Template.dir/Users/sbstfrnndz/.pico-sdk/sdk/2.0.0/src/rp2_common/pico_runtime/runtime.c.obj
                0x10008ec4                __pre_init_first_per_core_initializer
 .preinit_array.ZZZZZ.01200
                0x10008ec8        0x4 source/CMakeFiles/FreeRTOS-Template.dir/Users/sbstfrnndz/.pico-sdk/sdk/2.0.0/src/rp2_common/hardware_irq/irq.c.obj
                0x10008ec8                __pre_init_runtime_init_per_core_irq_priorities
 *(.preinit_array)
                0x10008ecc                        PROVIDE (__preinit_array_end = .)
                0x10008ecc                        . = ALIGN (0x4)
                0x10008ecc                        PROVIDE (__init_array_start = .)
 *(SORT_BY_NAME(.init_array.*))
 *(.init_array)
 .init_array    0x10008ecc        0x4 /Users/sbstfrnndz/.pico-sdk/toolchain/13_2_Rel1/bin/../lib/gcc/arm-none-eabi/13.2.1/thumb/v6-m/nofp/crtbegin.o
 .init_array    0x10008ed0        0x4 source/CMakeFiles/FreeRTOS-Template.dir/Users/sbstfrnndz/.pico-sdk/sdk/2.0.0/src/rp2_common/pico_unique_id/unique_id.c.obj
 .init_array    0x10008ed4        0x4 source/CMakeFiles/FreeRTOS-Template.dir/__/FreeRTOS-Kernel/portable/ThirdParty/GCC/RP2040/port.c.obj
                0x10008ed8                        PROVIDE (__init_array_end = .)
                0x10008ed8                        . = ALIGN (0x4)
                [!provide]                        PROVIDE (__fini_array_start = .)
 *(SORT_BY_NAME(.fini_array.*))
 *(.fini_array)
                [!provide]                        PROVIDE (__fini_array_end = .)
 *(.eh_frame*)
 .eh_frame      0x10008ed8        0x0 /Users/sbstfrnndz/.pico-sdk/toolchain/13_2_Rel1/bin/../lib/gcc/arm-none-eabi/13.2.1/thumb/v6-m/nofp/crtbegin.o
                0x10008ed8                        . = ALIGN (0x4)

.glue_7         0x10008ed8        0x0
 .glue_7        0x10008ed8        0x0 linker stubs

.glue_7t        0x10008ed8        0x0
 .glue_7t       0x10008ed8        0x0 linker stubs

.vfp11_veneer   0x10008ed8        0x0
 .vfp11_veneer  0x10008ed8        0x0 linker stubs

.v4_bx          0x10008ed8        0x0
 .v4_bx         0x10008ed8        0x0 linker stubs

.iplt           0x10008ed8        0x0
 .iplt          0x10008ed8        0x0 /Users/sbstfrnndz/.pico-sdk/toolchain/13_2_Rel1/bin/../lib/gcc/arm-none-eabi/13.2.1/thumb/v6-m/nofp/crtbegin.o

.rodata         0x10008ed8      0x844
 *(EXCLUDE_FILE(*libm.a: *libc.a:*lib_a-mem*.o *libgcc.a:) .rodata*)
 .rodata.motor_task.str1.4
                0x10008ed8      0x360 source/CMakeFiles/FreeRTOS-Template.dir/__/main.c.obj
                                 0x3a (size before relaxing)
 .rodata.main.str1.4
                0x10009238        0xa source/CMakeFiles/FreeRTOS-Template.dir/__/main.c.obj
 .rodata.initialize_hardware.str1.4
                0x10009238       0x4e source/CMakeFiles/FreeRTOS-Template.dir/hardware_init.c.obj
 .rodata.move_robot.str1.4
                0x10009238      0x100 source/CMakeFiles/FreeRTOS-Template.dir/motor.c.obj
 .rodata.panic.str1.4
                0x10009238       0x12 source/CMakeFiles/FreeRTOS-Template.dir/Users/sbstfrnndz/.pico-sdk/sdk/2.0.0/src/rp2_common/pico_platform_panic/panic.c.obj
 .rodata.panic_unsupported.str1.4
                0x10009238        0xe source/CMakeFiles/FreeRTOS-Template.dir/Users/sbstfrnndz/.pico-sdk/sdk/2.0.0/src/rp2_common/pico_platform_panic/panic.c.obj
 .rodata.spin_lock_claim_unused.str1.4
                0x10009238       0x1b source/CMakeFiles/FreeRTOS-Template.dir/Users/sbstfrnndz/.pico-sdk/sdk/2.0.0/src/rp2_common/hardware_sync/sync.c.obj
 .rodata.user_irq_claim_unused.str1.4
                0x10009238       0x1b source/CMakeFiles/FreeRTOS-Template.dir/Users/sbstfrnndz/.pico-sdk/sdk/2.0.0/src/rp2_common/hardware_irq/irq.c.obj
 .rodata.timer_hardware_alarm_claim.str1.4
                0x10009238       0x22 source/CMakeFiles/FreeRTOS-Template.dir/Users/sbstfrnndz/.pico-sdk/sdk/2.0.0/src/rp2_common/hardware_timer/timer.c.obj
 .rodata.hard_assertion_failure.str1.4
                0x10009238        0xc source/CMakeFiles/FreeRTOS-Template.dir/Users/sbstfrnndz/.pico-sdk/sdk/2.0.0/src/rp2_common/pico_runtime/runtime.c.obj
 .rodata.missing_double_func_shim.str1.4
                0x10009238       0x18 source/CMakeFiles/FreeRTOS-Template.dir/Users/sbstfrnndz/.pico-sdk/sdk/2.0.0/src/rp2_common/pico_double/double_init_rom_rp2040.c.obj
 .rodata.missing_float_func_shim.str1.4
                0x10009238        0x1 source/CMakeFiles/FreeRTOS-Template.dir/Users/sbstfrnndz/.pico-sdk/sdk/2.0.0/src/rp2_common/pico_float/float_init_rom_rp2040.c.obj
 .rodata.str1.4
                0x10009238       0x38 source/CMakeFiles/FreeRTOS-Template.dir/Users/sbstfrnndz/.pico-sdk/sdk/2.0.0/src/rp2_common/pico_standard_binary_info/standard_binary_info.c.obj
 .rodata.__bi_84
                0x10009238        0xc source/CMakeFiles/FreeRTOS-Template.dir/Users/sbstfrnndz/.pico-sdk/sdk/2.0.0/src/rp2_common/pico_standard_binary_info/standard_binary_info.c.obj
 .rodata.__bi_54
                0x10009244        0xc source/CMakeFiles/FreeRTOS-Template.dir/Users/sbstfrnndz/.pico-sdk/sdk/2.0.0/src/rp2_common/pico_standard_binary_info/standard_binary_info.c.obj
 .rodata.__bi_48
                0x10009250        0xc source/CMakeFiles/FreeRTOS-Template.dir/Users/sbstfrnndz/.pico-sdk/sdk/2.0.0/src/rp2_common/pico_standard_binary_info/standard_binary_info.c.obj
 .rodata.__bi_42
                0x1000925c        0xc source/CMakeFiles/FreeRTOS-Template.dir/Users/sbstfrnndz/.pico-sdk/sdk/2.0.0/src/rp2_common/pico_standard_binary_info/standard_binary_info.c.obj
 .rodata.__bi_34
                0x10009268        0xc source/CMakeFiles/FreeRTOS-Template.dir/Users/sbstfrnndz/.pico-sdk/sdk/2.0.0/src/rp2_common/pico_standard_binary_info/standard_binary_info.c.obj
 .rodata.__bi_26
                0x10009274        0xc source/CMakeFiles/FreeRTOS-Template.dir/Users/sbstfrnndz/.pico-sdk/sdk/2.0.0/src/rp2_common/pico_standard_binary_info/standard_binary_info.c.obj
 .rodata._ftoa.str1.4
                0x10009280       0x15 source/CMakeFiles/FreeRTOS-Template.dir/Users/sbstfrnndz/.pico-sdk/sdk/2.0.0/src/rp2_common/pico_printf/printf.c.obj
 .rodata._vsnprintf
                0x10009280      0x19c source/CMakeFiles/FreeRTOS-Template.dir/Users/sbstfrnndz/.pico-sdk/sdk/2.0.0/src/rp2_common/pico_printf/printf.c.obj
 *fill*         0x1000941c        0x4 
 .rodata.pow10.0
                0x10009420       0x50 source/CMakeFiles/FreeRTOS-Template.dir/Users/sbstfrnndz/.pico-sdk/sdk/2.0.0/src/rp2_common/pico_printf/printf.c.obj
 .rodata.crlf_str.0
                0x10009470        0x2 source/CMakeFiles/FreeRTOS-Template.dir/Users/sbstfrnndz/.pico-sdk/sdk/2.0.0/src/rp2_common/pico_stdio/stdio.c.obj
 .rodata.str1.4
                0x10009472       0x2c source/CMakeFiles/FreeRTOS-Template.dir/Users/sbstfrnndz/.pico-sdk/sdk/2.0.0/src/rp2_common/pico_stdio_uart/stdio_uart.c.obj
 *fill*         0x10009472        0x2 
 .rodata.__bi_45.4
                0x10009474        0xc source/CMakeFiles/FreeRTOS-Template.dir/Users/sbstfrnndz/.pico-sdk/sdk/2.0.0/src/rp2_common/pico_stdio_uart/stdio_uart.c.obj
 .rodata.__bi_49.5
                0x10009480        0x8 source/CMakeFiles/FreeRTOS-Template.dir/Users/sbstfrnndz/.pico-sdk/sdk/2.0.0/src/rp2_common/pico_stdio_uart/stdio_uart.c.obj
 .rodata.__bi_50.6
                0x10009488        0x8 source/CMakeFiles/FreeRTOS-Template.dir/Users/sbstfrnndz/.pico-sdk/sdk/2.0.0/src/rp2_common/pico_stdio_uart/stdio_uart.c.obj
 .rodata._resetd_driver
                0x10009490       0x20 source/CMakeFiles/FreeRTOS-Template.dir/Users/sbstfrnndz/.pico-sdk/sdk/2.0.0/src/rp2_common/pico_stdio_usb/reset_interface.c.obj
 .rodata.desc_ms_os_20
                0x100094b0       0xa6 source/CMakeFiles/FreeRTOS-Template.dir/Users/sbstfrnndz/.pico-sdk/sdk/2.0.0/src/rp2_common/pico_stdio_usb/reset_interface.c.obj
 *fill*         0x10009556        0x2 
 .rodata.desc_bos
                0x10009558       0x21 source/CMakeFiles/FreeRTOS-Template.dir/Users/sbstfrnndz/.pico-sdk/sdk/2.0.0/src/rp2_common/pico_stdio_usb/reset_interface.c.obj
                0x10009558                desc_bos
 .rodata.str1.4
                0x10009579       0x13 source/CMakeFiles/FreeRTOS-Template.dir/Users/sbstfrnndz/.pico-sdk/sdk/2.0.0/src/rp2_common/pico_stdio_usb/stdio_usb.c.obj
 *fill*         0x10009579        0x3 
 .rodata.__bi_197.0
                0x1000957c        0xc source/CMakeFiles/FreeRTOS-Template.dir/Users/sbstfrnndz/.pico-sdk/sdk/2.0.0/src/rp2_common/pico_stdio_usb/stdio_usb.c.obj
 .rodata.str1.4
                0x10009588       0x2a source/CMakeFiles/FreeRTOS-Template.dir/Users/sbstfrnndz/.pico-sdk/sdk/2.0.0/src/rp2_common/pico_stdio_usb/stdio_usb_descriptors.c.obj
 .rodata.usbd_desc_str
                0x10009588       0x18 source/CMakeFiles/FreeRTOS-Template.dir/Users/sbstfrnndz/.pico-sdk/sdk/2.0.0/src/rp2_common/pico_stdio_usb/stdio_usb_descriptors.c.obj
 .rodata.usbd_desc_cfg
                0x100095a0       0x54 source/CMakeFiles/FreeRTOS-Template.dir/Users/sbstfrnndz/.pico-sdk/sdk/2.0.0/src/rp2_common/pico_stdio_usb/stdio_usb_descriptors.c.obj
 .rodata.usbd_desc_device
                0x100095f4       0x12 source/CMakeFiles/FreeRTOS-Template.dir/Users/sbstfrnndz/.pico-sdk/sdk/2.0.0/src/rp2_common/pico_stdio_usb/stdio_usb_descriptors.c.obj
 .rodata.str1.4
                0x10009606       0x14 source/CMakeFiles/FreeRTOS-Template.dir/Users/sbstfrnndz/.pico-sdk/sdk/2.0.0/lib/tinyusb/src/portable/raspberrypi/rp2040/dcd_rp2040.c.obj
 .rodata.str1.4
                0x10009606       0x48 source/CMakeFiles/FreeRTOS-Template.dir/Users/sbstfrnndz/.pico-sdk/sdk/2.0.0/lib/tinyusb/src/portable/raspberrypi/rp2040/rp2040_usb.c.obj
 *fill*         0x10009606        0x2 
 .rodata.tud_task_ext
                0x10009608       0x8c source/CMakeFiles/FreeRTOS-Template.dir/Users/sbstfrnndz/.pico-sdk/sdk/2.0.0/lib/tinyusb/src/device/usbd.c.obj
 .rodata        0x10009694       0x1c source/CMakeFiles/FreeRTOS-Template.dir/Users/sbstfrnndz/.pico-sdk/sdk/2.0.0/lib/tinyusb/src/device/usbd.c.obj
 .rodata._usbd_driver
                0x100096b0       0x40 source/CMakeFiles/FreeRTOS-Template.dir/Users/sbstfrnndz/.pico-sdk/sdk/2.0.0/lib/tinyusb/src/device/usbd.c.obj
 .rodata.uxTopUsedPriority
                0x100096f0        0x4 source/CMakeFiles/FreeRTOS-Template.dir/__/FreeRTOS-Kernel/tasks.c.obj
                0x100096f0                uxTopUsedPriority
 .rodata.prvTimerTask
                0x100096f4       0x28 source/CMakeFiles/FreeRTOS-Template.dir/__/FreeRTOS-Kernel/timers.c.obj
 .rodata.xTimerCreateTimerTask.str1.4
                0x1000971c       0x10 source/CMakeFiles/FreeRTOS-Template.dir/__/FreeRTOS-Kernel/timers.c.obj
                0x1000972c                        . = ALIGN (0x4)
 *(SORT_BY_ALIGNMENT(SORT_BY_NAME(.flashdata*)))
                0x1000972c                        . = ALIGN (0x4)

.ARM.extab
 *(.ARM.extab* .gnu.linkonce.armextab.*)
                0x1000971c                        __exidx_start = .

.ARM.exidx
 *(.ARM.exidx* .gnu.linkonce.armexidx.*)
                0x1000971c                        __exidx_end = .
                0x1000972c                        . = ALIGN (0x4)
                0x1000971c                        __binary_info_start = .

.binary_info    0x1000971c       0x28
 *(.binary_info.keep.*)
 .binary_info.keep.__bi_ptr84
                0x1000971c        0x4 source/CMakeFiles/FreeRTOS-Template.dir/Users/sbstfrnndz/.pico-sdk/sdk/2.0.0/src/rp2_common/pico_standard_binary_info/standard_binary_info.c.obj
 .binary_info.keep.__bi_ptr54
                0x10009720        0x4 source/CMakeFiles/FreeRTOS-Template.dir/Users/sbstfrnndz/.pico-sdk/sdk/2.0.0/src/rp2_common/pico_standard_binary_info/standard_binary_info.c.obj
 .binary_info.keep.__bi_ptr48
                0x10009724        0x4 source/CMakeFiles/FreeRTOS-Template.dir/Users/sbstfrnndz/.pico-sdk/sdk/2.0.0/src/rp2_common/pico_standard_binary_info/standard_binary_info.c.obj
 .binary_info.keep.__bi_ptr42
                0x10009728        0x4 source/CMakeFiles/FreeRTOS-Template.dir/Users/sbstfrnndz/.pico-sdk/sdk/2.0.0/src/rp2_common/pico_standard_binary_info/standard_binary_info.c.obj
 .binary_info.keep.__bi_ptr34
                0x1000972c        0x4 source/CMakeFiles/FreeRTOS-Template.dir/Users/sbstfrnndz/.pico-sdk/sdk/2.0.0/src/rp2_common/pico_standard_binary_info/standard_binary_info.c.obj
 .binary_info.keep.__bi_ptr26
                0x10009730        0x4 source/CMakeFiles/FreeRTOS-Template.dir/Users/sbstfrnndz/.pico-sdk/sdk/2.0.0/src/rp2_common/pico_standard_binary_info/standard_binary_info.c.obj
 *(.binary_info.*)
 .binary_info.__bi_ptr50
                0x10009734        0x4 source/CMakeFiles/FreeRTOS-Template.dir/Users/sbstfrnndz/.pico-sdk/sdk/2.0.0/src/rp2_common/pico_stdio_uart/stdio_uart.c.obj
 .binary_info.__bi_ptr49
                0x10009738        0x4 source/CMakeFiles/FreeRTOS-Template.dir/Users/sbstfrnndz/.pico-sdk/sdk/2.0.0/src/rp2_common/pico_stdio_uart/stdio_uart.c.obj
 .binary_info.__bi_ptr45
                0x1000973c        0x4 source/CMakeFiles/FreeRTOS-Template.dir/Users/sbstfrnndz/.pico-sdk/sdk/2.0.0/src/rp2_common/pico_stdio_uart/stdio_uart.c.obj
 .binary_info.__bi_ptr197
                0x10009740        0x4 source/CMakeFiles/FreeRTOS-Template.dir/Users/sbstfrnndz/.pico-sdk/sdk/2.0.0/src/rp2_common/pico_stdio_usb/stdio_usb.c.obj
                0x10009744                        __binary_info_end = .

.rel.dyn        0x10009744        0x0
 .rel.iplt      0x10009744        0x0 /Users/sbstfrnndz/.pico-sdk/toolchain/13_2_Rel1/bin/../lib/gcc/arm-none-eabi/13.2.1/thumb/v6-m/nofp/crtbegin.o
                0x10009744                        . = ALIGN (0x4)

.ram_vector_table
                0x20000000       0xc0
 *(.ram_vector_table)
 .ram_vector_table
                0x20000000       0xc0 source/CMakeFiles/FreeRTOS-Template.dir/Users/sbstfrnndz/.pico-sdk/sdk/2.0.0/src/rp2_common/pico_runtime_init/runtime_init.c.obj
                0x20000000                ram_vector_table

.uninitialized_data
                0x200000c0        0x0
                0x200000c0                        . = ALIGN (0x4)
 *(.uninitialized_data*)

.data           0x200000c0      0xfc0 load address 0x10009744
                0x200000c0                        __data_start__ = .
 *(vtable)
 *(.time_critical*)
 .time_critical.mutex_try_enter
                0x200000c0       0x40 source/CMakeFiles/FreeRTOS-Template.dir/Users/sbstfrnndz/.pico-sdk/sdk/2.0.0/src/common/pico_sync/mutex.c.obj
                0x200000c0                mutex_try_enter
 .time_critical.mutex_try_enter_block_until
                0x20000100       0xa0 source/CMakeFiles/FreeRTOS-Template.dir/Users/sbstfrnndz/.pico-sdk/sdk/2.0.0/src/common/pico_sync/mutex.c.obj
                0x20000100                mutex_try_enter_block_until
 .time_critical.mutex_enter_timeout_ms
                0x200001a0       0x78 source/CMakeFiles/FreeRTOS-Template.dir/Users/sbstfrnndz/.pico-sdk/sdk/2.0.0/src/common/pico_sync/mutex.c.obj
                0x200001a0                mutex_enter_timeout_ms
 .time_critical.mutex_exit
                0x20000218       0x20 source/CMakeFiles/FreeRTOS-Template.dir/Users/sbstfrnndz/.pico-sdk/sdk/2.0.0/src/common/pico_sync/mutex.c.obj
                0x20000218                mutex_exit
 .time_critical.flash_init_boot2_copyout
                0x20000238       0x30 source/CMakeFiles/FreeRTOS-Template.dir/Users/sbstfrnndz/.pico-sdk/sdk/2.0.0/src/rp2_common/hardware_flash/flash.c.obj
 .time_critical.flash_enable_xip_via_boot2
                0x20000268        0xc source/CMakeFiles/FreeRTOS-Template.dir/Users/sbstfrnndz/.pico-sdk/sdk/2.0.0/src/rp2_common/hardware_flash/flash.c.obj
 .time_critical.flash_cs_force
                0x20000274       0x38 source/CMakeFiles/FreeRTOS-Template.dir/Users/sbstfrnndz/.pico-sdk/sdk/2.0.0/src/rp2_common/hardware_flash/flash.c.obj
 .time_critical.flash_do_cmd
                0x200002ac       0xc0 source/CMakeFiles/FreeRTOS-Template.dir/Users/sbstfrnndz/.pico-sdk/sdk/2.0.0/src/rp2_common/hardware_flash/flash.c.obj
                0x200002ac                flash_do_cmd
 .time_critical.reset_non_control_endpoints
                0x2000036c       0x68 source/CMakeFiles/FreeRTOS-Template.dir/Users/sbstfrnndz/.pico-sdk/sdk/2.0.0/lib/tinyusb/src/portable/raspberrypi/rp2040/dcd_rp2040.c.obj
 .time_critical.hw_handle_buff_status
                0x200003d4       0xb0 source/CMakeFiles/FreeRTOS-Template.dir/Users/sbstfrnndz/.pico-sdk/sdk/2.0.0/lib/tinyusb/src/portable/raspberrypi/rp2040/dcd_rp2040.c.obj
 .time_critical.dcd_rp2040_irq
                0x20000484      0x578 source/CMakeFiles/FreeRTOS-Template.dir/Users/sbstfrnndz/.pico-sdk/sdk/2.0.0/lib/tinyusb/src/portable/raspberrypi/rp2040/dcd_rp2040.c.obj
 .time_critical.prepare_ep_buffer
                0x200009fc       0xe0 source/CMakeFiles/FreeRTOS-Template.dir/Users/sbstfrnndz/.pico-sdk/sdk/2.0.0/lib/tinyusb/src/portable/raspberrypi/rp2040/rp2040_usb.c.obj
 .time_critical.sync_ep_buffer
                0x20000adc       0xa8 source/CMakeFiles/FreeRTOS-Template.dir/Users/sbstfrnndz/.pico-sdk/sdk/2.0.0/lib/tinyusb/src/portable/raspberrypi/rp2040/rp2040_usb.c.obj
 .time_critical._hw_endpoint_xfer_sync
                0x20000b84       0x28 source/CMakeFiles/FreeRTOS-Template.dir/Users/sbstfrnndz/.pico-sdk/sdk/2.0.0/lib/tinyusb/src/portable/raspberrypi/rp2040/rp2040_usb.c.obj
 .time_critical.e15_is_bulkin_ep
                0x20000bac       0x28 source/CMakeFiles/FreeRTOS-Template.dir/Users/sbstfrnndz/.pico-sdk/sdk/2.0.0/lib/tinyusb/src/portable/raspberrypi/rp2040/rp2040_usb.c.obj
 .time_critical.e15_is_critical_frame_period
                0x20000bd4       0x34 source/CMakeFiles/FreeRTOS-Template.dir/Users/sbstfrnndz/.pico-sdk/sdk/2.0.0/lib/tinyusb/src/portable/raspberrypi/rp2040/rp2040_usb.c.obj
 .time_critical.hw_endpoint_reset_transfer
                0x20000c08        0xc source/CMakeFiles/FreeRTOS-Template.dir/Users/sbstfrnndz/.pico-sdk/sdk/2.0.0/lib/tinyusb/src/portable/raspberrypi/rp2040/rp2040_usb.c.obj
                0x20000c08                hw_endpoint_reset_transfer
 .time_critical._hw_endpoint_buffer_control_update32
                0x20000c14       0x50 source/CMakeFiles/FreeRTOS-Template.dir/Users/sbstfrnndz/.pico-sdk/sdk/2.0.0/lib/tinyusb/src/portable/raspberrypi/rp2040/rp2040_usb.c.obj
                0x20000c14                _hw_endpoint_buffer_control_update32
 .time_critical.hw_endpoint_start_next_buffer
                0x20000c64       0x6c source/CMakeFiles/FreeRTOS-Template.dir/Users/sbstfrnndz/.pico-sdk/sdk/2.0.0/lib/tinyusb/src/portable/raspberrypi/rp2040/rp2040_usb.c.obj
                0x20000c64                hw_endpoint_start_next_buffer
 .time_critical.hw_endpoint_xfer_continue
                0x20000cd0       0x40 source/CMakeFiles/FreeRTOS-Template.dir/Users/sbstfrnndz/.pico-sdk/sdk/2.0.0/lib/tinyusb/src/portable/raspberrypi/rp2040/rp2040_usb.c.obj
                0x20000cd0                hw_endpoint_xfer_continue
 .time_critical.tinyusb
                0x20000d10      0x1e4 source/CMakeFiles/FreeRTOS-Template.dir/Users/sbstfrnndz/.pico-sdk/sdk/2.0.0/lib/tinyusb/src/device/usbd.c.obj
                0x20000d10                dcd_event_handler
 *(.text*)
 .text          0x20000ef4        0x4 /Users/sbstfrnndz/.pico-sdk/toolchain/13_2_Rel1/bin/../lib/gcc/arm-none-eabi/13.2.1/thumb/v6-m/nofp/libgcc.a(_dvmd_tls.o)
                0x20000ef4                __aeabi_ldiv0
                0x20000ef4                __aeabi_idiv0
 .text.__stub   0x20000ef8       0xa0 linker stubs
                0x20000f98                        . = ALIGN (0x4)
 *(.rodata*)
                0x20000f98                        . = ALIGN (0x4)
 *(.data*)
 .data.striped_spin_lock_num
                0x20000f98        0x1 source/CMakeFiles/FreeRTOS-Template.dir/Users/sbstfrnndz/.pico-sdk/sdk/2.0.0/src/rp2_common/hardware_sync/sync.c.obj
 *fill*         0x20000f99        0x3 
 .data          0x20000f9c       0x48 source/CMakeFiles/FreeRTOS-Template.dir/Users/sbstfrnndz/.pico-sdk/sdk/2.0.0/src/rp2_common/hardware_irq/irq_handler_chain.S.obj
                0x20000f9c                irq_handler_chain_slots
                0x20000fcc                irq_handler_chain_first_slot
                0x20000fd6                irq_handler_chain_remove_tail
 .data.default_alarm_pool
                0x20000fe4       0x18 source/CMakeFiles/FreeRTOS-Template.dir/Users/sbstfrnndz/.pico-sdk/sdk/2.0.0/src/common/pico_time/time.c.obj
 *fill*         0x20000ffc        0x4 
 .data.aeabi_bits_funcs
                0x20001000       0x10 source/CMakeFiles/FreeRTOS-Template.dir/Users/sbstfrnndz/.pico-sdk/sdk/2.0.0/src/rp2_common/pico_bit_ops/bit_ops_aeabi.S.obj
                0x20001000                aeabi_bits_funcs
                0x20001010                aeabi_bits_funcs_end
 .data.aeabi_mem_funcs